E/Auth    ( 3954): 	at eds.a(:com.google.android.gms:297)
E/Auth    ( 3954): 	at flg.a(:com.google.android.gms:1189)
E/Auth    ( 3954): 	at flf.a(:com.google.android.gms:480)
E/Auth    ( 3954): 	at flf.a(:com.google.android.gms:185)
E/Auth    ( 3954): 	at eaa.a(:com.google.android.gms:370)
E/Auth    ( 3954): 	at eaa.a(:com.google.android.gms:225)
E/Auth    ( 3954): 	at eai.a(:com.google.android.gms:1438)
E/Auth    ( 3954): 	at eah.a(:com.google.android.gms:752)
E/Auth    ( 3954): 	at eah.e(:com.google.android.gms:463)
E/Auth    ( 3954): 	at eag.a(:com.google.android.gms:36)
E/Auth    ( 3954): 	at ecb.getAuthToken(:com.google.android.gms:195)
E/Auth    ( 3954): 	at android.accounts.AbstractAccountAuthenticator$Transport.getAuthToken(AbstractAccountAuthenticator.java:196)
E/Auth    ( 3954): 	at android.accounts.IAccountAuthenticator$Stub.onTransact(IAccountAuthenticator.java:113)
E/Auth    ( 3954): 	at android.os.Binder.transact(Binder.java:380)
E/Auth    ( 3954): 	at byl.onTransact(:com.google.android.gms:35)
E/Auth    ( 3954): 	at android.os.Binder.execTransact(Binder.java:446)
E/Auth    ( 3954): Caused by: java.net.SocketTimeoutException: failed to connect to android.clients.google.com/74.125.204.101 (port 443) after 30000ms
E/Auth    ( 3954): 	at libcore.io.IoBridge.connectErrno(IoBridge.java:169)
E/Auth    ( 3954): 	at libcore.io.IoBridge.connect(IoBridge.java:122)
E/Auth    ( 3954): 	at java.net.PlainSocketImpl.connect(PlainSocketImpl.java:183)
E/Auth    ( 3954): 	at java.net.PlainSocketImpl.connect(PlainSocketImpl.java:456)
E/Auth    ( 3954): 	at java.net.Socket.connect(Socket.java:882)
E/Auth    ( 3954): 	at com.android.okhttp.internal.Platform.connectSocket(Platform.java:174)
E/Auth    ( 3954): 	at com.android.okhttp.Connection.connect(Connection.java:152)
E/Auth    ( 3954): 	at com.android.okhttp.internal.http.HttpEngine.connect(HttpEngine.java:276)
E/Auth    ( 3954): 	at com.android.okhttp.internal.http.HttpEngine.sendRequest(HttpEngine.java:211)
E/Auth    ( 3954): 	at com.android.okhttp.internal.http.HttpURLConnectionImpl.execute(HttpURLConnectionImpl.java:382)
E/Auth    ( 3954): 	at com.android.okhttp.internal.http.HttpURLConnectionImpl.connect(HttpURLConnectionImpl.java:106)
E/Auth    ( 3954): 	at com.android.okhttp.internal.http.HttpURLConnectionImpl.getOutputStream(HttpURLConnectionImpl.java:217)
E/Auth    ( 3954): 	at com.android.okhttp.internal.http.DelegatingHttpsURLConnection.getOutputStream(DelegatingHttpsURLConnection.java:218)
E/Auth    ( 3954): 	at com.android.okhttp.internal.http.HttpsURLConnectionImpl.getOutputStream(HttpsURLConnectionImpl.java:25)
E/Auth    ( 3954): 	at sjs.a(:com.google.android.gms:949)
E/Auth    ( 3954): 	at sjs.a(:com.google.android.gms:767)
E/Auth    ( 3954): 	at fqt.a(:com.google.android.gms:2666)
E/Auth    ( 3954): 	at fqt.a(:com.google.android.gms:120)
E/Auth    ( 3954): 	at efm.b(:com.google.android.gms:27242)
E/Auth    ( 3954): 	... 19 more
W/Auth    ( 3954): [GetToken] GetToken failed with status code: NetworkError
W/GLSActivity( 3954): java.io.IOException: NetworkError
W/GLSActivity( 3954): 	at eai.a(:com.google.android.gms:1457)
W/GLSActivity( 3954): 	at eah.a(:com.google.android.gms:752)
W/GLSActivity( 3954): 	at eah.e(:com.google.android.gms:463)
W/GLSActivity( 3954): 	at eag.a(:com.google.android.gms:36)
W/GLSActivity( 3954): 	at ecb.getAuthToken(:com.google.android.gms:195)
W/GLSActivity( 3954): 	at android.accounts.AbstractAccountAuthenticator$Transport.getAuthToken(AbstractAccountAuthenticator.java:196)
W/GLSActivity( 3954): 	at android.accounts.IAccountAuthenticator$Stub.onTransact(IAccountAuthenticator.java:113)
W/GLSActivity( 3954): 	at android.os.Binder.transact(Binder.java:380)
W/GLSActivity( 3954): 	at byl.onTransact(:com.google.android.gms:35)
W/GLSActivity( 3954): 	at android.os.Binder.execTransact(Binder.java:446)
E/PlayEventLogger( 9376): Failed to get auth token: NetworkError
E/PlayEventLogger( 9376): java.io.IOException: NetworkError
E/PlayEventLogger( 9376): 	at android.accounts.AccountManager.convertErrorToException(AccountManager.java:2009)
E/PlayEventLogger( 9376): 	at android.accounts.AccountManager.access$400(AccountManager.java:144)
E/PlayEventLogger( 9376): 	at android.accounts.AccountManager$AmsTask$Response.onError(AccountManager.java:1867)
E/PlayEventLogger( 9376): 	at android.accounts.IAccountManagerResponse$Stub.onTransact(IAccountManagerResponse.java:69)
E/PlayEventLogger( 9376): 	at android.os.Binder.execTransact(Binder.java:446)
W/PlayEventLogger( 9376): deferring log upload because couldn't retrieve auth token
W/SuggestionOnlyFetcher( 4481): Error getting suggestions.
W/SuggestionOnlyFetcher( 4481): com.google.android.apps.gsa.shared.exception.GsaIOException: Error code: 655371
W/SuggestionOnlyFetcher( 4481): 	at com.google.android.apps.gsa.search.core.q.ax.b(SourceFile:27)
W/SuggestionOnlyFetcher( 4481): 	at com.google.android.apps.gsa.search.core.q.ax.gi(SourceFile:22)
W/SuggestionOnlyFetcher( 4481): 	at com.google.android.apps.gsa.search.core.q.be.run(SourceFile:18)
W/SuggestionOnlyFetcher( 4481): 	at java.util.concurrent.Executors$RunnableAdapter.call(Executors.java:422)
W/SuggestionOnlyFetcher( 4481): 	at java.util.concurrent.FutureTask.run(FutureTask.java:237)
W/SuggestionOnlyFetcher( 4481): 	at com.google.android.apps.gsa.shared.util.concurrent.a.ax.run(SourceFile:14)
W/SuggestionOnlyFetcher( 4481): 	at com.google.android.apps.gsa.shared.util.concurrent.a.bl.run(SourceFile:4)
W/SuggestionOnlyFetcher( 4481): 	at com.google.android.apps.gsa.shared.util.concurrent.a.bl.run(SourceFile:4)
W/SuggestionOnlyFetcher( 4481): 	at java.util.concurrent.ThreadPoolExecutor.runWorker(ThreadPoolExecutor.java:1112)
W/SuggestionOnlyFetcher( 4481): 	at java.util.concurrent.ThreadPoolExecutor$Worker.run(ThreadPoolExecutor.java:587)
W/SuggestionOnlyFetcher( 4481): 	at java.lang.Thread.run(Thread.java:818)
W/SuggestionOnlyFetcher( 4481): 	at com.google.android.apps.gsa.shared.util.concurrent.a.ai.run(SourceFile:6)
D/HeadsetStateMachine( 4529): Disconnected process message: 10, size: 0
E/StatusCheckThread( 5110): java.net.SocketTimeoutException: failed to connect to /118.189.75.47 (port 80) after 3000ms
E/StatusCheckThread( 5110): 	at libcore.io.IoBridge.connectErrno(IoBridge.java:169)
E/StatusCheckThread( 5110): 	at libcore.io.IoBridge.connect(IoBridge.java:122)
E/StatusCheckThread( 5110): 	at java.net.PlainSocketImpl.connect(PlainSocketImpl.java:183)
E/StatusCheckThread( 5110): 	at java.net.PlainSocketImpl.connect(PlainSocketImpl.java:456)
E/StatusCheckThread( 5110): 	at java.net.Socket.connect(Socket.java:882)
E/StatusCheckThread( 5110): 	at com.android.okhttp.internal.Platform.connectSocket(Platform.java:174)
E/StatusCheckThread( 5110): 	at com.android.okhttp.Connection.connect(Connection.java:152)
E/StatusCheckThread( 5110): 	at com.android.okhttp.internal.http.HttpEngine.connect(HttpEngine.java:276)
E/StatusCheckThread( 5110): 	at com.android.okhttp.internal.http.HttpEngine.sendRequest(HttpEngine.java:211)
E/StatusCheckThread( 5110): 	at com.android.okhttp.internal.http.HttpURLConnectionImpl.execute(HttpURLConnectionImpl.java:382)
E/StatusCheckThread( 5110): 	at com.android.okhttp.internal.http.HttpURLConnectionImpl.getResponse(HttpURLConnectionImpl.java:332)
E/StatusCheckThread( 5110): 	at com.android.okhttp.internal.http.HttpURLConnectionImpl.getResponseCode(HttpURLConnectionImpl.java:500)
E/StatusCheckThread( 5110): 	at com.mewozz.rfid.controller.StatusCheckThread$2.onFinish(StatusCheckThread.java:72)
E/StatusCheckThread( 5110): 	at android.os.CountDownTimer$1.handleMessage(CountDownTimer.java:127)
E/StatusCheckThread( 5110): 	at android.os.Handler.dispatchMessage(Handler.java:102)
E/StatusCheckThread( 5110): 	at android.os.Looper.loop(Looper.java:135)
E/StatusCheckThread( 5110): 	at com.mewozz.rfid.controller.StatusCheckThread.run(StatusCheckThread.java:101)
W/GDataClient(22899): Unable to execute HTTP request.org.apache.http.conn.ConnectTimeoutException: Connect to /64.233.189.113:443 timed out
D/ContactsSyncAdapter(22899): IO error, ignoring rest of feed
D/ContactsSyncAdapter(22899): org.apache.http.conn.ConnectTimeoutException: Connect to /64.233.189.113:443 timed out
D/ContactsSyncAdapter(22899): 	at org.apache.http.conn.scheme.PlainSocketFactory.connectSocket(PlainSocketFactory.java:126)
D/ContactsSyncAdapter(22899): 	at org.apache.http.impl.conn.DefaultClientConnectionOperator.openConnection(DefaultClientConnectionOperator.java:149)
D/ContactsSyncAdapter(22899): 	at org.apache.http.impl.conn.AbstractPoolEntry.open(AbstractPoolEntry.java:169)
D/ContactsSyncAdapter(22899): 	at org.apache.http.impl.conn.AbstractPooledConnAdapter.open(AbstractPooledConnAdapter.java:124)
D/ContactsSyncAdapter(22899): 	at org.apache.http.impl.client.DefaultRequestDirector.execute(DefaultRequestDirector.java:365)
D/ContactsSyncAdapter(22899): 	at org.apache.http.impl.client.AbstractHttpClient.execute(AbstractHttpClient.java:560)
D/ContactsSyncAdapter(22899): 	at org.apache.http.impl.client.AbstractHttpClient.execute(AbstractHttpClient.java:492)
D/ContactsSyncAdapter(22899): 	at android.net.http.AndroidHttpClient.execute(AndroidHttpClient.java:333)
D/ContactsSyncAdapter(22899): 	at com.google.android.common.http.GoogleHttpClient.executeWithoutRewriting(GoogleHttpClient.java:332)
D/ContactsSyncAdapter(22899): 	at com.google.android.common.http.GoogleHttpClient.execute(GoogleHttpClient.java:393)
D/ContactsSyncAdapter(22899): 	at com.google.android.common.http.GoogleHttpClient.execute(GoogleHttpClient.java:447)
D/ContactsSyncAdapter(22899): 	at com.google.android.common.gdata2.AndroidGDataClient.createAndExecuteMethod(AndroidGDataClient.java:281)
D/ContactsSyncAdapter(22899): 	at com.google.android.syncadapters.HttpsOnlyAndroidGDataClient.createAndExecuteMethod(HttpsOnlyAndroidGDataClient.java:32)
D/ContactsSyncAdapter(22899): 	at com.google.android.common.gdata2.AndroidGDataClient.getFeedAsStream(AndroidGDataClient.java:415)
D/ContactsSyncAdapter(22899): 	at com.google.wireless.gdata2.client.GDataServiceClient.getParserForFeed(GDataServiceClient.java:108)
D/ContactsSyncAdapter(22899): 	at com.google.android.syncadapters.contacts.GDataFeedFetcher.fetchFeed(GDataFeedFetcher.java:185)
D/ContactsSyncAdapter(22899): 	at com.google.android.syncadapters.contacts.GDataFeedFetcher.run(GDataFeedFetcher.java:100)
D/ContactsSyncAdapter(22899): 	at com.google.android.syncadapters.contacts.ContactsSyncAdapter$ContactsGDataFeedFetcher.run(ContactsSyncAdapter.java:1413)
D/ContactsSyncAdapter(22899): 	at java.lang.Thread.run(Thread.java:818)
D/ContactsSyncAdapter(22899): getServerDiffs failed due to an IOException
D/ContactsSyncAdapter(22899): FAILURE: processed 0 records in 360719 ms from feed https://www.google.com/m8/feeds/groups/jjzzzmd@gmail.com/base2_property-android, updated time is 2017-05-27T16:35:34.240Z
D/ContactsSyncAdapter(22899): getServerDiffs failed - no connection
D/SyncManager(  877): failed sync operation jjzzzmd@gmail.com u0 (com.google), com.android.contacts, PERIODIC, currentRunTime 316239519, reason: Periodic, SyncResult: stats [ numIoExceptions: 2]
I/art     ( 3443): Background sticky concurrent mark sweep GC freed 526(425KB) AllocSpace objects, 32(512KB) LOS objects, 39% free, 1621KB/2MB, paused 5.862ms total 16.073ms
D/HeadsetStateMachine( 4529): Disconnected process message: 10, size: 0
I/UsageStatsService(  877): User[0] Flushing usage stats to disk
E/bt-btif ( 4529): bte_scan_filt_param_cfg_evt, 1
E/bt-btif ( 4529): bte_scan_filt_param_cfg_evt, 1
W/bt-btif ( 4529): bta_dm_check_av:0
V/BluetoothDiscoveryReceiver( 4761): Received: android.bluetooth.adapter.action.DISCOVERY_STARTED
E/bt-btif ( 4529): bte_scan_filt_param_cfg_evt, 1
V/BluetoothDiscoveryReceiver( 4761): Received: android.bluetooth.adapter.action.DISCOVERY_FINISHED
D/BluetoothManagerService(  877): checkIfCallerIsForegroundUser: valid=true callingUser=0 parentUser=-10000 foregroundUser=0
D/BluetoothManagerService(  877): checkIfCallerIsForegroundUser: valid=true callingUser=0 parentUser=-10000 foregroundUser=0
D/AndroidRuntime(14872): >>>>>> START com.android.internal.os.RuntimeInit uid 2000 <<<<<<
D/AndroidRuntime(14872): CheckJNI is OFF
E/memtrack(14872): Couldn't load memtrack module (No such file or directory)
E/android.os.Debug(14872): failed to load memtrack module: -2
D/AndroidRuntime(14872): Calling main entry com.android.commands.pm.Pm
I/art     (14872): System.exit called, status: 0
I/AndroidRuntime(14872): VM exiting with result code 0.
D/AndroidRuntime(14896): >>>>>> START com.android.internal.os.RuntimeInit uid 2000 <<<<<<
D/AndroidRuntime(14896): CheckJNI is OFF
E/memtrack(14896): Couldn't load memtrack module (No such file or directory)
E/android.os.Debug(14896): failed to load memtrack module: -2
D/AndroidRuntime(14896): Calling main entry com.android.commands.pm.Pm
I/art     (14896): System.exit called, status: 0
I/AndroidRuntime(14896): VM exiting with result code 0.
D/HeadsetStateMachine( 4529): Disconnected process message: 10, size: 0
I/ActivityManager(  877): START u0 {act=android.intent.action.MAIN cat=[android.intent.category.HOME] flg=0x10200000 cmp=com.cyanogenmod.trebuchet/com.android.launcher3.Launcher} from uid 1000 on display 0
D/AndroidRuntime(14940): >>>>>> START com.android.internal.os.RuntimeInit uid 2000 <<<<<<
D/AndroidRuntime(14940): CheckJNI is OFF
E/memtrack(14940): Couldn't load memtrack module (No such file or directory)
E/android.os.Debug(14940): failed to load memtrack module: -2
D/AndroidRuntime(14940): Calling main entry com.android.commands.pm.Pm
I/art     (14940): System.exit called, status: 0
I/AndroidRuntime(14940): VM exiting with result code 0.
D/AndroidRuntime(14957): >>>>>> START com.android.internal.os.RuntimeInit uid 2000 <<<<<<
D/AndroidRuntime(14957): CheckJNI is OFF
E/memtrack(14957): Couldn't load memtrack module (No such file or directory)
E/android.os.Debug(14957): failed to load memtrack module: -2
D/AndroidRuntime(14957): Calling main entry com.android.commands.pm.Pm
I/installd(  228): free_cache(26653) avail 1641480192
I/art     (14957): System.exit called, status: 0
I/AndroidRuntime(14957): VM exiting with result code 0.
D/AndroidRuntime(14978): >>>>>> START com.android.internal.os.RuntimeInit uid 2000 <<<<<<
D/AndroidRuntime(14978): CheckJNI is OFF
E/memtrack(14978): Couldn't load memtrack module (No such file or directory)
E/android.os.Debug(14978): failed to load memtrack module: -2
D/AndroidRuntime(14978): Calling main entry com.android.commands.pm.Pm
I/installd(  228): free_cache(23124) avail 1641459712
I/art     (14978): System.exit called, status: 0
I/AndroidRuntime(14978): VM exiting with result code 0.
D/AndroidRuntime(14997): >>>>>> START com.android.internal.os.RuntimeInit uid 2000 <<<<<<
D/AndroidRuntime(14997): CheckJNI is OFF
E/memtrack(14997): Couldn't load memtrack module (No such file or directory)
E/android.os.Debug(14997): failed to load memtrack module: -2
D/AndroidRuntime(14997): Calling main entry com.android.commands.pm.Pm
I/installd(  228): free_cache(51943) avail 1641435136
I/art     (14997): System.exit called, status: 0
I/AndroidRuntime(14997): VM exiting with result code 0.
D/AndroidRuntime(15012): >>>>>> START com.android.internal.os.RuntimeInit uid 2000 <<<<<<
D/AndroidRuntime(15012): CheckJNI is OFF
E/memtrack(15012): Couldn't load memtrack module (No such file or directory)
E/android.os.Debug(15012): failed to load memtrack module: -2
D/AndroidRuntime(15012): Calling main entry com.android.commands.pm.Pm
I/installd(  228): free_cache(6703707) avail 1641381888
I/art     (15012): System.exit called, status: 0
I/AndroidRuntime(15012): VM exiting with result code 0.
D/AndroidRuntime(15036): >>>>>> START com.android.internal.os.RuntimeInit uid 2000 <<<<<<
D/AndroidRuntime(15036): CheckJNI is OFF
E/memtrack(15036): Couldn't load memtrack module (No such file or directory)
E/android.os.Debug(15036): failed to load memtrack module: -2
D/AndroidRuntime(15036): Calling main entry com.android.commands.pm.Pm
I/installd(  228): free_cache(3382448) avail 1634676736
I/art     (15036): System.exit called, status: 0
I/AndroidRuntime(15036): VM exiting with result code 0.
D/AndroidRuntime(15061): >>>>>> START com.android.internal.os.RuntimeInit uid 2000 <<<<<<
D/AndroidRuntime(15061): CheckJNI is OFF
E/memtrack(15061): Couldn't load memtrack module (No such file or directory)
E/android.os.Debug(15061): failed to load memtrack module: -2
D/AndroidRuntime(15061): Calling main entry com.android.commands.pm.Pm
I/installd(  228): free_cache(34854) avail 1631293440
I/art     (15061): System.exit called, status: 0
I/AndroidRuntime(15061): VM exiting with result code 0.
D/AndroidRuntime(15078): >>>>>> START com.android.internal.os.RuntimeInit uid 2000 <<<<<<
D/AndroidRuntime(15078): CheckJNI is OFF
E/memtrack(15078): Couldn't load memtrack module (No such file or directory)
E/android.os.Debug(15078): failed to load memtrack module: -2
D/AndroidRuntime(15078): Calling main entry com.android.commands.pm.Pm
I/installd(  228): free_cache(45730) avail 1631256576
I/art     (15078): System.exit called, status: 0
I/AndroidRuntime(15078): VM exiting with result code 0.
D/AndroidRuntime(15093): >>>>>> START com.android.internal.os.RuntimeInit uid 2000 <<<<<<
D/AndroidRuntime(15093): CheckJNI is OFF
E/memtrack(15093): Couldn't load memtrack module (No such file or directory)
E/android.os.Debug(15093): failed to load memtrack module: -2
D/AndroidRuntime(15093): Calling main entry com.android.commands.pm.Pm
I/installd(  228): free_cache(22059) avail 1631207424
I/art     (15093): System.exit called, status: 0
I/AndroidRuntime(15093): VM exiting with result code 0.
D/AndroidRuntime(15108): >>>>>> START com.android.internal.os.RuntimeInit uid 2000 <<<<<<
D/AndroidRuntime(15108): CheckJNI is OFF
E/memtrack(15108): Couldn't load memtrack module (No such file or directory)
E/android.os.Debug(15108): failed to load memtrack module: -2
D/AndroidRuntime(15108): Calling main entry com.android.commands.pm.Pm
I/installd(  228): free_cache(63629) avail 1631182848
I/art     (15108): System.exit called, status: 0
I/AndroidRuntime(15108): VM exiting with result code 0.
D/AndroidRuntime(15128): >>>>>> START com.android.internal.os.RuntimeInit uid 2000 <<<<<<
D/AndroidRuntime(15128): CheckJNI is OFF
E/memtrack(15128): Couldn't load memtrack module (No such file or directory)
E/android.os.Debug(15128): failed to load memtrack module: -2
D/AndroidRuntime(15128): Calling main entry com.android.commands.pm.Pm
I/installd(  228): free_cache(4257) avail 1631117312
I/art     (15128): System.exit called, status: 0
I/AndroidRuntime(15128): VM exiting with result code 0.
D/AndroidRuntime(15146): >>>>>> START com.android.internal.os.RuntimeInit uid 2000 <<<<<<
D/AndroidRuntime(15146): CheckJNI is OFF
E/memtrack(15146): Couldn't load memtrack module (No such file or directory)
E/android.os.Debug(15146): failed to load memtrack module: -2
D/AndroidRuntime(15146): Calling main entry com.android.commands.pm.Pm
I/installd(  228): free_cache(41638) avail 1631109120
I/art     (15146): System.exit called, status: 0
I/AndroidRuntime(15146): VM exiting with result code 0.
D/AndroidRuntime(15161): >>>>>> START com.android.internal.os.RuntimeInit uid 2000 <<<<<<
D/AndroidRuntime(15161): CheckJNI is OFF
E/memtrack(15161): Couldn't load memtrack module (No such file or directory)
E/android.os.Debug(15161): failed to load memtrack module: -2
D/AndroidRuntime(15161): Calling main entry com.android.commands.pm.Pm
I/installd(  228): free_cache(77245) avail 1631064064
I/art     (15161): System.exit called, status: 0
I/AndroidRuntime(15161): VM exiting with result code 0.
D/AndroidRuntime(15176): >>>>>> START com.android.internal.os.RuntimeInit uid 2000 <<<<<<
D/AndroidRuntime(15176): CheckJNI is OFF
E/memtrack(15176): Couldn't load memtrack module (No such file or directory)
E/android.os.Debug(15176): failed to load memtrack module: -2
D/AndroidRuntime(15176): Calling main entry com.android.commands.pm.Pm
I/ActivityManager(  877): Start proc 15195:com.android.defcontainer/u0a7 for service com.android.defcontainer/.DefaultContainerService
I/Finsky  ( 1543): [1] com.google.android.finsky.verifier.impl.PackageVerificationReceiver.onReceive(12): Verification requested, id = 27
I/Finsky  ( 1543): [1471] com.google.android.finsky.services.ForegroundCoordinator.a(11): Task 7 requested foreground
I/Finsky  ( 1543): [1471] com.google.android.finsky.services.ForegroundCoordinator.a(34): Not entering foreground
E/StatusCheckThread( 5110): java.net.SocketTimeoutException: failed to connect to /118.189.75.47 (port 80) after 3000ms
E/StatusCheckThread( 5110): 	at libcore.io.IoBridge.connectErrno(IoBridge.java:169)
E/StatusCheckThread( 5110): 	at libcore.io.IoBridge.connect(IoBridge.java:122)
E/StatusCheckThread( 5110): 	at java.net.PlainSocketImpl.connect(PlainSocketImpl.java:183)
E/StatusCheckThread( 5110): 	at java.net.PlainSocketImpl.connect(PlainSocketImpl.java:456)
E/StatusCheckThread( 5110): 	at java.net.Socket.connect(Socket.java:882)
E/StatusCheckThread( 5110): 	at com.android.okhttp.internal.Platform.connectSocket(Platform.java:174)
E/StatusCheckThread( 5110): 	at com.android.okhttp.Connection.connect(Connection.java:152)
E/StatusCheckThread( 5110): 	at com.android.okhttp.internal.http.HttpEngine.connect(HttpEngine.java:276)
E/StatusCheckThread( 5110): 	at com.android.okhttp.internal.http.HttpEngine.sendRequest(HttpEngine.java:211)
E/StatusCheckThread( 5110): 	at com.android.okhttp.internal.http.HttpURLConnectionImpl.execute(HttpURLConnectionImpl.java:382)
E/StatusCheckThread( 5110): 	at com.android.okhttp.internal.http.HttpURLConnectionImpl.getResponse(HttpURLConnectionImpl.java:332)
E/StatusCheckThread( 5110): 	at com.android.okhttp.internal.http.HttpURLConnectionImpl.getResponseCode(HttpURLConnectionImpl.java:500)
E/StatusCheckThread( 5110): 	at com.mewozz.rfid.controller.StatusCheckThread$2.onFinish(StatusCheckThread.java:72)
E/StatusCheckThread( 5110): 	at android.os.CountDownTimer$1.handleMessage(CountDownTimer.java:127)
E/StatusCheckThread( 5110): 	at android.os.Handler.dispatchMessage(Handler.java:102)
E/StatusCheckThread( 5110): 	at android.os.Looper.loop(Looper.java:135)
E/StatusCheckThread( 5110): 	at com.mewozz.rfid.controller.StatusCheckThread.run(StatusCheckThread.java:101)
I/PackageManager(  877): Verification timed out for file:///data/app/vmdl2073249283.tmp
I/PackageManager(  877): Continuing with installation of file:///data/app/vmdl2073249283.tmp
D/PackageManager(  877): /data/app/vmdl2073249283.tmp already staged; skipping copy
I/Finsky  ( 1543): [1] com.google.android.finsky.verifier.impl.br.c(103): Verification complete: id=27, package_name=com.mewozz.rfid
I/ActivityManager(  877): Killing 3524:org.cyanogenmod.themes.provider/u0a19 (adj 15): empty for 2568s
D/PackageManager(  877): Renaming /data/app/vmdl2073249283.tmp to /data/app/com.mewozz.rfid-1
I/ActivityManager(  877): Force stopping com.mewozz.rfid appid=10103 user=-1: uninstall pkg
I/ActivityManager(  877): Killing 5110:com.mewozz.rfid/u0a103 (adj 9): stop com.mewozz.rfid
I/WindowState(  877): WIN DEATH: Window{34c712af u0 com.mewozz.rfid/com.mewozz.rfid.activity.MainActivity}
I/ActivityManager(  877):   Force finishing activity 3 ActivityRecord{53f0829 u0 com.mewozz.rfid/.activity.MainActivity t1532}
W/ActivityManager(  877): Spurious death for ProcessRecord{3b22491c 0:com.mewozz.rfid/u0a103}, curProc for 5110: null
I/PackageManager(  877): Package com.mewozz.rfid codePath changed from /data/app/com.mewozz.rfid-3 to /data/app/com.mewozz.rfid-1; Retaining data and using new
I/PackageManager(  877): Running dexopt on: /data/app/com.mewozz.rfid-1/base.apk pkg=com.mewozz.rfid isa=arm vmSafeMode=false
I/dex2oat (15279): /system/bin/dex2oat --zip-fd=11 --zip-location=/data/app/com.mewozz.rfid-1/base.apk --oat-fd=12 --oat-location=/data/dalvik-cache/arm/data@app@com.mewozz.rfid-1@base.apk@classes.dex --instruction-set=arm --instruction-set-features=div --runtime-arg -Xms64m --runtime-arg -Xmx512m --swap-fd=13
I/dex2oat (15279): Decided to run without swap.
I/dex2oat (15279): dex2oat took 109.490ms (threads: 4) arena alloc=106KB java alloc=43KB native alloc=1369KB free=6MB
I/ActivityManager(  877): Force stopping com.mewozz.rfid appid=10103 user=-1: update pkg
W/PackageManager(  877): Code path for pkg : com.mewozz.rfid changing from /data/app/com.mewozz.rfid-3 to /data/app/com.mewozz.rfid-1
W/PackageManager(  877): Resource path for pkg : com.mewozz.rfid changing from /data/app/com.mewozz.rfid-3 to /data/app/com.mewozz.rfid-1
W/PackageManager(  877): Not granting permission android.permission.BLUETOOTH_PRIVILEGED to package com.mewozz.rfid (protectionLevel=18 flags=0x48be46)
I/ActivityManager(  877): Force stopping com.mewozz.rfid appid=10103 user=0: pkg removed
I/art     ( 3488): Explicit concurrent mark sweep GC freed 23022(1348KB) AllocSpace objects, 1(110KB) LOS objects, 40% free, 14MB/24MB, paused 3.304ms total 53.427ms
I/art     ( 1543): Explicit concurrent mark sweep GC freed 1110(57KB) AllocSpace objects, 0(0B) LOS objects, 24% free, 3MB/4MB, paused 808us total 89.536ms
I/art     ( 9376): Explicit concurrent mark sweep GC freed 485(31KB) AllocSpace objects, 0(0B) LOS objects, 25% free, 10MB/14MB, paused 753us total 95.444ms
W/art     (  877): Long monitor contention event with owner method=int com.android.server.am.ActivityManagerService.broadcastIntent(android.app.IApplicationThread, android.content.Intent, java.lang.String, android.content.IIntentReceiver, int, java.lang.String, android.os.Bundle, java.lang.String, int, boolean, boolean, int) from ActivityManagerService.java:16622 waiters=0 for 187ms
I/InputReader(  877): Reconfiguring input devices.  changes=0x00000020
W/Settings( 7635): Setting auto_time has moved from android.provider.Settings.System to android.provider.Settings.Global, returning read-only value.
I/art     ( 8664): Explicit concurrent mark sweep GC freed 25498(1503KB) AllocSpace objects, 8(188KB) LOS objects, 39% free, 16MB/27MB, paused 3.909ms total 89.386ms
W/Launcher( 3488): setApplicationContext called twice! old=com.android.launcher3.LauncherApplication@f5da7a7 new=com.android.launcher3.LauncherApplication@f5da7a7
I/art     ( 2781): Explicit concurrent mark sweep GC freed 122445(5MB) AllocSpace objects, 1(1296KB) LOS objects, 34% free, 30MB/46MB, paused 3.165ms total 128.921ms
I/ActivityManager(  877): Start proc 15301:com.android.gallery3d/u0a39 for broadcast com.android.gallery3d/.app.PackagesMonitor
I/art     (  235): Explicit concurrent mark sweep GC freed 706(30KB) AllocSpace objects, 0(0B) LOS objects, 91% free, 96KB/1120KB, paused 164us total 14.162ms
I/art     (  235): Explicit concurrent mark sweep GC freed 8(256B) AllocSpace objects, 0(0B) LOS objects, 91% free, 96KB/1120KB, paused 163us total 13.595ms
W/art     (  877): Suspending all threads took: 33.492ms
I/art     (  235): Explicit concurrent mark sweep GC freed 5(160B) AllocSpace objects, 0(0B) LOS objects, 91% free, 96KB/1120KB, paused 161us total 13.904ms
I/InputReader(  877): Reconfiguring input devices.  changes=0x00000020
I/InputReader(  877): Reconfiguring input devices.  changes=0x00000020
I/art     (  877): Explicit concurrent mark sweep GC freed 140929(7MB) AllocSpace objects, 49(2MB) LOS objects, 33% free, 26MB/39MB, paused 36.908ms total 242.778ms
W/Settings( 7635): Setting auto_time has moved from android.provider.Settings.System to android.provider.Settings.Global, returning read-only value.
D/BackupManagerService(  877): Received broadcast Intent { act=android.intent.action.PACKAGE_REMOVED dat=package:com.mewozz.rfid flg=0x4000010 (has extras) }
D/JobSchedulerService(  877): Receieved: android.intent.action.PACKAGE_REMOVED
W/ResourcesManager(15301): Asset path '/system/framework/com.google.android.media.effects.jar' does not exist or contains no resources.
W/Settings(  877): Setting install_non_market_apps has moved from android.provider.Settings.Global to android.provider.Settings.Secure, returning read-only value.
D/BackupManagerService(  877): Received broadcast Intent { act=android.intent.action.PACKAGE_ADDED dat=package:com.mewozz.rfid flg=0x4000010 (has extras) }
W/BackupManagerService(  877): Removing schedule queue dupe of com.mewozz.rfid
I/art     ( 2821): Background sticky concurrent mark sweep GC freed 5715(343KB) AllocSpace objects, 0(0B) LOS objects, 19% free, 1620KB/2002KB, paused 5.376ms total 14.829ms
W/ResourcesManager( 3488): Asset path '/system/framework/com.google.android.media.effects.jar' does not exist or contains no resources.
I/ActivityManager(  877): Start proc 15322:com.android.keychain/1000 for broadcast com.android.keychain/.KeyChainBroadcastReceiver
W/ContextImpl(15322): Calling a method in the system process without a qualified user: android.app.ContextImpl.startService:1723 android.content.ContextWrapper.startService:522 android.content.ContextWrapper.startService:522 com.android.keychain.KeyChainBroadcastReceiver.onReceive:12 android.app.ActivityThread.handleReceiver:2642 
E/NetworkScheduler.SR( 3954): Invalid parameter app
E/NetworkScheduler.SR( 3954): Invalid package name : Perhaps you didn't include a PendingIntent in the extras?
I/art     (  877): Explicit concurrent mark sweep GC freed 15610(853KB) AllocSpace objects, 0(0B) LOS objects, 33% free, 26MB/39MB, paused 3.384ms total 356.385ms
D/Wear_Controller( 9376): Received broadcast action=android.intent.action.PACKAGE_REMOVED and uri=com.mewozz.rfid
W/ActivityManager(  877): getTasks: caller 10062 does not hold REAL_GET_TASKS; limiting output
E/Drive.UninstallOperation( 9376): Package still installed com.mewozz.rfid
W/art     ( 7635): Long monitor contention event with owner method=void com.igexin.push.extension.distribution.gbd.a.b.d.c() from :4294967295 waiters=0 for 432ms
I/ActivityManager(  877): Start proc 15357:org.cyanogenmod.themes.provider/u0a19 for broadcast org.cyanogenmod.themes.provider/.AppReceiver
W/PackageManager(  877): Couldn't remove dex file for package:  at location /data/app/com.mewozz.rfid-3/split_lib_dependencies_apk.apk, retcode=-1
W/PackageManager(  877): Couldn't remove dex file for package:  at location /data/app/com.mewozz.rfid-3/split_lib_slice_0_apk.apk, retcode=-1
W/PackageManager(  877): Couldn't remove dex file for package:  at location /data/app/com.mewozz.rfid-3/split_lib_slice_1_apk.apk, retcode=-1
W/PackageManager(  877): Couldn't remove dex file for package:  at location /data/app/com.mewozz.rfid-3/split_lib_slice_2_apk.apk, retcode=-1
W/PackageManager(  877): Couldn't remove dex file for package:  at location /data/app/com.mewozz.rfid-3/split_lib_slice_3_apk.apk, retcode=-1
W/PackageManager(  877): Couldn't remove dex file for package:  at location /data/app/com.mewozz.rfid-3/split_lib_slice_4_apk.apk, retcode=-1
W/PackageManager(  877): Couldn't remove dex file for package:  at location /data/app/com.mewozz.rfid-3/split_lib_slice_5_apk.apk, retcode=-1
W/PackageManager(  877): Couldn't remove dex file for package:  at location /data/app/com.mewozz.rfid-3/split_lib_slice_6_apk.apk, retcode=-1
W/PackageManager(  877): Couldn't remove dex file for package:  at location /data/app/com.mewozz.rfid-3/split_lib_slice_7_apk.apk, retcode=-1
I/ActivityManager(  877): Start proc 15378:com.google.android.partnersetup/u0a69 for broadcast com.google.android.partnersetup/.RlzPingBroadcastReceiver
W/PackageManager(  877): Couldn't remove dex file for package:  at location /data/app/com.mewozz.rfid-3/split_lib_slice_8_apk.apk, retcode=-1
W/PackageManager(  877): Couldn't remove dex file for package:  at location /data/app/com.mewozz.rfid-3/split_lib_slice_9_apk.apk, retcode=-1
I/art     (15176): System.exit called, status: 0
I/AndroidRuntime(15176): VM exiting with result code 0.
D/ThemesProvider(15357): Deleted 0
I/ActivityManager(  877): Start proc 15404:com.svox.pico/u0a52 for broadcast com.svox.pico/.VoiceDataInstallerReceiver
D/Wear_Controller( 9376): Received broadcast action=android.intent.action.PACKAGE_ADDED and uri=com.mewozz.rfid
W/ActivityManager(  877): getTasks: caller 10062 does not hold REAL_GET_TASKS; limiting output
I/Timeline( 8664): Timeline: Activity_launch_request id:com.estrongs.android.pop time:316738787
I/Finsky  ( 1543): [1] com.google.android.finsky.utils.ao.run(11): Package state data is missing for com.mewozz.rfid
I/ActivityManager(  877): START u0 {flg=0x10800000 cmp=com.estrongs.android.pop/.app.InstallMonitorActivity (has extras)} from uid 10062 on display 0
V/WindowManager(  877): addAppToken: AppWindowToken{293c6ced token=Token{6912f04 ActivityRecord{bcbdf17 u0 com.estrongs.android.pop/.app.InstallMonitorActivity t1533}}} to stack=1 task=1533 at 0
W/ActivityManager(  877): getTasks: caller 10062 does not hold REAL_GET_TASKS; limiting output
I/WearableService( 3954): Wear is not allowed to run on this device. Not starting Wear service.
D/WearableService( 3954): callingUid 10066, callindPid: 3954
E/Finsky  ( 1543): [1] com.google.android.finsky.wear.bl.a(3): onConnectionFailed: ConnectionResult{statusCode=API_UNAVAILABLE, resolution=null, message=null}
W/Finsky  ( 1543): [1] com.google.android.finsky.wear.aj.run(9): Dropping command=auto_install due to Gms not connected
D/AndroidRuntime(15424): >>>>>> START com.android.internal.os.RuntimeInit uid 2000 <<<<<<
D/AndroidRuntime(15424): CheckJNI is OFF
E/memtrack(15424): Couldn't load memtrack module (No such file or directory)
E/android.os.Debug(15424): failed to load memtrack module: -2
W/art     (  877): Long monitor contention event with owner method=void com.android.server.appwidget.AppWidgetServiceImpl$SaveStateRunnable.run() from AppWidgetServiceImpl.java:3459 waiters=0 for 570ms
I/Choreographer( 3488): Skipped 35 frames!  The application may be doing too much work on its main thread.
D/AndroidRuntime(15424): Calling main entry com.android.commands.am.Am
W/ResourceType( 8664): No package identifier when getting value for resource number 0x00000000
I/ActivityManager(  877): START u0 {act=android.intent.action.MAIN cat=[android.intent.category.LAUNCHER] flg=0x10000000 cmp=com.mewozz.rfid/.activity.MainActivity} from uid 2000 on display 0
V/WindowManager(  877): addAppToken: AppWindowToken{6053cd2 token=Token{1b1f6b5d ActivityRecord{13a06134 u0 com.mewozz.rfid/.activity.MainActivity t1534}}} to stack=1 task=1534 at 0
V/WindowManager(  877): Based on layer: Adding window Window{cf9a915 u0 Starting com.mewozz.rfid} at 6 of 10
D/AndroidRuntime(15424): Shutting down VM
I/Icing   ( 9376): Usage reports 0 indexed 0 rejected 0 imm upload false
I/Icing   ( 9376): Usage reports 0 indexed 0 rejected 0 imm upload false
I/ActivityManager(  877): Start proc 15469:com.mewozz.rfid/u0a103 for activity com.mewozz.rfid/.activity.MainActivity
I/art     (15469): Late-enabling -Xcheck:jni
W/IcingInternalCorpora( 9376): getNumBytesRead when not calculated.
V/WindowManager(  877): rotationForOrientationLw(orient=-1, last=0); user=0 USER_ROTATION_LOCKED
W/System.err( 8664): java.io.FileNotFoundException: http://www.estrongs.com/console/service/sample/index.php?source=ESF&country=us&unique_id=O/udEakYyFSW5lzhWXYpOg==&check_modify=1&modify_key=21_1447826873%7C24_1444888709%7C25_1448439534%7C28_1447923273%7C29_1444888953%7C30_1444889381%7C35_1446794822%7C46_1442558032%7C47_1438148714%7C48_1445226105%7C50_1492659202%7C51_1441621473%7C52_1443090887%7C53_1442562425%7C54_1443581547%7C55_1462794043%7C56_1442907274%7C58_1444714745%7C60_1448041589%7C61_1448041585%7C64_1446647287%7C66_1444967946%7C69_1450257313%7C71_1446232444%7C73_1446229808%7C74_1446727398%7C75_1448612592%7C76_1489546368%7C80_1448532222%7C81_1448253005%7C82_1448532227%7C83_1448036242%7C84_1449208436%7C96_1448629534%7C97_1448629528%7C104_1450085875%7C105_1450061735%7C106_1450061725%7C107_1450094597%7C114_1450950870%7C115_1450950905%7C116_1451373200%7C124_1457064606%7C45
W/System.err( 8664): 	at com.android.okhttp.internal.http.HttpURLConnectionImpl.getInputStream(HttpURLConnectionImpl.java:206)
W/System.err( 8664): 	at com.estrongs.android.util.ac.l(Unknown Source)
W/System.err( 8664): 	at com.estrongs.android.util.ac.a(Unknown Source)
W/System.err( 8664): 	at com.estrongs.android.util.ae.run(Unknown Source)
I/InstantRun(15469): starting instant run server: is main process
W/ActivityManager(  877): getRunningAppProcesses: caller 10103 does not hold REAL_GET_TASKS; limiting output
D/RfidSdkWrapper(15469): Creating new instance
D/BluetoothManagerService(  877): Message: 20
D/BluetoothManagerService(  877): Added callback: android.bluetooth.IBluetoothManagerCallback$Stub$Proxy@12727e82:true
I/System.out(15469): loadPairedDevices RFD850016078523020084
I/stetho  (15469): Listening on @stetho_com.mewozz.rfid_devtools_remote
W/art     (15469): Suspending all threads took: 13.238ms
W/Launcher( 3488): setApplicationContext called twice! old=com.android.launcher3.LauncherApplication@f5da7a7 new=com.android.launcher3.LauncherApplication@f5da7a7
I/art     (15469): Background sticky concurrent mark sweep GC freed 3701(336KB) AllocSpace objects, 0(0B) LOS objects, 0% free, 1974KB/1974KB, paused 16.677ms total 76.936ms
E/NetworkScheduler.SR( 3954): Invalid parameter app
E/NetworkScheduler.SR( 3954): Invalid package name : Perhaps you didn't include a PendingIntent in the extras?
I/Icing   ( 9376): Indexing 721EE2C9B317F26E80EBBADCAC993EDCF1EC67EC from com.google.android.gms
W/art     (15469): Suspending all threads took: 9.306ms
I/art     (15469): Background partial concurrent mark sweep GC freed 675(95KB) AllocSpace objects, 0(0B) LOS objects, 40% free, 1989KB/3MB, paused 11.124ms total 60.219ms
D/RFIDAPI3(15469): MESSAGE_STATE_CHANGE: 2
W/BluetoothAdapter(15469): getBluetoothService() called with no BluetoothManagerCallback
D/BTIF_SOCK( 4529): service_uuid: 2ad8a392-0e49-e52c-a6d2-60834c012263
W/bt-l2cap( 4529): L2CA_ErtmConnectReq()  PSM: 0x0001  BDA: b0b44807e857  p_ertm_info: 0x00000000 allowed:0x0 preferred:0
W/art     (15469): Before Android 4.1, method android.graphics.PorterDuffColorFilter android.support.graphics.drawable.VectorDrawableCompat.updateTintFilter(android.graphics.PorterDuffColorFilter, android.content.res.ColorStateList, android.graphics.PorterDuff$Mode) would have incorrectly overridden the package-private method in android.graphics.drawable.Drawable
I/Icing   ( 9376): Usage reports 0 indexed 0 rejected 0 imm upload false
I/Icing   ( 9376): Usage reports 0 indexed 0 rejected 0 imm upload false
I/Icing   ( 9376): Indexing done 721EE2C9B317F26E80EBBADCAC993EDCF1EC67EC
D/SocketConn(15469): Socket connected
D/OpenGLRenderer(15469): Use EGL_SWAP_BEHAVIOR_PRESERVED: true
D/Atlas   (15469): Validating map...
V/WindowManager(  877): Adding window Window{3a3256fc u0 com.mewozz.rfid/com.mewozz.rfid.activity.MainActivity} at 6 of 11 (before Window{cf9a915 u0 Starting com.mewozz.rfid})
D/libEGL  (15469): loaded /system/lib/egl/libEGL_tegra.so
I/        (15469): Attempting to load EGL implementation /system/lib/egl/libEGL_tegra_impl
I/        (15469): Loaded EGL implementation /system/lib/egl/libEGL_tegra_impl
D/libEGL  (15469): loaded /system/lib/egl/libGLESv1_CM_tegra.so
D/libEGL  (15469): loaded /system/lib/egl/libGLESv2_tegra.so
I/OpenGLRenderer(15469): Initialized EGL, version 1.4
I/        (15469): Loading GLESv2 implementation /system/lib/egl/libGLESv2_tegra_impl
D/OpenGLRenderer(15469): Enabling debug mode 0
W/art     (15469): Suspending all threads took: 9.270ms
I/art     (15469): Background partial concurrent mark sweep GC freed 247(18KB) AllocSpace objects, 0(0B) LOS objects, 39% free, 5MB/9MB, paused 13.187ms total 41.309ms
W/art     (15469): Before Android 4.1, method int android.support.v7.widget.ListViewCompat.lookForSelectablePosition(int, boolean) would have incorrectly overridden the package-private method in android.widget.ListView
I/ActivityManager(  877): Displayed com.mewozz.rfid/.activity.MainActivity: +1s841ms (total +1s969ms)
I/Timeline(  877): Timeline: Activity_windows_visible id: ActivityRecord{13a06134 u0 com.mewozz.rfid/.activity.MainActivity t1534} time:316740958
D/TaskPersister(  877): removeObsoleteFile: deleting file=1532_task.xml
D/TaskPersister(  877): removeObsoleteFile: deleting file=1532_task_thumbnail.png
I/Timeline(15469): Timeline: Activity_idle id: android.os.BinderProxy@780587 time:316740979
I/Icing   ( 9376): Indexing 721EE2C9B317F26E80EBBADCAC993EDCF1EC67EC from com.google.android.gms
I/Icing   ( 9376): Indexing done 721EE2C9B317F26E80EBBADCAC993EDCF1EC67EC
D/MainActivity(15469): device false
D/MainActivity(15469): device false
W/bt-l2cap( 4529): L2CAP - st: CLOSED evt: 1
W/bt-sdp  ( 4529): SDP - Rcvd conn cnf with error: 0x4  CID 0x47
E/bt-btif ( 4529): DISCOVERY_COMP_EVT slot id:4, failed to find channle,                                       status:1, scn:0
W/bt-btif ( 4529): invalid rfc slot id: 4
D/RFIDAPI3(15469): MESSAGE_STATE_CHANGE: 1
D/RFIDAPI3(15469): ACTION_READER_CONN_FAILED, RFD850016078523020084
D/RFIDAPI3(15469): MESSAGE_STATE_CHANGE: 0
D/RFIDAPI3(15469): MESSAGE_STATE_CHANGE: 1
D/RFIDAPI3(15469): MESSAGE_STATE_CHANGE: 1
E/RfidSdkWrapper(15469): com.zebra.rfid.api3.OperationFailureException
E/RfidSdkWrapper(15469): 	at com.zebra.rfid.api3.be.a(SourceFile:16)
E/RfidSdkWrapper(15469): 	at com.zebra.rfid.api3.RFIDReader.connect(SourceFile:478)
E/RfidSdkWrapper(15469): 	at com.mewozz.rfid.controller.RfidSdkWrapper.connect(RfidSdkWrapper.java:87)
E/RfidSdkWrapper(15469): 	at com.mewozz.rfid.controller.RfidSdkWrapper$1.doInBackground(RfidSdkWrapper.java:108)
E/RfidSdkWrapper(15469): 	at com.mewozz.rfid.controller.RfidSdkWrapper$1.doInBackground(RfidSdkWrapper.java:102)
E/RfidSdkWrapper(15469): 	at android.os.AsyncTask$2.call(AsyncTask.java:292)
E/RfidSdkWrapper(15469): 	at java.util.concurrent.FutureTask.run(FutureTask.java:237)
E/RfidSdkWrapper(15469): 	at android.os.AsyncTask$SerialExecutor$1.run(AsyncTask.java:231)
E/RfidSdkWrapper(15469): 	at java.util.concurrent.ThreadPoolExecutor.runWorker(ThreadPoolExecutor.java:1112)
E/RfidSdkWrapper(15469): 	at java.util.concurrent.ThreadPoolExecutor$Worker.run(ThreadPoolExecutor.java:587)
E/RfidSdkWrapper(15469): 	at java.lang.Thread.run(Thread.java:818)
D/MainActivity(15469): device false
D/MainActivity(15469): device false
W/SQLiteConnectionPool( 9376): A SQLiteConnection object for database '/data/data/com.google.android.gms/databases/metrics.db' was leaked!  Please fix your application to end transactions in progress properly and to close the database when it is no longer needed.
W/SQLiteConnectionPool( 9376): A SQLiteConnection object for database '/data/data/com.google.android.gms/databases/help_responses.db.18' was leaked!  Please fix your application to end transactions in progress properly and to close the database when it is no longer needed.
W/SQLiteConnectionPool( 9376): A SQLiteConnection object for database '/data/data/com.google.android.gms/databases/auto_complete_suggestions.db' was leaked!  Please fix your application to end transactions in progress properly and to close the database when it is no longer needed.
D/MainActivity(15469): server true
D/MainActivity(15469): device false
D/MainActivity(15469): device false
I/Finsky  ( 1543): [1464] com.google.android.finsky.g.d.a(26): Completed 0 account content syncs with 0 successful.
I/Finsky  ( 1543): [1] com.google.android.finsky.services.i.a(5): Installation state replication succeeded.
D/MainActivity(15469): device false
D/MainActivity(15469): device false
W/ProcessCpuTracker(  877): Skipping unknown process pid 15634
D/MainActivity(15469): device false
D/MainActivity(15469): server true
D/MainActivity(15469): device false
D/MainActivity(15469): device false
D/MainActivity(15469): device false
D/MainActivity(15469): device false
D/MainActivity(15469): device false
D/HeadsetStateMachine( 4529): Disconnected process message: 10, size: 0
D/MainActivity(15469): server true
D/MainActivity(15469): device false
D/MainActivity(15469): device false
D/MainActivity(15469): device false
D/MainActivity(15469): device false
D/MainActivity(15469): device false
I/PlayCommon( 1543): [1444] com.google.android.play.a.g.e(220): Preparing logs for uploading
I/PlayCommon( 1543): [1444] com.google.android.play.a.g.a(329): Connecting to server: https://play.googleapis.com/play/log?format=raw&proto_v2=true
D/