I/ActivityManager(  877): Displayed com.mewozz.rfid/.activity.MainActivity: +2s11ms (total +4s206ms)
I/Timeline(  877): Timeline: Activity_windows_visible id: ActivityRecord{53f0829 u0 com.mewozz.rfid/.activity.MainActivity t1532} time:314168988
I/Timeline( 3625): Timeline: Activity_idle id: android.os.BinderProxy@780587 time:314169017
I/PBSessionCacheImpl( 4481): Deleted sessionId[2076551718744] from persistence.
W/SearchService( 4481): Abort, client detached.
E/NowDoodleController( 4481): Failed to receive DoodleData
E/NowDoodleController( 4481): java.util.concurrent.CancellationException: Task was cancelled.
E/NowDoodleController( 4481): 	at com.google.common.util.concurrent.d.cv(SourceFile:75)
E/NowDoodleController( 4481): 	at com.google.common.util.concurrent.d.get(SourceFile:57)
E/NowDoodleController( 4481): 	at com.google.common.util.concurrent.ce.n(SourceFile:2)
E/NowDoodleController( 4481): 	at com.google.common.util.concurrent.at.l(SourceFile:54)
E/NowDoodleController( 4481): 	at com.google.common.util.concurrent.av.run(SourceFile:5)
E/NowDoodleController( 4481): 	at com.google.android.apps.gsa.shared.util.concurrent.a.bc.run(SourceFile:2)
E/NowDoodleController( 4481): 	at android.os.Handler.handleCallback(Handler.java:739)
E/NowDoodleController( 4481): 	at android.os.Handler.dispatchMessage(Handler.java:95)
E/NowDoodleController( 4481): 	at android.os.Looper.loop(Looper.java:135)
E/NowDoodleController( 4481): 	at android.app.ActivityThread.main(ActivityThread.java:5294)
E/NowDoodleController( 4481): 	at java.lang.reflect.Method.invoke(Native Method)
E/NowDoodleController( 4481): 	at java.lang.reflect.Method.invoke(Method.java:372)
E/NowDoodleController( 4481): 	at com.android.internal.os.ZygoteInit$MethodAndArgsCaller.run(ZygoteInit.java:904)
E/NowDoodleController( 4481): 	at com.android.internal.os.ZygoteInit.main(ZygoteInit.java:699)
I/Icing   ( 9376): Indexing 721EE2C9B317F26E80EBBADCAC993EDCF1EC67EC from com.google.android.gms
I/Icing   ( 9376): Indexing done 721EE2C9B317F26E80EBBADCAC993EDCF1EC67EC
D/TaskPersister(  877): removeObsoleteFile: deleting file=1530_task.xml
W/Search.LoginHelper( 4481): TimeoutException while waiting for token.
W/Search.LoginHelper( 4481): java.util.concurrent.TimeoutException
W/Search.LoginHelper( 4481): 	at com.google.common.util.concurrent.d.get(SourceFile:52)
W/Search.LoginHelper( 4481): 	at com.google.common.util.concurrent.l.get(SourceFile:2)
W/Search.LoginHelper( 4481): 	at com.google.android.apps.gsa.search.core.google.gaia.q.a(SourceFile:258)
W/Search.LoginHelper( 4481): 	at com.google.android.apps.gsa.search.core.google.gaia.q.a(SourceFile:221)
W/Search.LoginHelper( 4481): 	at com.google.android.apps.gsa.staticplugins.bi.az.a(SourceFile:163)
W/Search.LoginHelper( 4481): 	at com.google.android.apps.gsa.search.core.bd.y(SourceFile:429)
W/Search.LoginHelper( 4481): 	at com.google.android.apps.gsa.search.core.bh.run(SourceFile:3)
W/Search.LoginHelper( 4481): 	at java.util.concurrent.Executors$RunnableAdapter.call(Executors.java:422)
W/Search.LoginHelper( 4481): 	at java.util.concurrent.FutureTask.run(FutureTask.java:237)
W/Search.LoginHelper( 4481): 	at com.google.android.apps.gsa.shared.util.concurrent.a.ax.run(SourceFile:14)
W/Search.LoginHelper( 4481): 	at com.google.android.apps.gsa.shared.util.concurrent.a.bl.run(SourceFile:4)
W/Search.LoginHelper( 4481): 	at com.google.android.apps.gsa.shared.util.concurrent.a.bl.run(SourceFile:4)
W/Search.LoginHelper( 4481): 	at java.util.concurrent.ThreadPoolExecutor.runWorker(ThreadPoolExecutor.java:1112)
W/Search.LoginHelper( 4481): 	at java.util.concurrent.ThreadPoolExecutor$Worker.run(ThreadPoolExecutor.java:587)
W/Search.LoginHelper( 4481): 	at java.lang.Thread.run(Thread.java:818)
W/Search.LoginHelper( 4481): 	at com.google.android.apps.gsa.shared.util.concurrent.a.ai.run(SourceFile:6)
W/Search.LoginHelper( 4481): [Trace]
W/Search.LoginHelper( 4481): LoginHelper: get token: 5003+
W/Search.LoginHelper( 4481):   CachingGoogleAuthAdapter: access token cache: 0
W/Search.LoginHelper( 4481):   CachingGoogleAuthAdapter: get token from wrapped adapter: 5002+
W/Search.LoginHelper( 4481):     FallingBackGoogleAuthAdapter: try chosen adapter: 5002+
W/Search.LoginHelper( 4481):       GoogleAuthAdapter: get token with auth-util: 5002+
E/VelvetNetworkClient( 4481): Failed to get auth token
D/MainActivity( 3625): device false
D/MainActivity( 3625): device false
W/bt-l2cap( 4529): L2CAP - st: CLOSED evt: 1
W/bt-sdp  ( 4529): SDP - Rcvd conn cnf with error: 0x4  CID 0x45
E/bt-btif ( 4529): DISCOVERY_COMP_EVT slot id:4, failed to find channle,                                       status:1, scn:0
W/bt-btif ( 4529): invalid rfc slot id: 4
D/RFIDAPI3( 3625): MESSAGE_STATE_CHANGE: 1
D/RFIDAPI3( 3625): ACTION_READER_CONN_FAILED, RFD850016078523020084
D/RFIDAPI3( 3625): MESSAGE_STATE_CHANGE: 0
D/RFIDAPI3( 3625): MESSAGE_STATE_CHANGE: 1
D/RFIDAPI3( 3625): MESSAGE_STATE_CHANGE: 1
E/RfidSdkWrapper( 3625): com.zebra.rfid.api3.OperationFailureException
E/RfidSdkWrapper( 3625): 	at com.zebra.rfid.api3.be.a(SourceFile:16)
E/RfidSdkWrapper( 3625): 	at com.zebra.rfid.api3.RFIDReader.connect(SourceFile:478)
E/RfidSdkWrapper( 3625): 	at com.mewozz.rfid.controller.RfidSdkWrapper.connect(RfidSdkWrapper.java:87)
E/RfidSdkWrapper( 3625): 	at com.mewozz.rfid.controller.RfidSdkWrapper$1.doInBackground(RfidSdkWrapper.java:108)
E/RfidSdkWrapper( 3625): 	at com.mewozz.rfid.controller.RfidSdkWrapper$1.doInBackground(RfidSdkWrapper.java:102)
E/RfidSdkWrapper( 3625): 	at android.os.AsyncTask$2.call(AsyncTask.java:292)
E/RfidSdkWrapper( 3625): 	at java.util.concurrent.FutureTask.run(FutureTask.java:237)
E/RfidSdkWrapper( 3625): 	at android.os.AsyncTask$SerialExecutor$1.run(AsyncTask.java:231)
E/RfidSdkWrapper( 3625): 	at java.util.concurrent.ThreadPoolExecutor.runWorker(ThreadPoolExecutor.java:1112)
E/RfidSdkWrapper( 3625): 	at java.util.concurrent.ThreadPoolExecutor$Worker.run(ThreadPoolExecutor.java:587)
E/RfidSdkWrapper( 3625): 	at java.lang.Thread.run(Thread.java:818)
V/legacy_audio_policy_hal(  227): audio_io_handle_t android_audio_legacy::ap_get_output(audio_policy*, audio_stream_type_t, uint32_t, audio_format_t, audio_channel_mask_t, audio_output_flags_t, const audio_offload_info_t*): tid 19352
V/AudioPolicyManagerBase(  227): getOutput() device 2, stream 1, samplingRate 0, format 0, channelMask 3, flags 0
V/AudioPolicyManagerBase(  227): getOutput() returns output 2
V/legacy_audio_policy_hal(  227): audio_io_handle_t android_audio_legacy::ap_get_output(audio_policy*, audio_stream_type_t, uint32_t, audio_format_t, audio_channel_mask_t, audio_output_flags_t, const audio_offload_info_t*): tid 227
V/AudioPolicyManagerBase(  227): getOutput() device 2, stream 1, samplingRate 0, format 0, channelMask 3, flags 0
V/AudioPolicyManagerBase(  227): getOutput() returns output 2
V/AudioPolicyManagerBase(  227): startOutput() output 2, stream 1, session 26
V/AudioPolicyManagerBase(  227): changeRefCount() stream 1, count 1
V/AudioPolicyManagerBase(  227): getNewDevice() selected device 2
V/AudioPolicyManagerBase(  227): setOutputDevice() output 2 device 0002 delayMs 0
V/AudioPolicyManagerBase(  227): setOutputDevice() prevDevice 0002
V/AudioPolicyManagerBase(  227): setOutputDevice() setting same device 0002 or null device for output 2
V/nvaudio_hw(  227): nvaudio_dev_set_parameters : nv_param_media_routing=2
V/nvaudio_hw(  227): Media is routed to :2
V/nvaudio_hw(  227): open_out_alsa_dev
V/nvaudio_hw(  227): update_dev_rate : card 1 device 0
D/nvaudio_hw(  227): audio_best_rate : rate 44100 pair 0 max 0
V/nvaudio_hw(  227): Opened Alsa OUT device music with pcm_config
V/nvaudio_hw(  227):  channels 2
V/nvaudio_hw(  227):  rate 44100
V/nvaudio_hw(  227):  format 0
V/nvaudio_hw(  227):  period_size 1024
V/nvaudio_hw(  227):  period_count 4
V/nvaudio_hw(  227):  start_threshold 4095
V/nvaudio_hw(  227):  stop_threshold 4096 
V/nvaudio_hw(  227): silence_threshold 0
V/nvaudio_hw(  227):  avail_min 1
V/nvaudio_hw(  227): set_out_resampler : quality 9
V/nvaudio_hw(  227): No resampler required
I/Timeline( 3625): Timeline: Activity_launch_request id:com.mewozz.rfid time:314173663
I/ActivityManager(  877): START u0 {cmp=com.mewozz.rfid/.activity.RoomSelectActivity} from uid 10103 on display 0
V/WindowManager(  877): addAppToken: AppWindowToken{2173b7e6 token=Token{22255641 ActivityRecord{3e595928 u0 com.mewozz.rfid/.activity.RoomSelectActivity t1532}}} to stack=1 task=1532 at 1
D/SocketConn( 3625): Socket dc
V/WindowManager(  877): Adding window Window{147edfd4 u0 com.mewozz.rfid/com.mewozz.rfid.activity.RoomSelectActivity} at 7 of 11 (after Window{4a29810 u0 com.mewozz.rfid/com.mewozz.rfid.activity.MainActivity})
V/nvaudio_hw(  227): nvaudio_out_standby
V/nvaudio_hw(  227): close_alsa_dev : active stream count 1
V/AudioPolicyManagerBase(  227): stopOutput() output 2, stream 1, session 26
V/AudioPolicyManagerBase(  227): changeRefCount() stream 1, count 0
V/AudioPolicyManagerBase(  227): getNewDevice() selected device 0
V/AudioPolicyManagerBase(  227): setOutputDevice() output 2 device 0000 delayMs 184
V/AudioPolicyManagerBase(  227): setOutputDevice() prevDevice 0002
V/AudioPolicyManagerBase(  227): setOutputDevice() setting same device 0002 or null device for output 2
V/nvaudio_hw(  227): nvaudio_dev_set_parameters : nv_param_media_routing=2
V/nvaudio_hw(  227): Media is routed to :2
I/Timeline( 3625): Timeline: Activity_idle id: android.os.BinderProxy@2c82f7b0 time:314173988
I/ActivityManager(  877): Displayed com.mewozz.rfid/.activity.RoomSelectActivity: +304ms
I/Places  ( 3954): ?: Couldn't find platform key file.
I/Timeline(  877): Timeline: Activity_windows_visible id: ActivityRecord{3e595928 u0 com.mewozz.rfid/.activity.RoomSelectActivity t1532} time:314174387
I/PlaceInferenceEngine( 3954): [anon] Setup for configuration 105:[]
W/GCoreFlp( 3954): No location to return for getLastLocation()
I/PlaceInferenceEngine( 3954): [anon] Active modules after start(): 0
I/Places  ( 3954): ?: Couldn't find platform key file.
I/Places  ( 3954): ?: Couldn't find platform key file.
E/ActivityThread( 3954): Service com.google.android.location.places.service.PlaceDetectionAsyncService has leaked IntentReceiver amuh@23b914aa that was originally registered here. Are you missing a call to unregisterReceiver()?
E/ActivityThread( 3954): android.app.IntentReceiverLeaked: Service com.google.android.location.places.service.PlaceDetectionAsyncService has leaked IntentReceiver amuh@23b914aa that was originally registered here. Are you missing a call to unregisterReceiver()?
E/ActivityThread( 3954): 	at android.app.LoadedApk$ReceiverDispatcher.<init>(LoadedApk.java:904)
E/ActivityThread( 3954): 	at android.app.LoadedApk.getReceiverDispatcher(LoadedApk.java:705)
E/ActivityThread( 3954): 	at android.app.ContextImpl.registerReceiverInternal(ContextImpl.java:1674)
E/ActivityThread( 3954): 	at android.app.ContextImpl.registerReceiver(ContextImpl.java:1654)
E/ActivityThread( 3954): 	at android.content.ContextWrapper.registerReceiver(ContextWrapper.java:502)
E/ActivityThread( 3954): 	at android.content.ContextWrapper.registerReceiver(ContextWrapper.java:502)
E/ActivityThread( 3954): 	at android.content.ContextWrapper.registerReceiver(ContextWrapper.java:502)
E/ActivityThread( 3954): 	at android.content.ContextWrapper.registerReceiver(ContextWrapper.java:502)
E/ActivityThread( 3954): 	at amsb.run(:com.google.android.gms:4414)
E/ActivityThread( 3954): 	at android.os.Handler.handleCallback(Handler.java:739)
E/ActivityThread( 3954): 	at android.os.Handler.dispatchMessage(Handler.java:95)
E/ActivityThread( 3954): 	at android.os.Looper.loop(Looper.java:135)
E/ActivityThread( 3954): 	at android.os.HandlerThread.run(HandlerThread.java:61)
E/Places  ( 3954): IllegalArgumentException whilst unregistering receiver. Was SignalManager stopped before being started?
W/GeofencerStateMachine( 3954): Ignoring removeGeofence because network location is disabled.
W/GeofencerStateMachine( 3954): Ignoring removeGeofence because network location is disabled.
W/GeofencerStateMachine( 3954): Ignoring removeGeofence because network location is disabled.
W/GeofencerStateMachine( 3954): Ignoring removeGeofence because network location is disabled.
E/ActivityThread( 3954): Service com.google.android.location.places.service.PlaceDetectionAsyncService has leaked IntentReceiver amuh@13453e2b that was originally registered here. Are you missing a call to unregisterReceiver()?
E/ActivityThread( 3954): android.app.IntentReceiverLeaked: Service com.google.android.location.places.service.PlaceDetectionAsyncService has leaked IntentReceiver amuh@13453e2b that was originally registered here. Are you missing a call to unregisterReceiver()?
E/ActivityThread( 3954): 	at android.app.LoadedApk$ReceiverDispatcher.<init>(LoadedApk.java:904)
E/ActivityThread( 3954): 	at android.app.LoadedApk.getReceiverDispatcher(LoadedApk.java:705)
E/ActivityThread( 3954): 	at android.app.ContextImpl.registerReceiverInternal(ContextImpl.java:1674)
E/ActivityThread( 3954): 	at android.app.ContextImpl.registerReceiver(ContextImpl.java:1654)
E/ActivityThread( 3954): 	at android.content.ContextWrapper.registerReceiver(ContextWrapper.java:502)
E/ActivityThread( 3954): 	at android.content.ContextWrapper.registerReceiver(ContextWrapper.java:502)
E/ActivityThread( 3954): 	at android.content.ContextWrapper.registerReceiver(ContextWrapper.java:502)
E/ActivityThread( 3954): 	at android.content.ContextWrapper.registerReceiver(ContextWrapper.java:502)
E/ActivityThread( 3954): 	at amsb.run(:com.google.android.gms:4414)
E/ActivityThread( 3954): 	at android.os.Handler.handleCallback(Handler.java:739)
E/ActivityThread( 3954): 	at android.os.Handler.dispatchMessage(Handler.java:95)
E/ActivityThread( 3954): 	at android.os.Looper.loop(Looper.java:135)
E/ActivityThread( 3954): 	at android.os.HandlerThread.run(HandlerThread.java:61)
E/Places  ( 3954): IllegalArgumentException whilst unregistering receiver. Was SignalManager stopped before being started?
W/GeofencerStateMachine( 3954): Ignoring removeGeofence because network location is disabled.
V/legacy_audio_policy_hal(  227): audio_io_handle_t android_audio_legacy::ap_get_output(audio_policy*, audio_stream_type_t, uint32_t, audio_format_t, audio_channel_mask_t, audio_output_flags_t, const audio_offload_info_t*): tid 1067
V/AudioPolicyManagerBase(  227): getOutput() device 2, stream 1, samplingRate 0, format 0, channelMask 3, flags 0
V/AudioPolicyManagerBase(  227): getOutput() returns output 2
V/legacy_audio_policy_hal(  227): audio_io_handle_t android_audio_legacy::ap_get_output(audio_policy*, audio_stream_type_t, uint32_t, audio_format_t, audio_channel_mask_t, audio_output_flags_t, const audio_offload_info_t*): tid 19352
V/AudioPolicyManagerBase(  227): getOutput() device 2, stream 1, samplingRate 0, format 0, channelMask 3, flags 0
V/AudioPolicyManagerBase(  227): getOutput() returns output 2
V/AudioPolicyManagerBase(  227): startOutput() output 2, stream 1, session 16
V/AudioPolicyManagerBase(  227): changeRefCount() stream 1, count 1
V/AudioPolicyManagerBase(  227): getNewDevice() selected device 2
V/AudioPolicyManagerBase(  227): setOutputDevice() output 2 device 0002 delayMs 0
I/Timeline( 3625): Timeline: Activity_launch_request id:com.mewozz.rfid time:314174534
V/AudioPolicyManagerBase(  227): setOutputDevice() prevDevice 0002
V/AudioPolicyManagerBase(  227): setOutputDevice() setting same device 0002 or null device for output 2
V/nvaudio_hw(  227): nvaudio_dev_set_parameters : nv_param_media_routing=2
V/nvaudio_hw(  227): Media is routed to :2
V/nvaudio_hw(  227): open_out_alsa_dev
V/nvaudio_hw(  227): update_dev_rate : card 1 device 0
D/nvaudio_hw(  227): audio_best_rate : rate 44100 pair 0 max 0
V/nvaudio_hw(  227): Opened Alsa OUT device music with pcm_config
V/nvaudio_hw(  227):  channels 2
V/nvaudio_hw(  227):  rate 44100
V/nvaudio_hw(  227):  format 0
V/nvaudio_hw(  227):  period_size 1024
V/nvaudio_hw(  227):  period_count 4
V/nvaudio_hw(  227):  start_threshold 4095
V/nvaudio_hw(  227):  stop_threshold 4096 
V/nvaudio_hw(  227): silence_threshold 0
V/nvaudio_hw(  227):  avail_min 1
V/nvaudio_hw(  227): set_out_resampler : quality 9
V/nvaudio_hw(  227): No resampler required
I/ActivityManager(  877): START u0 {cmp=com.mewozz.rfid/java.lang.Class (has extras)} from uid 10103 on display 0
D/AndroidRuntime( 3625): Shutting down VM
W/GeofencerStateMachine( 3954): Ignoring removeGeofence because network location is disabled.
E/AndroidRuntime( 3625): FATAL EXCEPTION: main
E/AndroidRuntime( 3625): Process: com.mewozz.rfid, PID: 3625
E/AndroidRuntime( 3625): android.content.ActivityNotFoundException: Unable to find explicit activity class {com.mewozz.rfid/java.lang.Class}; have you declared this activity in your AndroidManifest.xml?
E/AndroidRuntime( 3625): 	at android.app.Instrumentation.checkStartActivityResult(Instrumentation.java:1777)
E/AndroidRuntime( 3625): 	at android.app.Instrumentation.execStartActivity(Instrumentation.java:1501)
E/AndroidRuntime( 3625): 	at android.app.Activity.startActivityForResult(Activity.java:3745)
E/AndroidRuntime( 3625): 	at android.support.v4.app.BaseFragmentActivityJB.startActivityForResult(BaseFragmentActivityJB.java:50)
E/AndroidRuntime( 3625): 	at android.support.v4.app.FragmentActivity.startActivityForResult(FragmentActivity.java:79)
E/AndroidRuntime( 3625): 	at android.app.Activity.startActivityForResult(Activity.java:3706)
E/AndroidRuntime( 3625): 	at android.support.v4.app.FragmentActivity.startActivityForResult(FragmentActivity.java:859)
E/AndroidRuntime( 3625): 	at android.app.Activity.startActivity(Activity.java:4016)
E/AndroidRuntime( 3625): 	at android.app.Activity.startActivity(Activity.java:3984)
E/AndroidRuntime( 3625): 	at com.mewozz.rfid.adapter.AdapterRoomSelectRec$ViewHolderRoomSelectRec$bind$1.onClick(AdapterRoomSelectRec.kt:37)
E/AndroidRuntime( 3625): 	at android.view.View.performClick(View.java:4789)
E/AndroidRuntime( 3625): 	at android.view.View$PerformClick.run(View.java:19881)
E/AndroidRuntime( 3625): 	at android.os.Handler.handleCallback(Handler.java:739)
E/AndroidRuntime( 3625): 	at android.os.Handler.dispatchMessage(Handler.java:95)
E/AndroidRuntime( 3625): 	at android.os.Looper.loop(Looper.java:135)
E/AndroidRuntime( 3625): 	at android.app.ActivityThread.main(ActivityThread.java:5294)
E/AndroidRuntime( 3625): 	at java.lang.reflect.Method.invoke(Native Method)
E/AndroidRuntime( 3625): 	at java.lang.reflect.Method.invoke(Method.java:372)
E/AndroidRuntime( 3625): 	at com.android.internal.os.ZygoteInit$MethodAndArgsCaller.run(ZygoteInit.java:904)
E/AndroidRuntime( 3625): 	at com.android.internal.os.ZygoteInit.main(ZygoteInit.java:699)
W/ActivityManager(  877):   Force finishing activity 1 com.mewozz.rfid/.activity.RoomSelectActivity
I/OpenGLRenderer(  877): Initialized EGL, version 1.4
V/nvaudio_hw(  227): nvaudio_out_standby
V/nvaudio_hw(  227): close_alsa_dev : active stream count 1
V/AudioPolicyManagerBase(  227): stopOutput() output 2, stream 1, session 16
V/AudioPolicyManagerBase(  227): changeRefCount() stream 1, count 0
V/AudioPolicyManagerBase(  227): getNewDevice() selected device 0
V/AudioPolicyManagerBase(  227): setOutputDevice() output 2 device 0000 delayMs 184
V/AudioPolicyManagerBase(  227): setOutputDevice() prevDevice 0002
V/AudioPolicyManagerBase(  227): setOutputDevice() setting same device 0002 or null device for output 2
V/nvaudio_hw(  227): nvaudio_dev_set_parameters : nv_param_media_routing=2
V/nvaudio_hw(  227): Media is routed to :2
W/ActivityManager(  877): Activity pause timeout for ActivityRecord{3e595928 u0 com.mewozz.rfid/.activity.RoomSelectActivity t1532 f}
V/GpsLocationProvider(  877): AGpsStatus is V2+: 12
V/GpsLocationProvider(  877): AGPS IP is v4: 0
V/GpsLocationProvider(  877): Converting IPv4 address(host_order) 0
V/GpsLocationProvider(  877): Passing AGPS IP addr: size 4
V/GpsLocationProvider(  877): Received SUPL IP addr[]: [B@1bbac01
D/ConnectivityService(  877): requestNetwork for NetworkRequest [ id=26, legacyType=3, [ Transports: CELLULAR Capabilities: SUPL&NOT_RESTRICTED&TRUSTED&NOT_VPN] ]
D/ConnectivityManager(  877): sending expire msg with seqNum 0 and delay 300000
D/WIFI    (  877): got request NetworkRequest [ id=26, legacyType=3, [ Transports: CELLULAR Capabilities: SUPL&NOT_RESTRICTED&TRUSTED&NOT_VPN] ] with score 0
D/ConnectivityService(  877): handleRegisterNetworkRequest checking NetworkAgentInfo [WIFI () - 100]
D/ConnectivityService(  877): sending new NetworkRequest to factories
D/WIFI_UT (  877): got request NetworkRequest [ id=26, legacyType=3, [ Transports: CELLULAR Capabilities: SUPL&NOT_RESTRICTED&TRUSTED&NOT_VPN] ] with score 0
D/ConnectivityManager(  877): starting startUsingNetworkFeature for request NetworkRequest [ id=26, legacyType=3, [ Transports: CELLULAR Capabilities: SUPL&NOT_RESTRICTED&TRUSTED&NOT_VPN] ]
V/GpsLocationProvider(  877): IP address converted to: /0.0.0.0
D/Ethernet(  877): got request NetworkRequest [ id=26, legacyType=3, [ Transports: CELLULAR Capabilities: SUPL&NOT_RESTRICTED&TRUSTED&NOT_VPN] ] with score 0
E/GpsLocationProvider(  877): Error getting cell location info.
W/ProcessCpuTracker(  877): Skipping unknown process pid 3816
W/ProcessCpuTracker(  877): Skipping unknown process pid 3817
W/ProcessCpuTracker(  877): Skipping unknown process pid 3818
W/MessageQueue( 3954): Handler (amul) {17ba791} sending message to a Handler on a dead thread
W/MessageQueue( 3954): java.lang.IllegalStateException: Handler (amul) {17ba791} sending message to a Handler on a dead thread
W/MessageQueue( 3954): 	at android.os.MessageQueue.enqueueMessage(MessageQueue.java:325)
W/MessageQueue( 3954): 	at android.os.Handler.enqueueMessage(Handler.java:631)
W/MessageQueue( 3954): 	at android.os.Handler.sendMessageAtTime(Handler.java:600)
W/MessageQueue( 3954): 	at android.os.Handler.sendMessageDelayed(Handler.java:570)
W/MessageQueue( 3954): 	at android.os.Handler.post(Handler.java:326)
W/MessageQueue( 3954): 	at amul.a(:com.google.android.gms:29)
W/MessageQueue( 3954): 	at amqn.a(:com.google.android.gms:53)
W/MessageQueue( 3954): 	at amqn.run(:com.google.android.gms:48)
W/MessageQueue( 3954): 	at lmq.run(:com.google.android.gms:450)
W/MessageQueue( 3954): 	at java.util.concurrent.ThreadPoolExecutor.runWorker(ThreadPoolExecutor.java:1112)
W/MessageQueue( 3954): 	at java.util.concurrent.ThreadPoolExecutor$Worker.run(ThreadPoolExecutor.java:587)
W/MessageQueue( 3954): 	at lra.run(:com.google.android.gms:17)
W/MessageQueue( 3954): 	at java.lang.Thread.run(Thread.java:818)
E/WorkerRegistryImpl( 4481): getWorker() is called after WorkerRegistry disposal.
E/WorkerRegistryImpl( 4481): getWorker() is called after WorkerRegistry disposal.
V/GpsLocationProvider(  877): AGpsStatus is V2+: 12
V/GpsLocationProvider(  877): AGPS IP is v4: 0
V/GpsLocationProvider(  877): Converting IPv4 address(host_order) 0
V/GpsLocationProvider(  877): Passing AGPS IP addr: size 4
D/ConnectivityManager(  877): stopUsingNetworkFeature for 0, enableSUPL
D/ConnectivityService(  877): releasing NetworkRequest NetworkRequest [ id=26, legacyType=3, [ Transports: CELLULAR Capabilities: SUPL&NOT_RESTRICTED&TRUSTED&NOT_VPN] ]
D/ConnectivityManager.CallbackHandler(  877): CM callback handler got msg 524296
W/SQLiteConnectionPool( 9376): A SQLiteConnection object for database '/data/data/com.google.android.gms/databases/metrics.db' was leaked!  Please fix your application to end transactions in progress properly and to close the database when it is no longer needed.
W/SQLiteConnectionPool( 9376): A SQLiteConnection object for database '/data/data/com.google.android.gms/databases/help_responses.db.18' was leaked!  Please fix your application to end transactions in progress properly and to close the database when it is no longer needed.
W/SQLiteConnectionPool( 9376): A SQLiteConnection object for database '/data/data/com.google.android.gms/databases/auto_complete_suggestions.db' was leaked!  Please fix your application to end transactions in progress properly and to close the database when it is no longer needed.
I/EventLogSendingHelper( 4481): Sending log events.
W/PlatformStatsUtil( 9376): Could not retrieve Usage & Diagnostics setting. Giving up.
I/Finsky  ( 1543): [1464] com.google.android.finsky.g.d.a(26): Completed 0 account content syncs with 0 successful.
I/Finsky  ( 1543): [1] com.google.android.finsky.services.i.a(5): Installation state replication succeeded.
D/HeadsetStateMachine( 4529): Disconnected process message: 10, size: 0
W/ActivityManager(  877): Launch timeout has expired, giving up wake lock!
V/GpsLocationProvider(  877): AGpsStatus is V2+: 12
V/GpsLocationProvider(  877): AGPS IP is v4: 0
V/GpsLocationProvider(  877): Converting IPv4 address(host_order) 0
V/GpsLocationProvider(  877): Passing AGPS IP addr: size 4
V/GpsLocationProvider(  877): Received SUPL IP addr[]: [B@368de1df
D/ConnectivityManager(  877): sending expire msg with seqNum 0 and delay 300000
D/ConnectivityService(  877): requestNetwork for NetworkRequest [ id=27, legacyType=3, [ Transports: CELLULAR Capabilities: SUPL&NOT_RESTRICTED&TRUSTED&NOT_VPN] ]
D/ConnectivityManager(  877): starting startUsingNetworkFeature for request NetworkRequest [ id=27, legacyType=3, [ Transports: CELLULAR Capabilities: SUPL&NOT_RESTRICTED&TRUSTED&NOT_VPN] ]
V/GpsLocationProvider(  877): IP address converted to: /0.0.0.0
D/WIFI    (  877): got request NetworkRequest [ id=27, legacyType=3, [ Transports: CELLULAR Capabilities: SUPL&NOT_RESTRICTED&TRUSTED&NOT_VPN] ] with score 0
D/ConnectivityService(  877): handleRegisterNetworkRequest checking NetworkAgentInfo [WIFI () - 100]
D/ConnectivityService(  877): sending new NetworkRequest to factories
D/WIFI_UT (  877): got request NetworkRequest [ id=27, legacyType=3, [ Transports: CELLULAR Capabilities: SUPL&NOT_RESTRICTED&TRUSTED&NOT_VPN] ] with score 0
D/Ethernet(  877): got request NetworkRequest [ id=27, legacyType=3, [ Transports: CELLULAR Capabilities: SUPL&NOT_RESTRICTED&TRUSTED&NOT_VPN] ] with score 0
E/GpsLocationProvider(  877): Error getting cell location info.
V/GpsLocationProvider(  877): AGpsStatus is V2+: 12
V/GpsLocationProvider(  877): AGPS IP is v4: 0
V/GpsLocationProvider(  877): Converting IPv4 address(host_order) 0
V/GpsLocationProvider(  877): Passing AGPS IP addr: size 4
D/ConnectivityManager(  877): stopUsingNetworkFeature for 0, enableSUPL
D/ConnectivityService(  877): releasing NetworkRequest NetworkRequest [ id=27, legacyType=3, [ Transports: CELLULAR Capabilities: SUPL&NOT_RESTRICTED&TRUSTED&NOT_VPN] ]
D/ConnectivityManager.CallbackHandler(  877): CM callback handler got msg 524296
V/GpsLocationProvider(  877): AGpsStatus is V2+: 12
V/GpsLocationProvider(  877): AGPS IP is v4: 0
V/GpsLocationProvider(  877): Converting IPv4 address(host_order) 0
V/GpsLocationProvider(  877): Passing AGPS IP addr: size 4
V/GpsLocationProvider(  877): Received SUPL IP addr[]: [B@6b54e2c
D/ConnectivityManager(  877): sending expire msg with seqNum 0 and delay 300000
D/ConnectivityManager(  877): starting startUsingNetworkFeature for request NetworkRequest [ id=28, legacyType=3, [ Transports: CELLULAR Capabilities: SUPL&NOT_RESTRICTED&TRUSTED&NOT_VPN] ]
V/GpsLocationProvider(  877): IP address converted to: /0.0.0.0
D/ConnectivityService(  877): requestNetwork for NetworkRequest [ id=28, legacyType=3, [ Transports: CELLULAR Capabilities: SUPL&NOT_RESTRICTED&TRUSTED&NOT_VPN] ]
D/ConnectivityService(  877): handleRegisterNetworkRequest checking NetworkAgentInfo [WIFI () - 100]
D/ConnectivityService(  877): sending new NetworkRequest to factories
D/WIFI    (  877): got request NetworkRequest [ id=28, legacyType=3, [ Transports: CELLULAR Capabilities: SUPL&NOT_RESTRICTED&TRUSTED&NOT_VPN] ] with score 0
D/WIFI_UT (  877): got request NetworkRequest [ id=28, legacyType=3, [ Transports: CELLULAR Capabilities: SUPL&NOT_RESTRICTED&TRUSTED&NOT_VPN] ] with score 0
D/Ethernet(  877): got request NetworkRequest [ id=28, legacyType=3, [ Transports: CELLULAR Capabilities: SUPL&NOT_RESTRICTED&TRUSTED&NOT_VPN] ] with score 0
E/GpsLocationProvider(  877): Error getting cell location info.
E/RefreshDoodleConfigTask( 4481): Error downloading doodle.
E/RefreshDoodleConfigTask( 4481): com.google.android.apps.gsa.shared.exception.GsaIOException: Error code: 655371
E/RefreshDoodleConfigTask( 4481): 	at com.google.android.apps.gsa.search.core.q.ax.b(SourceFile:27)
E/RefreshDoodleConfigTask( 4481): 	at com.google.android.apps.gsa.search.core.q.ax.gi(SourceFile:22)
E/RefreshDoodleConfigTask( 4481): 	at com.google.android.apps.gsa.search.core.q.be.run(SourceFile:18)
E/RefreshDoodleConfigTask( 4481): 	at java.util.concurrent.Executors$RunnableAdapter.call(Executors.java:422)
E/RefreshDoodleConfigTask( 4481): 	at java.util.concurrent.FutureTask.run(FutureTask.java:237)
E/RefreshDoodleConfigTask( 4481): 	at com.google.android.apps.gsa.shared.util.concurrent.a.ax.run(SourceFile:14)
E/RefreshDoodleConfigTask( 4481): 	at com.google.android.apps.gsa.shared.util.concurrent.a.bl.run(SourceFile:4)
E/RefreshDoodleConfigTask( 4481): 	at com.google.android.apps.gsa.shared.util.concurrent.a.bl.run(SourceFile:4)
E/RefreshDoodleConfigTask( 4481): 	at java.util.concurrent.ThreadPoolExecutor.runWorker(ThreadPoolExecutor.java:1112)
E/RefreshDoodleConfigTask( 4481): 	at java.util.concurrent.ThreadPoolExecutor$Worker.run(ThreadPoolExecutor.java:587)
E/RefreshDoodleConfigTask( 4481): 	at java.lang.Thread.run(Thread.java:818)
E/RefreshDoodleConfigTask( 4481): 	at com.google.android.apps.gsa.shared.util.concurrent.a.ai.run(SourceFile:6)
V/GpsLocationProvider(  877): AGpsStatus is V2+: 12
V/GpsLocationProvider(  877): AGPS IP is v4: 0
V/GpsLocationProvider(  877): Converting IPv4 address(host_order) 0
V/GpsLocationProvider(  877): Passing AGPS IP addr: size 4
D/ConnectivityManager(  877): stopUsingNetworkFeature for 0, enableSUPL
D/ConnectivityService(  877): releasing NetworkRequest NetworkRequest [ id=28, legacyType=3, [ Transports: CELLULAR Capabilities: SUPL&NOT_RESTRICTED&TRUSTED&NOT_VPN] ]
D/ConnectivityManager.CallbackHandler(  877): CM callback handler got msg 524296
E/NetworkScheduler( 3954): Received callback from client for task that is already complete. ComponentInfo{com.google.android.gms/com.google.android.gms.clearcut.uploader.QosUploaderService} qos_oneoff
I/MPL-storeload(  877): mpl state size = 4340
E/MPL-storeload(  877): calData from inv_save_mpl_states, size=2
I/MPL-storeload(  877): cal data size to write = 4340
I/MPL-storeload(  877): Bytes written = 4340
I/MPL-storeload(  877): mpl state size = 4340
E/MPL-storeload(  877): calData from inv_save_mpl_states, size=2
I/MPL-storeload(  877): cal data size to write = 4340
I/MPL-storeload(  877): Bytes written = 4340
D/gpsd    (  236): WakeLock(Release,GPSD)
W/GmsLocationProvider( 4481): Error removing location updates: 16
E/PlayCommon( 1543): [1444] com.google.android.play.a.g.a(359): Failed to connect to server: java.net.SocketTimeoutException: failed to connect to play.googleapis.com/216.58.200.42 (port 443) after 40000ms
D/HeadsetStateMachine( 4529): Disconnected process message: 10, size: 0
E/StatusCheckThread( 3625): java.net.SocketTimeoutException: failed to connect to /118.189.75.47 (port 80) after 3000ms
E/StatusCheckThread( 3625): 	at libcore.io.IoBridge.connectErrno(IoBridge.java:169)
E/StatusCheckThread( 3625): 	at libcore.io.IoBridge.connect(IoBridge.java:122)
E/StatusCheckThread( 3625): 	at java.net.PlainSocketImpl.connect(PlainSocketImpl.java:183)
E/StatusCheckThread( 3625): 	at java.net.PlainSocketImpl.connect(PlainSocketImpl.java:456)
E/StatusCheckThread( 3625): 	at java.net.Socket.connect(Socket.java:882)
E/StatusCheckThread( 3625): 	at com.android.okhttp.internal.Platform.connectSocket(Platform.java:174)
E/StatusCheckThread( 3625): 	at com.android.okhttp.Connection.connect(Connection.java:152)
E/StatusCheckThread( 3625): 	at com.android.okhttp.internal.http.HttpEngine.connect(HttpEngine.java:276)
E/StatusCheckThread( 3625): 	at com.android.okhttp.internal.http.HttpEngine.sendRequest(HttpEngine.java:211)
E/StatusCheckThread( 3625): 	at com.android.okhttp.internal.http.HttpURLConnectionImpl.execute(HttpURLConnectionImpl.java:382)
E/StatusCheckThread( 3625): 	at com.android.okhttp.internal.http.HttpURLConnectionImpl.getResponse(HttpURLConnectionImpl.java:332)
E/StatusCheckThread( 3625): 	at com.android.okhttp.internal.http.HttpURLConnectionImpl.getResponseCode(HttpURLConnectionImpl.java:500)
E/StatusCheckThread( 3625): 	at com.mewozz.rfid.controller.StatusCheckThread$2.onFinish(StatusCheckThread.java:72)
E/StatusCheckThread( 3625): 	at android.os.CountDownTimer$1.handleMessage(CountDownTimer.java:127)
E/StatusCheckThread( 3625): 	at android.os.Handler.dispatchMessage(Handler.java:102)
E/StatusCheckThread( 3625): 	at android.os.Looper.loop(Looper.java:135)
E/StatusCheckThread( 3625): 	at com.mewozz.rfid.controller.StatusCheckThread.run(StatusCheckThread.java:101)
D/AndroidRuntime( 4235): >>>>>> START com.android.internal.os.RuntimeInit uid 2000 <<<<<<
D/AndroidRuntime( 4235): CheckJNI is OFF
E/memtrack( 4235): Couldn't load memtrack module (No such file or directory)
E/android.os.Debug( 4235): failed to load memtrack module: -2
D/AndroidRuntime( 4235): Calling main entry com.android.commands.pm.Pm
I/art     ( 4235): System.exit called, status: 0
I/AndroidRuntime( 4235): VM exiting with result code 0.
W/art     ( 3625): Failed to find OatDexFile for DexFile /data/data/com.mewozz.rfid/files/instant-run/dex-temp/reload0x0000.dex ( canonical path /data/data/com.mewozz.rfid/files/instant-run/dex-temp/reload0x0000.dex) with checksum 0xfa8caf45 in OatFile /data/data/com.mewozz.rfid/cache/reload0x0000.dex
I/dex2oat ( 4278): /system/bin/dex2oat --runtime-arg -classpath --runtime-arg  --instruction-set=arm --instruction-set-features=div --runtime-arg -Xrelocate --boot-image=/system/framework/boot.art --dex-file=/data/data/com.mewozz.rfid/files/instant-run/dex-temp/reload0x0000.dex --oat-fd=47 --oat-location=/data/data/com.mewozz.rfid/cache/reload0x0000.dex --runtime-arg -Xms64m --runtime-arg -Xmx512m
I/dex2oat ( 4278): dex2oat took 52.071ms (threads: 4) arena alloc=89KB java alloc=17KB native alloc=718KB free=7MB
D/HeadsetStateMachine( 4529): Disconnected process message: 10, size: 0
I/art     ( 3443): Background sticky concurrent mark sweep GC freed 582(431KB) AllocSpace objects, 32(512KB) LOS objects, 39% free, 1621KB/2MB, paused 5.998ms total 16.359ms
E/Auth    ( 3954): [GoogleAccountDataServiceImpl] getToken() -> NETWORK_ERROR. Account: <ELLIDED:72196448>, App: com.google.android.googlequicksearchbox, Service: oauth2:https://www.googleapis.com/auth/googlenow
E/Auth    ( 3954): efl: Error when calling server.
E/Auth    ( 3954): 	at efm.b(:com.google.android.gms:137)
E/Auth    ( 3954): 	at efm.a(:com.google.android.gms:119)
E/Auth    ( 3954): 	at edt.a(:com.google.android.gms:437)
E/Auth    ( 3954): 	at eds.a(:com.google.android.gms:31404)
E/Auth    ( 3954): 	at eds.a(:com.google.android.gms:297)
E/Auth    ( 3954): 	at flg.a(:com.google.android.gms:1189)
E/Auth    ( 3954): 	at flf.a(:com.google.android.gms:480)
E/Auth    ( 3954): 	at flf.a(:com.google.android.gms:185)
E/Auth    ( 3954): 	at eaa.a(:com.google.android.gms:370)
E/Auth    ( 3954): 	at eaa.a(:com.google.android.gms:225)
E/Auth    ( 3954): 	at bwf.onTransact(:com.google.android.gms:137)
E/Auth    ( 3954): 	at android.os.Binder.transact(Binder.java:380)
E/Auth    ( 3954): 	at byl.onTransact(:com.google.android.gms:35)
E/Auth    ( 3954): 	at android.os.Binder.execTransact(Binder.java:446)
E/Auth    ( 3954): Caused by: java.net.SocketTimeoutException: failed to connect to android.clients.google.com/64.233.189.139 (port 443) after 30000ms
E/Auth    ( 3954): 	at libcore.io.IoBridge.connectErrno(IoBridge.java:169)
E/Auth    ( 3954): 	at libcore.io.IoBridge.connect(IoBridge.java:122)
E/Auth    ( 3954): 	at java.net.PlainSocketImpl.connect(PlainSocketImpl.java:183)
E/Auth    ( 3954): 	at java.net.PlainSocketImpl.connect(PlainSocketImpl.java:456)
E/Auth    ( 3954): 	at java.net.Socket.connect(Socket.java:882)
E/Auth    ( 3954): 	at com.android.okhttp.internal.Platform.connectSocket(Platform.java:174)
E/Auth    ( 3954): 	at com.android.okhttp.Connection.connect(Connection.java:152)
E/Auth    ( 3954): 	at com.android.okhttp.internal.http.HttpEngine.connect(HttpEngine.java:276)
E/Auth    ( 3954): 	at com.android.okhttp.internal.http.HttpEngine.sendRequest(HttpEngine.java:211)
E/Auth    ( 3954): 	at com.android.okhttp.internal.http.HttpURLConnectionImpl.execute(HttpURLConnectionImpl.java:382)
E/Auth    ( 3954): 	at com.android.okhttp.internal.http.HttpURLConnectionImpl.connect(HttpURLConnectionImpl.java:106)
E/Auth    ( 3954): 	at com.android.okhttp.internal.http.HttpURLConnectionImpl.getOutputStream(HttpURLConnectionImpl.java:217)
E/Auth    ( 3954): 	at com.android.okhttp.internal.http.DelegatingHttpsURLConnection.getOutputStream(DelegatingHttpsURLConnection.java:218)
E/Auth    ( 3954): 	at com.android.okhttp.internal.http.HttpsURLConnectionImpl.getOutputStream(HttpsURLConnectionImpl.java:25)
E/Auth    ( 3954): 	at sjs.a(:com.google.android.gms:949)
E/Auth    ( 3954): 	at sjs.a(:com.google.android.gms:767)
E/Auth    ( 3954): 	at fqt.a(:com.google.android.gms:2666)
E/Auth    ( 3954): 	at fqt.a(:com.google.android.gms:120)
E/Auth    ( 3954): 	at efm.b(:com.google.android.gms:27242)
E/Auth    ( 3954): 	... 13 more
W/Auth    ( 3954): [GetToken] GetToken failed with status code: NetworkError
W/Search.LoginHelper( 4481): IO exception for scope: oauth2:https://www.googleapis.com/auth/googlenow
W/Search.LoginHelper( 4481): java.io.IOException: NetworkError
W/Search.LoginHelper( 4481): 	at com.google.android.gms.auth.d.k(Unknown Source)
W/Search.LoginHelper( 4481): 	at com.google.android.gms.auth.c.a(Unknown Source)
W/Search.LoginHelper( 4481): 	at com.google.android.gms.auth.c.b(Unknown Source)
W/Search.LoginHelper( 4481): 	at com.google.android.gms.auth.b.a(Unknown Source)
W/Search.LoginHelper( 4481): 	at com.google.android.gms.auth.b.a(Unknown Source)
W/Search.LoginHelper( 4481): 	at com.google.android.apps.gsa.search.core.google.gaia.p.b(SourceFile:12)
W/Search.LoginHelper( 4481): 	at com.google.android.apps.gsa.search.core.google.gaia.l.b(SourceFile:49)
W/Search.LoginHelper( 4481): 	at com.google.android.apps.gsa.search.core.google.gaia.i.a(SourceFile:23)
W/Search.LoginHelper( 4481): 	at com.google.android.apps.gsa.search.core.google.gaia.i.b(SourceFile:8)
W/Search.LoginHelper( 4481): 	at com.google.android.apps.gsa.search.core.google.gaia.q.b(SourceFile:284)
W/Search.LoginHelper( 4481): 	at com.google.android.apps.gsa.search.core.google.gaia.s.call(SourceFile:5)
W/Search.LoginHelper( 4481): 	at java.util.concurrent.FutureTask.run(FutureTask.java:237)
W/Search.LoginHelper( 4481): 	at com.google.android.apps.gsa.shared.util.concurrent.a.ax.run(SourceFile:14)
W/Search.LoginHelper( 4481): 	at com.google.android.apps.gsa.shared.util.concurrent.a.bl.run(SourceFile:4)
W/Search.LoginHelper( 4481): 	at com.google.android.apps.gsa.shared.util.concurrent.a.bl.run(SourceFile:4)
W/Search.LoginHelper( 4481): 	at java.util.concurrent.ThreadPoolExecutor.runWorker(ThreadPoolExecutor.java:1112)
W/Search.LoginHelper( 4481): 	at java.util.concurrent.ThreadPoolExecutor$Worker.run(ThreadPoolExecutor.java:587)
W/Search.LoginHelper( 4481): 	at java.lang.Thread.run(Thread.java:818)
W/Search.LoginHelper( 4481): 	at com.google.android.apps.gsa.shared.util.concurrent.a.ai.run(SourceFile:6)
I/Auth    ( 4481): [GoogleAuthUtil] GoogleAuthUtil
W/Search.LoginHelper( 4481): IO exception for scope: oauth2:https://www.googleapis.com/auth/googlenow
W/Search.LoginHelper( 4481): java.io.IOException: Error on service connection.
W/Search.LoginHelper( 4481): 	at com.google.android.gms.auth.c.a(Unknown Source)
W/Search.LoginHelper( 4481): 	at com.google.android.gms.auth.c.b(Unknown Source)
W/Search.LoginHelper( 4481): 	at com.google.android.gms.auth.b.a(Unknown Source)
W/Search.LoginHelper( 4481): 	at com.google.android.gms.auth.b.a(Unknown Source)
W/Search.LoginHelper( 4481): 	at com.google.android.apps.gsa.search.core.google.gaia.p.b(SourceFile:12)
W/Search.LoginHelper( 4481): 	at com.google.android.apps.gsa.search.core.google.gaia.l.b(SourceFile:49)
W/Search.LoginHelper( 4481): 	at com.google.android.apps.gsa.search.core.google.gaia.i.a(SourceFile:23)
W/Search.LoginHelper( 4481): 	at com.google.android.apps.gsa.search.core.google.gaia.i.b(SourceFile:8)
W/Search.LoginHelper( 4481): 	at com.google.android.apps.gsa.search.core.google.gaia.q.b(SourceFile:284)
W/Search.LoginHelper( 4481): 	at com.google.android.apps.gsa.search.core.google.gaia.s.call(SourceFile:5)
W/Search.LoginHelper( 4481): 	at java.util.concurrent.FutureTask.run(FutureTask.java:237)
W/Search.LoginHelper( 4481): 	at com.google.android.apps.gsa.shared.util.concurrent.a.ax.run(SourceFile:14)
W/Search.LoginHelper( 4481): 	at com.google.android.apps.gsa.shared.util.concurrent.a.bl.run(SourceFile:4)
W/Search.LoginHelper( 4481): 	at com.google.android.apps.gsa.shared.util.concurrent.a.bl.run(SourceFile:4)
W/Search.LoginHelper( 4481): 	at java.util.concurrent.ThreadPoolExecutor.runWorker(ThreadPoolExecutor.java:1112)
W/Search.LoginHelper( 4481): 	at java.util.concurrent.ThreadPoolExecutor$Worker.run(ThreadPoolExecutor.java:587)
W/Search.LoginHelper( 4481): 	at java.lang.Thread.run(Thread.java:818)
W/Search.LoginHelper( 4481): 	at com.google.android.apps.gsa.shared.util.concurrent.a.ai.run(SourceFile:6)
W/Search.LoginHelper( 4481): Caused by: java.lang.InterruptedException
W/Search.LoginHelper( 4481): 	at java.util.concurrent.locks.AbstractQueuedSynchronizer.acquireInterruptibly(AbstractQueuedSynchronizer.java:1197)
W/Search.LoginHelper( 4481): 	at java.util.concurrent.locks.ReentrantLock.lockInterruptibly(ReentrantLock.java:306)
W/Search.LoginHelper( 4481): 	at java.util.concurrent.LinkedBlockingQueue.take(LinkedBlockingQueue.java:407)
W/Search.LoginHelper( 4481): 	at com.google.android.gms.auth.c.a(Unknown Source)
W/Search.LoginHelper( 4481): 	... 17 more
W/ActivityManager(  877): getRecentTasks: caller 10090 does not hold REAL_GET_TASKS; limiting output
D/BluetoothAdapter( 7635): startLeScan(): null
D/BtGatt.GattService( 4529): registerClient() - UUID=c62a7e84-051a-4d39-beed-64fc0431f161
D/BtGatt.GattService( 4529): onClientRegistered() - UUID=c62a7e84-051a-4d39-beed-64fc0431f161, clientIf=5
D/BluetoothLeScanner( 7635): onClientRegistered() - status=0 clientIf=5
D/BtGatt.GattService( 4529): start scan with filters
D/BtGatt.ScanManager( 4529): handling starting scan
D/BtGatt.ScanManager( 4529): configureRegularScanParams() - queue=1
D/BtGatt.ScanManager( 4529): configureRegularScanParams() - ScanSetting Scan mode=2 mLastConfiguredScanSetting=-2147483648
W/Settings( 7635): Setting auto_time has moved from android.provider.Settings.System to android.provider.Settings.Global, returning read-only value.
D/BluetoothAdapter( 7635): stopLeScan()
D/BtGatt.GattService( 4529): stopScan() - queue size =1
D/BtGatt.ScanManager( 4529): stop scan
D/BtGatt.ScanManager( 4529): configureRegularScanParams() - queue=0
D/BtGatt.ScanManager( 4529): configureRegularScanParams() - ScanSetting Scan mode=-2147483648 mLastConfiguredScanSetting=2
D/BtGatt.ScanManager( 4529): configureRegularScanParams() - queue emtpy, scan stopped
D/BtGatt.GattService( 4529): unregisterClient() - clientIf=5
W/Settings( 7635): Setting auto_time has moved from android.provider.Settings.System to android.provider.Settings.Global, returning read-only value.
W/Settings( 7635): Setting auto_time has moved from android.provider.Settings.System to android.provider.Settings.Global, returning read-only value.
W/ProcessCpuTracker(  877): Skipping unknown process pid 4661
E/StatsUploadJobService( 4761): error getting auth token
W/StatsUploadJobService( 4761): no auth token!
E/StatsUploadJobService( 4761): Could not upload stats checkin to cyanogen server
D/HeadsetStateMachine( 4529): Disconnected process message: 10, size: 0
E/StatusCheckThread( 3625): java.net.SocketTimeoutException: failed to connect to /118.189.75.47 (port 80) after 3000ms
E/StatusCheckThread( 3625): 	at libcore.io.IoBridge.connectErrno(IoBridge.java:169)
E/StatusCheckThread( 3625): 	at libcore.io.IoBridge.connect(IoBridge.java:122)
E/StatusCheckThread( 3625): 	at java.net.PlainSocketImpl.connect(PlainSocketImpl.java:183)
E/StatusCheckThread( 3625): 	at java.net.PlainSocketImpl.connect(PlainSocketImpl.java:456)
E/StatusCheckThread( 3625): 	at java.net.Socket.connect(Socket.java:882)
E/StatusCheckThread( 3625): 	at com.android.okhttp.internal.Platform.connectSocket(Platform.java:174)
E/StatusCheckThread( 3625): 	at com.android.okhttp.Connection.connect(Connection.java:152)
E/StatusCheckThread( 3625): 	at com.android.okhttp.internal.http.HttpEngine.connect(HttpEngine.java:276)
E/StatusCheckThread( 3625): 	at com.android.okhttp.internal.http.HttpEngine.sendRequest(HttpEngine.java:211)
E/StatusCheckThread( 3625): 	at com.android.okhttp.internal.http.HttpURLConnectionImpl.execute(HttpURLConnectionImpl.java:382)
E/StatusCheckThread( 3625): 	at com.android.okhttp.internal.http.HttpURLConnectionImpl.getResponse(HttpURLConnectionImpl.java:332)
E/StatusCheckThread( 3625): 	at com.android.okhttp.internal.http.HttpURLConnectionImpl.getResponseCode(HttpURLConnectionImpl.java:500)
E/StatusCheckThread( 3625): 	at com.mewozz.rfid.controller.StatusCheckThread$2.onFinish(StatusCheckThread.java:72)
E/StatusCheckThread( 3625): 	at android.os.CountDownTimer$1.handleMessage(CountDownTimer.java:127)
E/StatusCheckThread( 3625): 	at android.os.Handler.dispatchMessage(Handler.java:102)
E/StatusCheckThread( 3625): 	at android.os.Looper.loop(Looper.java:135)
E/StatusCheckThread( 3625): 	at com.mewozz.rfid.controller.StatusCheckThread.run(StatusCheckThread.java:101)
I/PlayCommon( 1543): [1483] com.google.android.play.a.g.e(220): Preparing logs for uploading
I/PlayCommon( 1543): [1483] com.google.android.play.a.g.e(224): No file ready to send
D/HeadsetStateMachine( 4529): Disconnected process message: 10, size: 0
I/Process ( 3625): Sending signal. PID: 3625 SIG: 9
I/WindowState(  877): WIN DEATH: Window{147edfd4 u0 com.mewozz.rfid/com.mewozz.rfid.activity.RoomSelectActivity}
W/InputDispatcher(  877): channel '4a29810 com.mewozz.rfid/com.mewozz.rfid.activity.MainActivity (server)' ~ Consumer closed input channel or an error occurred.  events=0x9
E/InputDispatcher(  877): channel '4a29810 com.mewozz.rfid/com.mewozz.rfid.activity.MainActivity (server)' ~ Channel is unrecoverably broken and will be disposed!
I/WindowState(  877): WIN DEATH: Window{4a29810 u0 com.mewozz.rfid/com.mewozz.rfid.activity.MainActivity}
W/InputDispatcher(  877): Attempted to unregister already unregistered input channel '4a29810 com.mewozz.rfid/com.mewozz.rfid.activity.MainActivity (server)'
I/ActivityManager(  877): Process com.mewozz.rfid (pid 3625) has died
V/WindowManager(  877): Adding window Window{31d76724 u0 Starting com.mewozz.rfid} at 6 of 11 (after Window{1d3b30f u0 com.google.android.googlequicksearchbox/com.google.android.apps.gsa.searchnow.SearchNowActivity})
I/art     ( 5110): Late-enabling -Xcheck:jni
I/ActivityManager(  877): Start proc 5110:com.mewozz.rfid/u0a103 for activity com.mewozz.rfid/.activity.MainActivity
W/ActivityManager(  877): getRunningAppProcesses: caller 10103 does not hold REAL_GET_TASKS; limiting output
I/InstantRun( 5110): starting instant run server: is main process
D/RfidSdkWrapper( 5110): Creating new instance
I/stetho  ( 5110): Listening on @stetho_com.mewozz.rfid_devtools_remote
D/BluetoothManagerService(  877): Message: 20
D/BluetoothManagerService(  877): Added callback: android.bluetooth.IBluetoothManagerCallback$Stub$Proxy@26090c42:true
I/System.out( 5110): loadPairedDevices RFD850016078523020084
W/art     ( 5110): Suspending all threads took: 23.868ms
I/art     ( 5110): Background partial concurrent mark sweep GC freed 428(65KB) AllocSpace objects, 0(0B) LOS objects, 40% free, 1509KB/2MB, paused 26.041ms total 63.314ms
D/RFIDAPI3( 5110): MESSAGE_STATE_CHANGE: 2
W/art     ( 5110): Before Android 4.1, method android.graphics.PorterDuffColorFilter android.support.graphics.drawable.VectorDrawableCompat.updateTintFilter(android.graphics.PorterDuffColorFilter, android.content.res.ColorStateList, android.graphics.PorterDuff$Mode) would have incorrectly overridden the package-private method in android.graphics.drawable.Drawable
W/BluetoothAdapter( 5110): getBluetoothService() called with no BluetoothManagerCallback
D/BTIF_SOCK( 4529): service_uuid: 2ad8a392-0e49-e52c-a6d2-60834c012263
W/bt-l2cap( 4529): L2CA_ErtmConnectReq()  PSM: 0x0001  BDA: b0b44807e857  p_ertm_info: 0x00000000 allowed:0x0 preferred:0
E/Auth    ( 3954): [GoogleAccountDataServiceImpl] getToken() -> NETWORK_ERROR. Account: <ELLIDED:72196448>, App: com.google.android.gms, Service: oauth2:https://www.googleapis.com/auth/games
E/Auth    ( 3954): efl: Error when calling server.
E/Auth    ( 3954): 	at efm.b(:com.google.android.gms:137)
E/Auth    ( 3954): 	at efm.a(:com.google.android.gms:119)
E/Auth    ( 3954): 	at edt.a(:com.google.android.gms:437)
E/Auth    ( 3954): 	at eds.a(:com.google.android.gms:31404)
E/Auth    ( 3954): 	at eds.a(:com.google.android.gms:297)
E/Auth    ( 3954): 	at flg.a(:com.google.android.gms:1189)
