W/System.err( 8664): 	at com.estrongs.android.pop.app.b.ah.c(Unknown Source)
W/System.err( 8664): 	at com.estrongs.android.pop.app.b.ah.a(Unknown Source)
W/System.err( 8664): 	at com.estrongs.android.pop.app.scene.e.o.a(Unknown Source)
W/System.err( 8664): 	at com.estrongs.android.scanner.c.m.run(Unknown Source)
W/System.err( 8664): 	at java.util.concurrent.ThreadPoolExecutor.runWorker(ThreadPoolExecutor.java:1112)
W/System.err( 8664): 	at java.util.concurrent.ThreadPoolExecutor$Worker.run(ThreadPoolExecutor.java:587)
W/System.err( 8664): 	at java.lang.Thread.run(Thread.java:818)
W/System.err( 8664): android.content.pm.PackageManager$NameNotFoundException
W/System.err( 8664): 	at android.app.ApplicationPackageManager.getPackageInfo(ApplicationPackageManager.java:115)
W/System.err( 8664): 	at com.estrongs.android.pop.app.b.ah.c(Unknown Source)
W/System.err( 8664): 	at com.estrongs.android.pop.app.b.ah.a(Unknown Source)
W/System.err( 8664): 	at com.estrongs.android.pop.app.scene.e.o.a(Unknown Source)
W/System.err( 8664): 	at com.estrongs.android.scanner.c.m.run(Unknown Source)
W/System.err( 8664): 	at java.util.concurrent.ThreadPoolExecutor.runWorker(ThreadPoolExecutor.java:1112)
W/System.err( 8664): 	at java.util.concurrent.ThreadPoolExecutor$Worker.run(ThreadPoolExecutor.java:587)
W/System.err( 8664): 	at java.lang.Thread.run(Thread.java:818)
D/MainActivity( 5110): device false
D/MainActivity( 5110): device false
D/MainActivity( 5110): device false
D/MainActivity( 5110): device false
E/StatusCheckThread( 5110): java.net.SocketTimeoutException: failed to connect to /118.189.75.47 (port 80) after 3000ms
E/StatusCheckThread( 5110): 	at libcore.io.IoBridge.connectErrno(IoBridge.java:169)
E/StatusCheckThread( 5110): 	at libcore.io.IoBridge.connect(IoBridge.java:122)
E/StatusCheckThread( 5110): 	at java.net.PlainSocketImpl.connect(PlainSocketImpl.java:183)
E/StatusCheckThread( 5110): 	at java.net.PlainSocketImpl.connect(PlainSocketImpl.java:456)
E/StatusCheckThread( 5110): 	at java.net.Socket.connect(Socket.java:882)
E/StatusCheckThread( 5110): 	at com.android.okhttp.internal.Platform.connectSocket(Platform.java:174)
E/StatusCheckThread( 5110): 	at com.android.okhttp.Connection.connect(Connection.java:152)
E/StatusCheckThread( 5110): 	at com.android.okhttp.internal.http.HttpEngine.connect(HttpEngine.java:276)
E/StatusCheckThread( 5110): 	at com.android.okhttp.internal.http.HttpEngine.sendRequest(HttpEngine.java:211)
E/StatusCheckThread( 5110): 	at com.android.okhttp.internal.http.HttpURLConnectionImpl.execute(HttpURLConnectionImpl.java:382)
E/StatusCheckThread( 5110): 	at com.android.okhttp.internal.http.HttpURLConnectionImpl.getResponse(HttpURLConnectionImpl.java:332)
E/StatusCheckThread( 5110): 	at com.android.okhttp.internal.http.HttpURLConnectionImpl.getResponseCode(HttpURLConnectionImpl.java:500)
E/StatusCheckThread( 5110): 	at com.mewozz.rfid.controller.StatusCheckThread$2.onFinish(StatusCheckThread.java:72)
E/StatusCheckThread( 5110): 	at android.os.CountDownTimer$1.handleMessage(CountDownTimer.java:127)
E/StatusCheckThread( 5110): 	at android.os.Handler.dispatchMessage(Handler.java:102)
E/StatusCheckThread( 5110): 	at android.os.Looper.loop(Looper.java:135)
E/StatusCheckThread( 5110): 	at com.mewozz.rfid.controller.StatusCheckThread.run(StatusCheckThread.java:101)
D/MainActivity( 5110): server false
D/MainActivity( 5110): device false
D/MainActivity( 5110): device false
D/MainActivity( 5110): device false
D/MainActivity( 5110): device false
D/MainActivity( 5110): device false
D/MainActivity( 5110): server true
D/MainActivity( 5110): device false
D/MainActivity( 5110): device false
D/HeadsetStateMachine( 4529): Disconnected process message: 10, size: 0
D/MainActivity( 5110): device false
D/MainActivity( 5110): device false
D/MainActivity( 5110): device false
D/MainActivity( 5110): server true
D/MainActivity( 5110): device false
D/MainActivity( 5110): device false
D/MainActivity( 5110): device false
I/dex2oat ( 9450): /system/bin/dex2oat --runtime-arg -classpath --runtime-arg  --instruction-set=arm --instruction-set-features=div --runtime-arg -Xrelocate --boot-image=/system/framework/boot.art --dex-file=/data/data/com.google.android.gms/app_fb/f.apk --oat-fd=34 --oat-location=/data/data/com.google.android.gms/app_fb/f.dex --runtime-arg -Xms64m --runtime-arg -Xmx512m
I/dex2oat ( 9450): dex2oat took 93.064ms (threads: 4) arena alloc=94KB java alloc=18KB native alloc=1298KB free=6MB
D/libEGL  ( 8649): loaded /system/lib/egl/libEGL_tegra.so
I/        ( 8649): Attempting to load EGL implementation /system/lib/egl/libEGL_tegra_impl
I/        ( 8649): Loaded EGL implementation /system/lib/egl/libEGL_tegra_impl
D/libEGL  ( 8649): loaded /system/lib/egl/libGLESv1_CM_tegra.so
D/libEGL  ( 8649): loaded /system/lib/egl/libGLESv2_tegra.so
I/        ( 8649): Loading GLESv2 implementation /system/lib/egl/libGLESv2_tegra_impl
E/Drm     (  227): Failed to find drm plugin
D/MainActivity( 5110): device false
D/MainActivity( 5110): device false
D/MainActivity( 5110): server true
D/MainActivity( 5110): device false
D/MainActivity( 5110): device false
D/MainActivity( 5110): device false
D/MainActivity( 5110): device false
D/MainActivity( 5110): device false
D/MainActivity( 5110): server true
D/MainActivity( 5110): device false
D/MainActivity( 5110): device false
D/MainActivity( 5110): device false
D/MainActivity( 5110): device false
D/MainActivity( 5110): device false
D/MainActivity( 5110): server true
D/MainActivity( 5110): device false
D/MainActivity( 5110): device false
I/PlayCommon( 1543): [1483] com.google.android.play.a.g.e(220): Preparing logs for uploading
I/PlayCommon( 1543): [1483] com.google.android.play.a.g.e(224): No file ready to send
D/MainActivity( 5110): device false
D/MainActivity( 5110): device false
D/MainActivity( 5110): device false
D/MainActivity( 5110): server true
D/MainActivity( 5110): device false
D/MainActivity( 5110): device false
D/MainActivity( 5110): device false
D/MainActivity( 5110): device false
D/MainActivity( 5110): device false
D/MainActivity( 5110): server true
D/MainActivity( 5110): device false
D/HeadsetStateMachine( 4529): Disconnected process message: 10, size: 0
D/MainActivity( 5110): device false
D/MainActivity( 5110): device false
D/MainActivity( 5110): device false
D/MainActivity( 5110): device false
D/MainActivity( 5110): server true
D/MainActivity( 5110): device false
D/MainActivity( 5110): device false
D/MainActivity( 5110): device false
D/MainActivity( 5110): device false
D/MainActivity( 5110): device false
D/MainActivity( 5110): server true
D/MainActivity( 5110): device false
W/ResourceType( 2781): No package identifier when getting value for resource number 0x00000000
W/PackageManager( 2781): Failure retrieving resources for com.mewozz.rfid: Resource ID #0x0
I/ActivityManager(  877): START u0 {act=com.android.systemui.recents.SHOW_RECENTS flg=0x10804000 cmp=com.android.systemui/.recents.RecentsActivity} from uid 10017 on display 0
W/SurfaceFlinger(  199): captureScreen: error creating EGL fence: 0x3004
D/SocketConn( 5110): Socket dc
I/Timeline( 2781): Timeline: Activity_idle id: android.os.BinderProxy@2a3290d5 time:315347629
I/Timeline(  877): Timeline: Activity_windows_visible id: ActivityRecord{b109310 u0 com.android.systemui/.recents.RecentsActivity t1449} time:315348025
W/ResourceType( 2781): No package identifier when getting value for resource number 0x00000000
W/PackageManager( 2781): Failure retrieving resources for com.mewozz.rfid: Resource ID #0x0
I/UsageStatsService(  877): User[0] Flushing usage stats to disk
I/art     (  877): Background sticky concurrent mark sweep GC freed 106880(4MB) AllocSpace objects, 7(112KB) LOS objects, 13% free, 33MB/38MB, paused 3.375ms total 114.762ms
I/PlayCommon( 1543): [1444] com.google.android.play.a.g.e(220): Preparing logs for uploading
D/HeadsetStateMachine( 4529): Disconnected process message: 10, size: 0
E/StatusCheckThread( 5110): java.net.SocketTimeoutException: failed to connect to /118.189.75.47 (port 80) after 3000ms
E/StatusCheckThread( 5110): 	at libcore.io.IoBridge.connectErrno(IoBridge.java:169)
E/StatusCheckThread( 5110): 	at libcore.io.IoBridge.connect(IoBridge.java:122)
E/StatusCheckThread( 5110): 	at java.net.PlainSocketImpl.connect(PlainSocketImpl.java:183)
E/StatusCheckThread( 5110): 	at java.net.PlainSocketImpl.connect(PlainSocketImpl.java:456)
E/StatusCheckThread( 5110): 	at java.net.Socket.connect(Socket.java:882)
E/StatusCheckThread( 5110): 	at com.android.okhttp.internal.Platform.connectSocket(Platform.java:174)
E/StatusCheckThread( 5110): 	at com.android.okhttp.Connection.connect(Connection.java:152)
E/StatusCheckThread( 5110): 	at com.android.okhttp.internal.http.HttpEngine.connect(HttpEngine.java:276)
E/StatusCheckThread( 5110): 	at com.android.okhttp.internal.http.HttpEngine.sendRequest(HttpEngine.java:211)
E/StatusCheckThread( 5110): 	at com.android.okhttp.internal.http.HttpURLConnectionImpl.execute(HttpURLConnectionImpl.java:382)
E/StatusCheckThread( 5110): 	at com.android.okhttp.internal.http.HttpURLConnectionImpl.getResponse(HttpURLConnectionImpl.java:332)
E/StatusCheckThread( 5110): 	at com.android.okhttp.internal.http.HttpURLConnectionImpl.getResponseCode(HttpURLConnectionImpl.java:500)
E/StatusCheckThread( 5110): 	at com.mewozz.rfid.controller.StatusCheckThread$2.onFinish(StatusCheckThread.java:72)
E/StatusCheckThread( 5110): 	at android.os.CountDownTimer$1.handleMessage(CountDownTimer.java:127)
E/StatusCheckThread( 5110): 	at android.os.Handler.dispatchMessage(Handler.java:102)
E/StatusCheckThread( 5110): 	at android.os.Looper.loop(Looper.java:135)
E/StatusCheckThread( 5110): 	at com.mewozz.rfid.controller.StatusCheckThread.run(StatusCheckThread.java:101)
I/art     ( 2781): Background sticky concurrent mark sweep GC freed 258338(10MB) AllocSpace objects, 0(0B) LOS objects, 20% free, 31MB/39MB, paused 9.523ms total 119.258ms
W/GLSUser ( 3954): [AppCertManager] IOException while requesting key: 
W/GLSUser ( 3954): java.net.SocketTimeoutException: failed to connect to android.clients.google.com/74.125.204.100 (port 443) after 30000ms
W/GLSUser ( 3954): 	at libcore.io.IoBridge.connectErrno(IoBridge.java:169)
W/GLSUser ( 3954): 	at libcore.io.IoBridge.connect(IoBridge.java:122)
W/GLSUser ( 3954): 	at java.net.PlainSocketImpl.connect(PlainSocketImpl.java:183)
W/GLSUser ( 3954): 	at java.net.PlainSocketImpl.connect(PlainSocketImpl.java:456)
W/GLSUser ( 3954): 	at java.net.Socket.connect(Socket.java:882)
W/GLSUser ( 3954): 	at com.android.okhttp.internal.Platform.connectSocket(Platform.java:174)
W/GLSUser ( 3954): 	at com.android.okhttp.Connection.connect(Connection.java:152)
W/GLSUser ( 3954): 	at com.android.okhttp.internal.http.HttpEngine.connect(HttpEngine.java:276)
W/GLSUser ( 3954): 	at com.android.okhttp.internal.http.HttpEngine.sendRequest(HttpEngine.java:211)
W/GLSUser ( 3954): 	at com.android.okhttp.internal.http.HttpURLConnectionImpl.execute(HttpURLConnectionImpl.java:382)
W/GLSUser ( 3954): 	at com.android.okhttp.internal.http.HttpURLConnectionImpl.connect(HttpURLConnectionImpl.java:106)
W/GLSUser ( 3954): 	at com.android.okhttp.internal.http.HttpURLConnectionImpl.getOutputStream(HttpURLConnectionImpl.java:217)
W/GLSUser ( 3954): 	at com.android.okhttp.internal.http.DelegatingHttpsURLConnection.getOutputStream(DelegatingHttpsURLConnection.java:218)
W/GLSUser ( 3954): 	at com.android.okhttp.internal.http.HttpsURLConnectionImpl.getOutputStream(HttpsURLConnectionImpl.java:25)
W/GLSUser ( 3954): 	at sjs.a(:com.google.android.gms:949)
W/GLSUser ( 3954): 	at sjs.a(:com.google.android.gms:767)
W/GLSUser ( 3954): 	at sjs.execute(:com.google.android.gms:675)
W/GLSUser ( 3954): 	at sjs.execute(:com.google.android.gms:659)
W/GLSUser ( 3954): 	at edq.a(:com.google.android.gms:221)
W/GLSUser ( 3954): 	at ewg.a(:com.google.android.gms:267)
W/GLSUser ( 3954): 	at ewg.a(:com.google.android.gms:4238)
W/GLSUser ( 3954): 	at ewf.a(:com.google.android.gms:45)
W/GLSUser ( 3954): 	at evz.a(:com.google.android.gms:50)
W/GLSUser ( 3954): 	at evy.a(:com.google.android.gms:104)
W/GLSUser ( 3954): 	at com.google.android.gms.auth.account.be.legacy.AuthCronChimeraService.b(:com.google.android.gms:4049)
W/GLSUser ( 3954): 	at edi.call(:com.google.android.gms:2041)
W/GLSUser ( 3954): 	at java.util.concurrent.FutureTask.run(FutureTask.java:237)
W/GLSUser ( 3954): 	at lmq.run(:com.google.android.gms:450)
W/GLSUser ( 3954): 	at java.util.concurrent.ThreadPoolExecutor.runWorker(ThreadPoolExecutor.java:1112)
W/GLSUser ( 3954): 	at java.util.concurrent.ThreadPoolExecutor$Worker.run(ThreadPoolExecutor.java:587)
W/GLSUser ( 3954): 	at lra.run(:com.google.android.gms:17)
W/GLSUser ( 3954): 	at java.lang.Thread.run(Thread.java:818)
I/art     ( 3443): Background partial concurrent mark sweep GC freed 1468(451KB) AllocSpace objects, 31(496KB) LOS objects, 39% free, 1605KB/2MB, paused 6.042ms total 27.848ms
I/art     (  877): Background partial concurrent mark sweep GC freed 164040(7MB) AllocSpace objects, 2(2MB) LOS objects, 33% free, 28MB/42MB, paused 3.786ms total 171.451ms
E/Auth    ( 3954): [GoogleAccountDataServiceImpl] getToken() -> NETWORK_ERROR. Account: <ELLIDED:72196448>, App: com.google.android.gms, Service: oauth2:https://www.googleapis.com/auth/games
E/Auth    ( 3954): efl: Error when calling server.
E/Auth    ( 3954): 	at efm.b(:com.google.android.gms:137)
E/Auth    ( 3954): 	at efm.a(:com.google.android.gms:119)
E/Auth    ( 3954): 	at edt.a(:com.google.android.gms:437)
E/Auth    ( 3954): 	at eds.a(:com.google.android.gms:31404)
E/Auth    ( 3954): 	at eds.a(:com.google.android.gms:297)
E/Auth    ( 3954): 	at flg.a(:com.google.android.gms:1189)
E/Auth    ( 3954): 	at flf.a(:com.google.android.gms:480)
E/Auth    ( 3954): 	at flf.a(:com.google.android.gms:185)
E/Auth    ( 3954): 	at eaa.a(:com.google.android.gms:370)
E/Auth    ( 3954): 	at eaa.a(:com.google.android.gms:225)
E/Auth    ( 3954): 	at eai.a(:com.google.android.gms:1438)
E/Auth    ( 3954): 	at eah.a(:com.google.android.gms:752)
E/Auth    ( 3954): 	at eah.e(:com.google.android.gms:463)
E/Auth    ( 3954): 	at eag.a(:com.google.android.gms:36)
E/Auth    ( 3954): 	at ecb.getAuthToken(:com.google.android.gms:195)
E/Auth    ( 3954): 	at android.accounts.AbstractAccountAuthenticator$Transport.getAuthToken(AbstractAccountAuthenticator.java:196)
E/Auth    ( 3954): 	at android.accounts.IAccountAuthenticator$Stub.onTransact(IAccountAuthenticator.java:113)
E/Auth    ( 3954): 	at android.os.Binder.transact(Binder.java:380)
E/Auth    ( 3954): 	at byl.onTransact(:com.google.android.gms:35)
E/Auth    ( 3954): 	at android.os.Binder.execTransact(Binder.java:446)
E/Auth    ( 3954): Caused by: java.net.SocketTimeoutException: failed to connect to android.clients.google.com/74.125.204.100 (port 443) after 30000ms
E/Auth    ( 3954): 	at libcore.io.IoBridge.connectErrno(IoBridge.java:169)
E/Auth    ( 3954): 	at libcore.io.IoBridge.connect(IoBridge.java:122)
E/Auth    ( 3954): 	at java.net.PlainSocketImpl.connect(PlainSocketImpl.java:183)
E/Auth    ( 3954): 	at java.net.PlainSocketImpl.connect(PlainSocketImpl.java:456)
E/Auth    ( 3954): 	at java.net.Socket.connect(Socket.java:882)
E/Auth    ( 3954): 	at com.android.okhttp.internal.Platform.connectSocket(Platform.java:174)
E/Auth    ( 3954): 	at com.android.okhttp.Connection.connect(Connection.java:152)
E/Auth    ( 3954): 	at com.android.okhttp.internal.http.HttpEngine.connect(HttpEngine.java:276)
E/Auth    ( 3954): 	at com.android.okhttp.internal.http.HttpEngine.sendRequest(HttpEngine.java:211)
E/Auth    ( 3954): 	at com.android.okhttp.internal.http.HttpURLConnectionImpl.execute(HttpURLConnectionImpl.java:382)
E/Auth    ( 3954): 	at com.android.okhttp.internal.http.HttpURLConnectionImpl.connect(HttpURLConnectionImpl.java:106)
E/Auth    ( 3954): 	at com.android.okhttp.internal.http.HttpURLConnectionImpl.getOutputStream(HttpURLConnectionImpl.java:217)
E/Auth    ( 3954): 	at com.android.okhttp.internal.http.DelegatingHttpsURLConnection.getOutputStream(DelegatingHttpsURLConnection.java:218)
E/Auth    ( 3954): 	at com.android.okhttp.internal.http.HttpsURLConnectionImpl.getOutputStream(HttpsURLConnectionImpl.java:25)
E/Auth    ( 3954): 	at sjs.a(:com.google.android.gms:949)
E/Auth    ( 3954): 	at sjs.a(:com.google.android.gms:767)
E/Auth    ( 3954): 	at fqt.a(:com.google.android.gms:2666)
E/Auth    ( 3954): 	at fqt.a(:com.google.android.gms:120)
E/Auth    ( 3954): 	at efm.b(:com.google.android.gms:27242)
E/Auth    ( 3954): 	... 19 more
W/Auth    ( 3954): [GetToken] GetToken failed with status code: NetworkError
W/GLSActivity( 3954): java.io.IOException: NetworkError
W/GLSActivity( 3954): 	at eai.a(:com.google.android.gms:1457)
W/GLSActivity( 3954): 	at eah.a(:com.google.android.gms:752)
W/GLSActivity( 3954): 	at eah.e(:com.google.android.gms:463)
W/GLSActivity( 3954): 	at eag.a(:com.google.android.gms:36)
W/GLSActivity( 3954): 	at ecb.getAuthToken(:com.google.android.gms:195)
W/GLSActivity( 3954): 	at android.accounts.AbstractAccountAuthenticator$Transport.getAuthToken(AbstractAccountAuthenticator.java:196)
W/GLSActivity( 3954): 	at android.accounts.IAccountAuthenticator$Stub.onTransact(IAccountAuthenticator.java:113)
W/GLSActivity( 3954): 	at android.os.Binder.transact(Binder.java:380)
W/GLSActivity( 3954): 	at byl.onTransact(:com.google.android.gms:35)
W/GLSActivity( 3954): 	at android.os.Binder.execTransact(Binder.java:446)
E/PlayEventLogger( 9376): Failed to get auth token: NetworkError
E/PlayEventLogger( 9376): java.io.IOException: NetworkError
E/PlayEventLogger( 9376): 	at android.accounts.AccountManager.convertErrorToException(AccountManager.java:2009)
E/PlayEventLogger( 9376): 	at android.accounts.AccountManager.access$400(AccountManager.java:144)
E/PlayEventLogger( 9376): 	at android.accounts.AccountManager$AmsTask$Response.onError(AccountManager.java:1867)
E/PlayEventLogger( 9376): 	at android.accounts.IAccountManagerResponse$Stub.onTransact(IAccountManagerResponse.java:69)
E/PlayEventLogger( 9376): 	at android.os.Binder.execTransact(Binder.java:446)
I/PlayCommon( 1543): [1444] com.google.android.play.a.g.a(329): Connecting to server: https://play.googleapis.com/play/log?format=raw&proto_v2=true
W/PlayEventLogger( 9376): deferring log upload because couldn't retrieve auth token
I/art     ( 3443): Background sticky concurrent mark sweep GC freed 582(431KB) AllocSpace objects, 32(512KB) LOS objects, 39% free, 1621KB/2MB, paused 6.394ms total 16.258ms
D/HeadsetStateMachine( 4529): Disconnected process message: 10, size: 0
E/Auth    ( 3954): [GoogleAccountDataServiceImpl] getToken() -> NETWORK_ERROR. Account: <ELLIDED:72196448>, App: com.google.android.gms, Service: oauth2:https://www.googleapis.com/auth/contextcontroller
E/Auth    ( 3954): efl: Error when calling server.
E/Auth    ( 3954): 	at efm.b(:com.google.android.gms:137)
E/Auth    ( 3954): 	at efm.a(:com.google.android.gms:119)
E/Auth    ( 3954): 	at edt.a(:com.google.android.gms:437)
E/Auth    ( 3954): 	at eds.a(:com.google.android.gms:31404)
E/Auth    ( 3954): 	at eds.a(:com.google.android.gms:297)
E/Auth    ( 3954): 	at flg.a(:com.google.android.gms:1189)
E/Auth    ( 3954): 	at flf.a(:com.google.android.gms:480)
E/Auth    ( 3954): 	at flf.a(:com.google.android.gms:185)
E/Auth    ( 3954): 	at eaa.a(:com.google.android.gms:370)
E/Auth    ( 3954): 	at eaa.a(:com.google.android.gms:225)
E/Auth    ( 3954): 	at eai.a(:com.google.android.gms:1438)
E/Auth    ( 3954): 	at eah.a(:com.google.android.gms:752)
E/Auth    ( 3954): 	at eah.e(:com.google.android.gms:463)
E/Auth    ( 3954): 	at eah.d(:com.google.android.gms:389)
E/Auth    ( 3954): 	at eaf.b(:com.google.android.gms:549)
E/Auth    ( 3954): 	at lhr.a(:com.google.android.gms:80)
E/Auth    ( 3954): 	at lgj.a(:com.google.android.gms:53)
E/Auth    ( 3954): 	at clx.a(:com.google.android.gms:7093)
E/Auth    ( 3954): 	at cgy.run(:com.google.android.gms:55)
E/Auth    ( 3954): 	at cgw.a(:com.google.android.gms:248)
E/Auth    ( 3954): 	at cgw.handleMessage(:com.google.android.gms:241)
E/Auth    ( 3954): 	at lmi.run(:com.google.android.gms:142)
E/Auth    ( 3954): 	at lmq.run(:com.google.android.gms:450)
E/Auth    ( 3954): 	at java.util.concurrent.ThreadPoolExecutor.runWorker(ThreadPoolExecutor.java:1112)
E/Auth    ( 3954): 	at java.util.concurrent.ThreadPoolExecutor$Worker.run(ThreadPoolExecutor.java:587)
E/Auth    ( 3954): 	at lra.run(:com.google.android.gms:17)
E/Auth    ( 3954): 	at java.lang.Thread.run(Thread.java:818)
E/Auth    ( 3954): Caused by: java.net.SocketTimeoutException: failed to connect to android.clients.google.com/74.125.204.138 (port 443) after 30000ms
E/Auth    ( 3954): 	at libcore.io.IoBridge.connectErrno(IoBridge.java:169)
E/Auth    ( 3954): 	at libcore.io.IoBridge.connect(IoBridge.java:122)
E/Auth    ( 3954): 	at java.net.PlainSocketImpl.connect(PlainSocketImpl.java:183)
E/Auth    ( 3954): 	at java.net.PlainSocketImpl.connect(PlainSocketImpl.java:456)
E/Auth    ( 3954): 	at java.net.Socket.connect(Socket.java:882)
E/Auth    ( 3954): 	at com.android.okhttp.internal.Platform.connectSocket(Platform.java:174)
E/Auth    ( 3954): 	at com.android.okhttp.Connection.connect(Connection.java:152)
E/Auth    ( 3954): 	at com.android.okhttp.internal.http.HttpEngine.connect(HttpEngine.java:276)
E/Auth    ( 3954): 	at com.android.okhttp.internal.http.HttpEngine.sendRequest(HttpEngine.java:211)
E/Auth    ( 3954): 	at com.android.okhttp.internal.http.HttpURLConnectionImpl.execute(HttpURLConnectionImpl.java:382)
E/Auth    ( 3954): 	at com.android.okhttp.internal.http.HttpURLConnectionImpl.connect(HttpURLConnectionImpl.java:106)
E/Auth    ( 3954): 	at com.android.okhttp.internal.http.HttpURLConnectionImpl.getOutputStream(HttpURLConnectionImpl.java:217)
E/Auth    ( 3954): 	at com.android.okhttp.internal.http.DelegatingHttpsURLConnection.getOutputStream(DelegatingHttpsURLConnection.java:218)
E/Auth    ( 3954): 	at com.android.okhttp.internal.http.HttpsURLConnectionImpl.getOutputStream(HttpsURLConnectionImpl.java:25)
E/Auth    ( 3954): 	at sjs.a(:com.google.android.gms:949)
E/Auth    ( 3954): 	at sjs.a(:com.google.android.gms:767)
E/Auth    ( 3954): 	at fqt.a(:com.google.android.gms:2666)
E/Auth    ( 3954): 	at fqt.a(:com.google.android.gms:120)
E/Auth    ( 3954): 	at efm.b(:com.google.android.gms:27242)
E/Auth    ( 3954): 	... 26 more
W/Auth    ( 3954): [GetToken] GetToken failed with status code: NetworkError
W/AuthSessionAuthenticato( 3954): Auth related exception is being ignored: NetworkError
E/ctxmgr  ( 3954): [BaseServerTask]Server task (WriteInterestRecordTask) got error statusCode=-1.
E/ctxmgr  ( 3954): com.android.volley.VolleyError: Unable to obtain auth token - is the device online?
E/ctxmgr  ( 3954): 	at clx.a(:com.google.android.gms:7113)
E/ctxmgr  ( 3954): 	at cgy.run(:com.google.android.gms:55)
E/ctxmgr  ( 3954): 	at cgw.a(:com.google.android.gms:248)
E/ctxmgr  ( 3954): 	at cgw.handleMessage(:com.google.android.gms:241)
E/ctxmgr  ( 3954): 	at lmi.run(:com.google.android.gms:142)
E/ctxmgr  ( 3954): 	at lmq.run(:com.google.android.gms:450)
E/ctxmgr  ( 3954): 	at java.util.concurrent.ThreadPoolExecutor.runWorker(ThreadPoolExecutor.java:1112)
E/ctxmgr  ( 3954): 	at java.util.concurrent.ThreadPoolExecutor$Worker.run(ThreadPoolExecutor.java:587)
E/ctxmgr  ( 3954): 	at lra.run(:com.google.android.gms:17)
E/ctxmgr  ( 3954): 	at java.lang.Thread.run(Thread.java:818)
W/ctxmgr  ( 3954): [WorkManager]Long workInfo: pkg=com.google.android.gms, lbl=SyncServerInterestRecordsOperation#writeInterestRecords, start=2017-06-08 21:31:09.860+0800, stop=2017-06-08 21:34:10.604+0800, durtn=180744ms
E/ctxmgr  ( 3954): [SyncServerInterestRecordsOperation]Failed WriteInterestRecord: network status=-1
I/Scheduler( 3954): Switch to legacy PeriodicScheduler
I/Scheduler( 3954): Switch to QosScheduler
I/GoogleURLConnFactory( 3954): Using platform SSLCertificateSocketFactory
I/GoogleURLConnFactory( 3954): Using platform SSLCertificateSocketFactory
I/ActivityManager(  877): START u0 {act=android.intent.action.MAIN cat=[android.intent.category.HOME] flg=0x10200000 cmp=com.cyanogenmod.trebuchet/com.android.launcher3.Launcher} from uid 10017 on display 0
V/WindowManager(  877): rotationForOrientationLw(orient=5, last=0); user=0 USER_ROTATION_LOCKED
I/Timeline( 3488): Timeline: Activity_idle id: android.os.BinderProxy@2777e29d time:315485864
I/Timeline(  877): Timeline: Activity_windows_visible id: ActivityRecord{32e66a68 u0 com.cyanogenmod.trebuchet/com.android.launcher3.Launcher t1447} time:315486074
W/OpenGLRenderer( 3488): Incorrectly called buildLayer on View: ShortcutAndWidgetContainer, destroying layer...
W/OpenGLRenderer( 3488): Incorrectly called buildLayer on View: ShortcutAndWidgetContainer, destroying layer...
I/ActivityManager(  877): START u0 {act=com.android.systemui.recents.SHOW_RECENTS flg=0x10804000 cmp=com.android.systemui/.recents.RecentsActivity} from uid 10017 on display 0
V/WindowManager(  877): rotationForOrientationLw(orient=-1, last=0); user=0 USER_ROTATION_LOCKED
I/Timeline( 2781): Timeline: Activity_idle id: android.os.BinderProxy@2a3290d5 time:315489130
W/InputMethodManagerService(  877): Starting input on non-focused client com.android.internal.view.IInputMethodClient$Stub$Proxy@1047d422 (uid=10020 pid=3488)
I/Timeline(  877): Timeline: Activity_windows_visible id: ActivityRecord{b109310 u0 com.android.systemui/.recents.RecentsActivity t1449} time:315489316
I/art     ( 2821): Debugger is no longer active
I/art     ( 3463): Debugger is no longer active
I/art     ( 3659): Debugger is no longer active
I/art     ( 3404): Debugger is no longer active
I/art     ( 8664): Debugger is no longer active
I/art     ( 3164): Debugger is no longer active
I/art     ( 2781): Debugger is no longer active
I/art     ( 3425): Debugger is no longer active
I/art     ( 8935): Debugger is no longer active
I/art     (  877): Debugger is no longer active
I/art     ( 3184): Debugger is no longer active
I/art     ( 4529): Debugger is no longer active
I/art     ( 3954): Debugger is no longer active
I/art     ( 3443): Debugger is no longer active
I/art     ( 4101): Debugger is no longer active
W/art     ( 2821): Suspending all threads took: 11.753ms
I/art     ( 4481): Debugger is no longer active
I/art     ( 9932): Debugger is no longer active
I/art     ( 3214): Debugger is no longer active
I/art     ( 4438): Debugger is no longer active
I/art     ( 8649): Debugger is no longer active
I/art     ( 4760): Debugger is no longer active
I/art     ( 4761): Debugger is no longer active
I/art     ( 5110): Debugger is no longer active
I/art     ( 8732): Debugger is no longer active
I/art     ( 3578): Debugger is no longer active
I/art     ( 3488): Debugger is no longer active
I/art     ( 3556): Debugger is no longer active
I/art     ( 9376): Debugger is no longer active
I/art     ( 3524): Debugger is no longer active
I/art     ( 1184): Debugger is no longer active
I/art     ( 3431): Debugger is no longer active
I/art     ( 2914): Debugger is no longer active
I/art     ( 5165): Debugger is no longer active
I/art     ( 3387): Debugger is no longer active
I/art     (22899): Debugger is no longer active
I/art     ( 3234): Debugger is no longer active
I/art     ( 5684): Debugger is no longer active
I/art     ( 1543): Debugger is no longer active
I/art     ( 4344): Debugger is no longer active
I/art     (21331): Debugger is no longer active
I/art     ( 8913): Debugger is no longer active
I/art     ( 6101): Debugger is no longer active
I/art     ( 1154): Debugger is no longer active
I/art     ( 7635): Debugger is no longer active
I/art     (12276): Debugger is no longer active
D/MtpService(12276): updating state; isCurrentUser=true, mMtpLocked=false
D/MtpService(12276): updating state; isCurrentUser=true, mMtpLocked=false
D/MtpService(12276): starting MTP server in MTP mode
I/art     ( 4481): Debugger is no longer active
I/art     (  877): Debugger is no longer active
I/art     ( 2821): Debugger is no longer active
I/art     ( 4101): Debugger is no longer active
I/art     ( 3463): Debugger is no longer active
I/art     ( 3659): Debugger is no longer active
I/art     ( 3404): Debugger is no longer active
I/art     ( 8664): Debugger is no longer active
I/art     ( 3164): Debugger is no longer active
I/art     ( 2781): Debugger is no longer active
I/art     ( 3425): Debugger is no longer active
I/art     ( 8935): Debugger is no longer active
I/art     ( 3184): Debugger is no longer active
I/art     ( 4529): Debugger is no longer active
I/art     ( 3954): Debugger is no longer active
I/art     ( 3443): Debugger is no longer active
I/art     ( 3524): Debugger is no longer active
I/art     ( 3214): Debugger is no longer active
I/art     ( 8913): Debugger is no longer active
I/art     ( 7635): Debugger is no longer active
I/art     (21331): Debugger is no longer active
I/art     ( 6101): Debugger is no longer active
I/art     ( 4438): Debugger is no longer active
I/art     ( 4760): Debugger is no longer active
I/art     ( 4761): Debugger is no longer active
I/art     ( 8732): Debugger is no longer active
I/art     ( 9376): Debugger is no longer active
I/art     ( 1184): Debugger is no longer active
I/art     ( 2914): Debugger is no longer active
I/art     ( 3234): Debugger is no longer active
I/art     ( 3556): Debugger is no longer active
I/art     ( 3431): Debugger is no longer active
I/art     ( 5165): Debugger is no longer active
I/art     ( 5684): Debugger is no longer active
I/art     (12276): Debugger is no longer active
I/art     ( 3578): Debugger is no longer active
I/art     ( 4344): Debugger is no longer active
I/art     ( 5110): Debugger is no longer active
I/art     (22899): Debugger is no longer active
I/art     ( 3488): Debugger is no longer active
I/art     ( 3387): Debugger is no longer active
I/art     ( 9932): Debugger is no longer active
I/art     ( 1543): Debugger is no longer active
I/art     ( 8649): Debugger is no longer active
I/art     ( 1154): Debugger is no longer active
D/HeadsetStateMachine( 4529): Disconnected process message: 10, size: 0
D/HeadsetStateMachine( 4529): Disconnected process message: 10, size: 0
W/bt-btm  ( 4529): Stopping oneshot timer
E/PlayCommon( 1543): [1444] com.google.android.play.a.g.a(359): Failed to connect to server: java.net.SocketTimeoutException: failed to connect to play.googleapis.com/216.58.200.234 (port 443) after 40000ms
I/PlayCommon( 1543): [1483] com.google.android.play.a.g.e(220): Preparing logs for uploading
I/PlayCommon( 1543): [1483] com.google.android.play.a.g.e(224): No file ready to send
I/Finsky  ( 1543): [1] com.google.android.finsky.hygiene.DailyHygiene$DailyHygieneService.onStartCommand(28): Beginning daily hygiene, foreground = false, reason = 7
I/Finsky  ( 1543): [1] com.google.android.finsky.hygiene.DailyHygiene.a(272): Probe [_aC_RAkbnWv2M_fON6bCfBQ2UPM] for daily hygiene pass
I/EventLogChimeraService( 9376): Aggregate from 1496927208211 (log), 1496927208211 (data)
W/PlatformStatsUtil( 9376): Could not retrieve Usage & Diagnostics setting. Giving up.
W/Finsky  ( 1543): [1] com.google.android.finsky.hygiene.c.a(5): Unable to preload experiments: com.android.volley.TimeoutError
D/HeadsetStateMachine( 4529): Disconnected process message: 10, size: 0
W/Finsky  ( 1543): [1] com.google.android.finsky.hygiene.d.a(34): Self-update check failed with error: com.android.volley.TimeoutError
W/Finsky  ( 1543): [1] com.google.android.finsky.ao.a.w.a(11): Library replication failed: com.android.volley.TimeoutError
E/Auth    ( 3954): [GoogleAccountDataServiceImpl] getToken() -> NETWORK_ERROR. Account: <ELLIDED:72196448>, App: com.google.android.gms, Service: oauth2:https://www.googleapis.com/auth/experimentsandconfigs
E/Auth    ( 3954): efl: Error when calling server.
E/Auth    ( 3954): 	at efm.b(:com.google.android.gms:137)
E/Auth    ( 3954): 	at efm.a(:com.google.android.gms:119)
E/Auth    ( 3954): 	at edt.a(:com.google.android.gms:437)
E/Auth    ( 3954): 	at eds.a(:com.google.android.gms:31404)
E/Auth    ( 3954): 	at eds.a(:com.google.android.gms:297)
E/Auth    ( 3954): 	at flg.a(:com.google.android.gms:1189)
E/Auth    ( 3954): 	at flf.a(:com.google.android.gms:480)
E/Auth    ( 3954): 	at flf.a(:com.google.android.gms:185)
E/Auth    ( 3954): 	at eaa.a(:com.google.android.gms:370)
E/Auth    ( 3954): 	at eaa.a(:com.google.android.gms:225)
E/Auth    ( 3954): 	at eai.a(:com.google.android.gms:1438)
E/Auth    ( 3954): 	at eah.a(:com.google.android.gms:752)
E/Auth    ( 3954): 	at eah.e(:com.google.android.gms:463)
E/Auth    ( 3954): 	at eaf.f(:com.google.android.gms:3562)
E/Auth    ( 3954): 	at eaf.a(:com.google.android.gms:2160)
E/Auth    ( 3954): 	at eaf.a(:com.google.android.gms:51)
E/Auth    ( 3954): 	at com.google.android.gms.phenotype.service.sync.PhenotypeChimeraConfigurator.b(:com.google.android.gms:1131)
E/Auth    ( 3954): 	at com.google.android.gms.phenotype.service.sync.PhenotypeChimeraConfigurator.a(:com.google.android.gms:1400)
E/Auth    ( 3954): 	at com.google.android.gms.phenotype.service.sync.PhenotypeChimeraConfigurator.a(:com.google.android.gms:810)
E/Auth    ( 3954): 	at com.google.android.gms.phenotype.service.sync.PhenotypeChimeraConfigurator.a(:com.google.android.gms:781)
E/Auth    ( 3954): 	at com.google.android.gms.phenotype.service.sync.PhenotypeChimeraConfigurator.a(:com.google.android.gms:437)
E/Auth    ( 3954): 	at com.google.android.gms.phenotype.service.sync.PhenotypeChimeraConfigurator.a(:com.google.android.gms:373)
E/Auth    ( 3954): 	at rml.run(:com.google.android.gms:261)
E/Auth    ( 3954): 	at java.util.concurrent.ThreadPoolExecutor.runWorker(ThreadPoolExecutor.java:1112)
E/Auth    ( 3954): 	at java.util.concurrent.ThreadPoolExecutor$Worker.run(ThreadPoolExecutor.java:587)
E/Auth    ( 3954): 	at java.lang.Thread.run(Thread.java:818)
E/Auth    ( 3954): Caused by: java.net.SocketTimeoutException: failed to connect to android.clients.google.com/74.125.23.139 (port 443) after 30000ms
E/Auth    ( 3954): 	at libcore.io.IoBridge.connectErrno(IoBridge.java:169)
E/Auth    ( 3954): 	at libcore.io.IoBridge.connect(IoBridge.java:122)
E/Auth    ( 3954): 	at java.net.PlainSocketImpl.connect(PlainSocketImpl.java:183)
E/Auth    ( 3954): 	at java.net.PlainSocketImpl.connect(PlainSocketImpl.java:456)
E/Auth    ( 3954): 	at java.net.Socket.connect(Socket.java:882)
E/Auth    ( 3954): 	at com.android.okhttp.internal.Platform.connectSocket(Platform.java:174)
E/Auth    ( 3954): 	at com.android.okhttp.Connection.connect(Connection.java:152)
E/Auth    ( 3954): 	at com.android.okhttp.internal.http.HttpEngine.connect(HttpEngine.java:276)
E/Auth    ( 3954): 	at com.android.okhttp.internal.http.HttpEngine.sendRequest(HttpEngine.java:211)
E/Auth    ( 3954): 	at com.android.okhttp.internal.http.HttpURLConnectionImpl.execute(HttpURLConnectionImpl.java:382)
E/Auth    ( 3954): 	at com.android.okhttp.internal.http.HttpURLConnectionImpl.connect(HttpURLConnectionImpl.java:106)
E/Auth    ( 3954): 	at com.android.okhttp.internal.http.HttpURLConnectionImpl.getOutputStream(HttpURLConnectionImpl.java:217)
E/Auth    ( 3954): 	at com.android.okhttp.internal.http.DelegatingHttpsURLConnection.getOutputStream(DelegatingHttpsURLConnection.java:218)
E/Auth    ( 3954): 	at com.android.okhttp.internal.http.HttpsURLConnectionImpl.getOutputStream(HttpsURLConnectionImpl.java:25)
E/Auth    ( 3954): 	at sjs.a(:com.google.android.gms:949)
E/Auth    ( 3954): 	at sjs.a(:com.google.android.gms:767)
E/Auth    ( 3954): 	at fqt.a(:com.google.android.gms:2666)
E/Auth    ( 3954): 	at fqt.a(:com.google.android.gms:120)
E/Auth    ( 3954): 	at efm.b(:com.google.android.gms:27242)
E/Auth    ( 3954): 	... 25 more
W/Auth    ( 3954): [GetToken] GetToken failed with status code: NetworkError
E/PhenotypeChimeraConfigurator( 3954): Failed to get auth token: NetworkError
E/PhenotypeChimeraConfigurator( 3954): java.io.IOException: NetworkError
E/PhenotypeChimeraConfigurator( 3954): 	at eai.a(:com.google.android.gms:1457)
E/PhenotypeChimeraConfigurator( 3954): 	at eah.a(:com.google.android.gms:752)
E/PhenotypeChimeraConfigurator( 3954): 	at eah.e(:com.google.android.gms:463)
E/PhenotypeChimeraConfigurator( 3954): 	at eaf.f(:com.google.android.gms:3562)
E/PhenotypeChimeraConfigurator( 3954): 	at eaf.a(:com.google.android.gms:2160)
E/PhenotypeChimeraConfigurator( 3954): 	at eaf.a(:com.google.android.gms:51)
E/PhenotypeChimeraConfigurator( 3954): 	at com.google.android.gms.phenotype.service.sync.PhenotypeChimeraConfigurator.b(:com.google.android.gms:1131)
E/PhenotypeChimeraConfigurator( 3954): 	at com.google.android.gms.phenotype.service.sync.PhenotypeChimeraConfigurator.a(:com.google.android.gms:1400)
E/PhenotypeChimeraConfigurator( 3954): 	at com.google.android.gms.phenotype.service.sync.PhenotypeChimeraConfigurator.a(:com.google.android.gms:810)
E/PhenotypeChimeraConfigurator( 3954): 	at com.google.android.gms.phenotype.service.sync.PhenotypeChimeraConfigurator.a(:com.google.android.gms:781)
E/PhenotypeChimeraConfigurator( 3954): 	at com.google.android.gms.phenotype.service.sync.PhenotypeChimeraConfigurator.a(:com.google.android.gms:437)
E/PhenotypeChimeraConfigurator( 3954): 	at com.google.android.gms.phenotype.service.sync.PhenotypeChimeraConfigurator.a(:com.google.android.gms:373)
E/PhenotypeChimeraConfigurator( 3954): 	at rml.run(:com.google.android.gms:261)
E/PhenotypeChimeraConfigurator( 3954): 	at java.util.concurrent.ThreadPoolExecutor.runWorker(ThreadPoolExecutor.java:1112)
E/PhenotypeChimeraConfigurator( 3954): 	at java.util.concurrent.ThreadPoolExecutor$Worker.run(ThreadPoolExecutor.java:587)
E/PhenotypeChimeraConfigurator( 3954): 	at java.lang.Thread.run(Thread.java:818)
D/AndroidRuntime(11081): >>>>>> START com.android.internal.os.RuntimeInit uid 10062 <<<<<<
D/AndroidRuntime(11081): CheckJNI is OFF
E/memtrack(11081): Couldn't load memtrack module (No such file or directory)
E/android.os.Debug(11081): failed to load memtrack module: -2
D/AndroidRuntime(11081): Calling main entry com.android.commands.am.Am
I/ProcessStatsService(  877): Prepared write state in 4ms
D/AndroidRuntime(11081): Shutting down VM
E/art     (11081): Thread attaching while runtime is shutting down: Binder_2
I/AndroidRuntime(11081): NOTE: attach of thread 'Binder_2' failed
W/Finsky  ( 1543): [1] com.google.android.finsky.autoupdate.w.a(2): Update check failed: com.android.volley.TimeoutError
I/Finsky  ( 1543): [1] com.google.android.finsky.hygiene.DailyHygiene.c(377): Logging device features
I/Finsky  ( 1543): [1] com.google.android.finsky.datasync.CacheAndSyncScheduler.a(4): [Cache and Sync] mode not available for any accounts.
D/Volley  ( 1543): [1] g.b: Cache cleared.
I/Finsky  ( 1543): [1] com.google.android.finsky.selfupdate.SelfUpdateCheckerScheduler.a(1): Cancelling accelerated self-Update check
W/ActivityManager(  877): Unable to start service Intent { act=android.support.customtabs.action.CustomTabsService pkg=com.android.chrome } U=0: not found
E/PhoneInterfaceManager( 3443): [PhoneIntfMgr] getIccId: ICC ID is null or empty.
W/Settings( 1543): Setting install_non_market_apps has moved from android.provider.Settings.Global to android.provider.Settings.Secure, returning read-only value.
W/Settings( 1543): Setting download_manager_max_bytes_over_mobile has moved from android.provider.Settings.Secure to android.provider.Settings.Global.
I/Finsky  ( 1543): [1] com.google.android.finsky.hygiene.DailyHygiene.a(851): Scheduling new run in 275 minutes (failures=4)
I/WearableService( 3954): Wear is not allowed to run on this device. Not starting Wear service.
D/WearableService( 3954): callingUid 10066, callindPid: 3954
E/Finsky  ( 1543): [1] com.google.android.finsky.wear.bl.a(3): onConnectionFailed: ConnectionResult{statusCode=API_UNAVAILABLE, resolution=null, message=null}
I/Finsky  ( 1543): [1519] com.google.android.finsky.flushlogs.FlushLogsReceiver$FlushLogsService.onHandleIntent(10): Flushing event logs for [_aC_RAkbnWv2M_fON6bCfBQ2UPM]
W/Finsky  ( 1543): [1] com.google.android.finsky.wear.aj.run(9): Dropping command=hygiene due to Gms not connected
I/PlayCommon( 1543): [1483] com.google.android.play.a.g.e(220): Preparing logs for uploading
I/PlayCommon( 1543): [1483] com.google.android.play.a.g.e(224): No file ready to send
I/PlayCommon( 1543): [1444] com.google.android.play.a.g.e(220): Preparing logs for uploading
I/PlayCommon( 1543): [1444] com.google.android.play.a.g.a(329): Connecting to server: https://play.googleapis.com/play/log?format=raw&proto_v2=true
I/Finsky  ( 1543): [1464] com.google.android.finsky.g.d.a(26): Completed 0 account content syncs with 0 successful.
I/Finsky  ( 1543): [1] com.google.android.finsky.services.i.a(5): Installation state replication succeeded.
I/art     ( 3443): Background sticky concurrent mark sweep GC freed 588(416KB) AllocSpace objects, 31(496KB) LOS objects, 38% free, 1653KB/2MB, paused 6.152ms total 18.043ms
E/Finsky  ( 1543): [1] com.google.android.finsky.billing.lightpurchase.billingprofile.r.a(2): Error while calling checkInstrument(): com.android.volley.TimeoutError
I/ActivityManager(  877): Waited long enough for: ServiceRecord{42c31b5 u0 com.android.vending/com.google.android.finsky.flushlogs.FlushLogsReceiver$FlushLogsService}
E/StatusCheckThread( 5110): java.net.SocketTimeoutException: failed to connect to /118.189.75.47 (port 80) after 3000ms
E/StatusCheckThread( 5110): 	at libcore.io.IoBridge.connectErrno(IoBridge.java:169)
E/StatusCheckThread( 5110): 	at libcore.io.IoBridge.connect(IoBridge.java:122)
E/StatusCheckThread( 5110): 	at java.net.PlainSocketImpl.connect(PlainSocketImpl.java:183)
E/StatusCheckThread( 5110): 	at java.net.PlainSocketImpl.connect(PlainSocketImpl.java:456)
E/StatusCheckThread( 5110): 	at java.net.Socket.connect(Socket.java:882)
E/StatusCheckThread( 5110): 	at com.android.okhttp.internal.Platform.connectSocket(Platform.java:174)
E/StatusCheckThread( 5110): 	at com.android.okhttp.Connection.connect(Connection.java:152)
E/StatusCheckThread( 5110): 	at com.android.okhttp.internal.http.HttpEngine.connect(HttpEngine.java:276)
E/StatusCheckThread( 5110): 	at com.android.okhttp.internal.http.HttpEngine.sendRequest(HttpEngine.java:211)
E/StatusCheckThread( 5110): 	at com.android.okhttp.internal.http.HttpURLConnectionImpl.execute(HttpURLConnectionImpl.java:382)
E/StatusCheckThread( 5110): 	at com.android.okhttp.internal.http.HttpURLConnectionImpl.getResponse(HttpURLConnectionImpl.java:332)
E/StatusCheckThread( 5110): 	at com.android.okhttp.internal.http.HttpURLConnectionImpl.getResponseCode(HttpURLConnectionImpl.java:500)
E/StatusCheckThread( 5110): 	at com.mewozz.rfid.controller.StatusCheckThread$2.onFinish(StatusCheckThread.java:72)
E/StatusCheckThread( 5110): 	at android.os.CountDownTimer$1.handleMessage(CountDownTimer.java:127)
E/StatusCheckThread( 5110): 	at android.os.Handler.dispatchMessage(Handler.java:102)
E/StatusCheckThread( 5110): 	at android.os.Looper.loop(Looper.java:135)
E/StatusCheckThread( 5110): 	at com.mewozz.rfid.controller.StatusCheckThread.run(StatusCheckThread.java:101)
E/Auth    ( 3954): [GoogleAccountDataServiceImpl] getToken() -> NETWORK_ERROR. Account: <ELLIDED:72196448>, App: com.google.android.gms, Service: oauth2:https://www.googleapis.com/auth/gcm
E/Auth    ( 3954): efl: Error when calling server.
E/Auth    ( 3954): 	at efm.b(:com.google.android.gms:137)
E/Auth    ( 3954): 	at efm.a(:com.google.android.gms:119)
E/Auth    ( 3954): 	at edt.a(:com.google.android.gms:437)
E/Auth    ( 3954): 	at eds.a(:com.google.android.gms:31404)
E/Auth    ( 3954): 	at eds.a(:com.google.android.gms:297)
E/Auth    ( 3954): 	at flg.a(:com.google.android.gms:1189)
E/Auth    ( 3954): 	at flf.a(:com.google.android.gms:480)
E/Auth    ( 3954): 	at flf.a(:com.google.android.gms:185)
E/Auth    ( 3954): 	at eaa.a(:com.google.android.gms:370)
E/Auth    ( 3954): 	at eaa.a(:com.google.android.gms:225)
E/Auth    ( 3954): 	at bwf.onTransact(:com.google.android.gms:137)
E/Auth    ( 3954): 	at android.os.Binder.transact(Binder.java:380)
E/Auth    ( 3954): 	at byl.onTransact(:com.google.android.gms:35)
E/Auth    ( 3954): 	at android.os.Binder.execTransact(Binder.java:446)
E/Auth    ( 3954): Caused by: java.net.SocketTimeoutException: failed to connect to android.clients.google.com/216.58.197.110 (port 443) after 30000ms
E/Auth    ( 3954): 	at libcore.io.IoBridge.connectErrno(IoBridge.java:169)
E/Auth    ( 3954): 	at libcore.io.IoBridge.connect(IoBridge.java:122)
E/Auth    ( 3954): 	at java.net.PlainSocketImpl.connect(PlainSocketImpl.java:183)
E/Auth    ( 3954): 	at java.net.PlainSocketImpl.connect(PlainSocketImpl.java:456)
E/Auth    ( 3954): 	at java.net.Socket.connect(Socket.java:882)
E/Auth    ( 3954): 	at com.android.okhttp.internal.Platform.connectSocket(Platform.java:174)
E/Auth    ( 3954): 	at com.android.okhttp.Connection.connect(Connection.java:152)
E/Auth    ( 3954): 	at com.android.okhttp.internal.http.HttpEngine.connect(HttpEngine.java:276)
E/Auth    ( 3954): 	at com.android.okhttp.internal.http.HttpEngine.sendRequest(HttpEngine.java:211)
E/Auth    ( 3954): 	at com.android.okhttp.internal.http.HttpURLConnectionImpl.execute(HttpURLConnectionImpl.java:382)
E/Auth    ( 3954): 	at com.android.okhttp.internal.http.HttpURLConnectionImpl.connect(HttpURLConnectionImpl.java:106)
E/Auth    ( 3954): 	at com.android.okhttp.internal.http.HttpURLConnectionImpl.getOutputStream(HttpURLConnectionImpl.java:217)
E/Auth    ( 3954): 	at com.android.okhttp.internal.http.DelegatingHttpsURLConnection.getOutputStream(DelegatingHttpsURLConnection.java:218)
E/Auth    ( 3954): 	at com.android.okhttp.internal.http.HttpsURLConnectionImpl.getOutputStream(HttpsURLConnectionImpl.java:25)
E/Auth    ( 3954): 	at sjs.a(:com.google.android.gms:949)
E/Auth    ( 3954): 	at sjs.a(:com.google.android.gms:767)
E/Auth    ( 3954): 	at fqt.a(:com.google.android.gms:2666)
E/Auth    ( 3954): 	at fqt.a(:com.google.android.gms:120)
E/Auth    ( 3954): 	at efm.b(:com.google.android.gms:27242)
E/Auth    ( 3954): 	... 13 more
W/Auth    ( 3954): [GetToken] GetToken failed with status code: NetworkError
I/GCM-GMS ( 9376): Failed to subscribe to group.
I/GCM-GMS ( 9376): java.io.IOException: NetworkError
I/GCM-GMS ( 9376): 	at eai.a(:com.google.android.gms:1457)
I/GCM-GMS ( 9376): 	at eah.a(:com.google.android.gms:752)
I/GCM-GMS ( 9376): 	at eah.e(:com.google.android.gms:463)
I/GCM-GMS ( 9376): 	at eah.d(:com.google.android.gms:389)
I/GCM-GMS ( 9376): 	at eah.b(:com.google.android.gms:382)
I/GCM-GMS ( 9376): 	at eaf.a(:com.google.android.gms:502)
I/GCM-GMS ( 9376): 	at rod.a(:com.google.android.gms:441)
I/GCM-GMS ( 9376): 	at rod.a(:com.google.android.gms:335)
I/GCM-GMS ( 9376): 	at rod.b(:com.google.android.gms:201)
I/GCM-GMS ( 9376): 	at com.google.android.gms.gcm.gmsproc.GcmInGmsTaskChimeraService.a(:com.google.android.gms:38)
I/GCM-GMS ( 9376): 	at rml.run(:com.google.android.gms:261)
I/GCM-GMS ( 9376): 	at java.util.concurrent.ThreadPoolExecutor.runWorker(ThreadPoolExecutor.java:1112)
I/GCM-GMS ( 9376): 	at java.util.concurrent.ThreadPoolExecutor$Worker.run(ThreadPoolExecutor.java:587)
I/GCM-GMS ( 9376): 	at java.lang.Thread.run(Thread.java:818)
I/GCM-GMS ( 9376): Groups upload failed
D/HeadsetStateMachine( 4529): Disconnected process message: 10, size: 0
I/GoogleURLConnFactory( 3954): Using platform SSLCertificateSocketFactory
I/Finsky  ( 1543): [1519] com.google.android.finsky.flushlogs.FlushLogsReceiver$FlushLogsService.onHandleIntent(21): Logs flushing took more than 60000 ms. Releasing wake lock.
E/StatusCheckThread( 5110): java.net.SocketTimeoutException: failed to connect to /118.189.75.47 (port 80) after 3000ms
E/StatusCheckThread( 5110): 	at libcore.io.IoBridge.connectErrno(IoBridge.java:169)
E/StatusCheckThread( 5110): 	at libcore.io.IoBridge.connect(IoBridge.java:122)
E/StatusCheckThread( 5110): 	at java.net.PlainSocketImpl.connect(PlainSocketImpl.java:183)
E/StatusCheckThread( 5110): 	at java.net.PlainSocketImpl.connect(PlainSocketImpl.java:456)
E/StatusCheckThread( 5110): 	at java.net.Socket.connect(Socket.java:882)
E/StatusCheckThread( 5110): 	at com.android.okhttp.internal.Platform.connectSocket(Platform.java:174)
E/StatusCheckThread( 5110): 	at com.android.okhttp.Connection.connect(Connection.java:152)
E/StatusCheckThread( 5110): 	at com.android.okhttp.internal.http.HttpEngine.connect(HttpEngine.java:276)
E/StatusCheckThread( 5110): 	at com.android.okhttp.internal.http.HttpEngine.sendRequest(HttpEngine.java:211)
E/StatusCheckThread( 5110): 	at com.android.okhttp.internal.http.HttpURLConnectionImpl.execute(HttpURLConnectionImpl.java:382)
E/StatusCheckThread( 5110): 	at com.android.okhttp.internal.http.HttpURLConnectionImpl.getResponse(HttpURLConnectionImpl.java:332)
E/StatusCheckThread( 5110): 	at com.android.okhttp.internal.http.HttpURLConnectionImpl.getResponseCode(HttpURLConnectionImpl.java:500)
E/StatusCheckThread( 5110): 	at com.mewozz.rfid.controller.StatusCheckThread$2.onFinish(StatusCheckThread.java:72)
E/StatusCheckThread( 5110): 	at android.os.CountDownTimer$1.handleMessage(CountDownTimer.java:127)
E/StatusCheckThread( 5110): 	at android.os.Handler.dispatchMessage(Handler.java:102)
E/StatusCheckThread( 5110): 	at android.os.Looper.loop(Looper.java:135)
E/StatusCheckThread( 5110): 	at com.mewozz.rfid.controller.StatusCheckThread.run(StatusCheckThread.java:101)
D/HeadsetStateMachine( 4529): Disconnected process message: 10, size: 0
