E/Auth    ( 3954): 	at lmi.run(:com.google.android.gms:142)
E/Auth    ( 3954): 	at lmq.run(:com.google.android.gms:450)
E/Auth    ( 3954): 	at java.util.concurrent.ThreadPoolExecutor.runWorker(ThreadPoolExecutor.java:1112)
E/Auth    ( 3954): 	at java.util.concurrent.ThreadPoolExecutor$Worker.run(ThreadPoolExecutor.java:587)
E/Auth    ( 3954): 	at lra.run(:com.google.android.gms:17)
E/Auth    ( 3954): 	at java.lang.Thread.run(Thread.java:818)
E/Auth    ( 3954): Caused by: java.net.SocketTimeoutException: failed to connect to android.clients.google.com/74.125.23.113 (port 443) after 30000ms
E/Auth    ( 3954): 	at libcore.io.IoBridge.connectErrno(IoBridge.java:169)
E/Auth    ( 3954): 	at libcore.io.IoBridge.connect(IoBridge.java:122)
E/Auth    ( 3954): 	at java.net.PlainSocketImpl.connect(PlainSocketImpl.java:183)
E/Auth    ( 3954): 	at java.net.PlainSocketImpl.connect(PlainSocketImpl.java:456)
E/Auth    ( 3954): 	at java.net.Socket.connect(Socket.java:882)
E/Auth    ( 3954): 	at com.android.okhttp.internal.Platform.connectSocket(Platform.java:174)
E/Auth    ( 3954): 	at com.android.okhttp.Connection.connect(Connection.java:152)
E/Auth    ( 3954): 	at com.android.okhttp.internal.http.HttpEngine.connect(HttpEngine.java:276)
E/Auth    ( 3954): 	at com.android.okhttp.internal.http.HttpEngine.sendRequest(HttpEngine.java:211)
E/Auth    ( 3954): 	at com.android.okhttp.internal.http.HttpURLConnectionImpl.execute(HttpURLConnectionImpl.java:382)
E/Auth    ( 3954): 	at com.android.okhttp.internal.http.HttpURLConnectionImpl.connect(HttpURLConnectionImpl.java:106)
E/Auth    ( 3954): 	at com.android.okhttp.internal.http.HttpURLConnectionImpl.getOutputStream(HttpURLConnectionImpl.java:217)
E/Auth    ( 3954): 	at com.android.okhttp.internal.http.DelegatingHttpsURLConnection.getOutputStream(DelegatingHttpsURLConnection.java:218)
E/Auth    ( 3954): 	at com.android.okhttp.internal.http.HttpsURLConnectionImpl.getOutputStream(HttpsURLConnectionImpl.java:25)
E/Auth    ( 3954): 	at sjs.a(:com.google.android.gms:949)
E/Auth    ( 3954): 	at sjs.a(:com.google.android.gms:767)
E/Auth    ( 3954): 	at fqt.a(:com.google.android.gms:2666)
E/Auth    ( 3954): 	at fqt.a(:com.google.android.gms:120)
E/Auth    ( 3954): 	at efm.b(:com.google.android.gms:27242)
E/Auth    ( 3954): 	... 26 more
W/Auth    ( 3954): [GetToken] GetToken failed with status code: NetworkError
W/AuthSessionAuthenticato( 3954): Auth related exception is being ignored: NetworkError
E/ctxmgr  ( 3954): [BaseServerTask]Server task (WriteInterestRecordTask) got error statusCode=-1.
E/ctxmgr  ( 3954): com.android.volley.VolleyError: Unable to obtain auth token - is the device online?
E/ctxmgr  ( 3954): 	at clx.a(:com.google.android.gms:7113)
E/ctxmgr  ( 3954): 	at cgy.run(:com.google.android.gms:55)
E/ctxmgr  ( 3954): 	at cgw.a(:com.google.android.gms:248)
E/ctxmgr  ( 3954): 	at cgw.handleMessage(:com.google.android.gms:241)
E/ctxmgr  ( 3954): 	at lmi.run(:com.google.android.gms:142)
E/ctxmgr  ( 3954): 	at lmq.run(:com.google.android.gms:450)
E/ctxmgr  ( 3954): 	at java.util.concurrent.ThreadPoolExecutor.runWorker(ThreadPoolExecutor.java:1112)
E/ctxmgr  ( 3954): 	at java.util.concurrent.ThreadPoolExecutor$Worker.run(ThreadPoolExecutor.java:587)
E/ctxmgr  ( 3954): 	at lra.run(:com.google.android.gms:17)
E/ctxmgr  ( 3954): 	at java.lang.Thread.run(Thread.java:818)
W/ctxmgr  ( 3954): [WorkManager]Long workInfo: pkg=com.google.android.gms, lbl=SyncServerInterestRecordsOperation#writeInterestRecords, start=2017-06-08 20:39:08.869+0800, stop=2017-06-08 20:42:09.628+0800, durtn=180759ms
E/ctxmgr  ( 3954): [SyncServerInterestRecordsOperation]Failed WriteInterestRecord: network status=-1
E/ctxmgr  ( 3954): [BaseServerTask]Server task (GetConfigTask) got error statusCode=-1.
E/ctxmgr  ( 3954): com.android.volley.TimeoutError
E/ctxmgr  ( 3954): 	at com.android.volley.toolbox.BasicNetwork.performRequest(:com.google.android.gms:141)
E/ctxmgr  ( 3954): 	at lhc.performRequest(:com.google.android.gms:63)
E/ctxmgr  ( 3954): 	at com.android.volley.NetworkDispatcher.run(:com.google.android.gms:112)
E/ctxmgr  ( 3954): [DailyCheckinOperation]Failed daily get config: network status=-1
W/ProcessCpuTracker(  877): Skipping unknown process pid 29488
I/art     ( 3443): Background sticky concurrent mark sweep GC freed 582(431KB) AllocSpace objects, 32(512KB) LOS objects, 39% free, 1620KB/2MB, paused 5.055ms total 15.618ms
E/StatusCheckThread(24997): java.net.SocketTimeoutException: failed to connect to /118.189.75.47 (port 80) after 3000ms
E/StatusCheckThread(24997): 	at libcore.io.IoBridge.connectErrno(IoBridge.java:169)
E/StatusCheckThread(24997): 	at libcore.io.IoBridge.connect(IoBridge.java:122)
E/StatusCheckThread(24997): 	at java.net.PlainSocketImpl.connect(PlainSocketImpl.java:183)
E/StatusCheckThread(24997): 	at java.net.PlainSocketImpl.connect(PlainSocketImpl.java:456)
E/StatusCheckThread(24997): 	at java.net.Socket.connect(Socket.java:882)
E/StatusCheckThread(24997): 	at com.android.okhttp.internal.Platform.connectSocket(Platform.java:174)
E/StatusCheckThread(24997): 	at com.android.okhttp.Connection.connect(Connection.java:152)
E/StatusCheckThread(24997): 	at com.android.okhttp.internal.http.HttpEngine.connect(HttpEngine.java:276)
E/StatusCheckThread(24997): 	at com.android.okhttp.internal.http.HttpEngine.sendRequest(HttpEngine.java:211)
E/StatusCheckThread(24997): 	at com.android.okhttp.internal.http.HttpURLConnectionImpl.execute(HttpURLConnectionImpl.java:382)
E/StatusCheckThread(24997): 	at com.android.okhttp.internal.http.HttpURLConnectionImpl.getResponse(HttpURLConnectionImpl.java:332)
E/StatusCheckThread(24997): 	at com.android.okhttp.internal.http.HttpURLConnectionImpl.getResponseCode(HttpURLConnectionImpl.java:500)
E/StatusCheckThread(24997): 	at com.mewozz.rfid.controller.StatusCheckThread$2.onFinish(StatusCheckThread.java:72)
E/StatusCheckThread(24997): 	at android.os.CountDownTimer$1.handleMessage(CountDownTimer.java:127)
E/StatusCheckThread(24997): 	at android.os.Handler.dispatchMessage(Handler.java:102)
E/StatusCheckThread(24997): 	at android.os.Looper.loop(Looper.java:135)
E/StatusCheckThread(24997): 	at com.mewozz.rfid.controller.StatusCheckThread.run(StatusCheckThread.java:101)
D/HeadsetStateMachine( 4529): Disconnected process message: 10, size: 0
E/PlayCommon( 1543): [1444] com.google.android.play.a.g.a(359): Failed to connect to server: java.net.SocketTimeoutException: failed to connect to play.googleapis.com/172.217.24.10 (port 443) after 40000ms
E/NetworkScheduler.ATC( 3954): Trying to release unacquired lock: com.google.android.gms/.clearcut.uploader.QosUploaderService
E/NetworkScheduler( 3954): Called closeAndCleanupTask for already completed task [com.google.android.gms/.clearcut.uploader.QosUploaderService:qos_oneoff,u0]' :TIMED_OUT
E/NetworkScheduler( 3954): Task completed but with no record in list of active tasks: [com.google.android.gms/.clearcut.uploader.QosUploaderService:qos_oneoff,u0]
D/ReportingServiceManager( 4761): Next sync attempt in : 23 hours
E/StatsUploadJobService( 4761): error getting auth token
W/StatsUploadJobService( 4761): no auth token!
E/StatsUploadJobService( 4761): Could not upload stats checkin to cyanogen server
D/HeadsetStateMachine( 4529): Disconnected process message: 10, size: 0
I/JobServiceContext(  877): Client timed out while executing (no jobFinished received). sending onStop. com.android.settings/.cmstats.StatsUploadJobService jId=224, u0
I/art     ( 3443): Background partial concurrent mark sweep GC freed 1466(451KB) AllocSpace objects, 31(496KB) LOS objects, 40% free, 1603KB/2MB, paused 7.285ms total 54.191ms
E/StatsUploadJobService( 4761): Could not upload stats checkin to commnity server
E/StatsUploadJobService( 4761): java.net.ConnectException: failed to connect to stats.cyanogenmod.org/52.35.0.252 (port 443): connect failed: ETIMEDOUT (Connection timed out)
E/StatsUploadJobService( 4761): 	at libcore.io.IoBridge.connect(IoBridge.java:124)
E/StatsUploadJobService( 4761): 	at java.net.PlainSocketImpl.connect(PlainSocketImpl.java:183)
E/StatsUploadJobService( 4761): 	at java.net.PlainSocketImpl.connect(PlainSocketImpl.java:456)
E/StatsUploadJobService( 4761): 	at java.net.Socket.connect(Socket.java:882)
E/StatsUploadJobService( 4761): 	at com.android.okhttp.internal.Platform.connectSocket(Platform.java:174)
E/StatsUploadJobService( 4761): 	at com.android.okhttp.Connection.connect(Connection.java:152)
E/StatsUploadJobService( 4761): 	at com.android.okhttp.internal.http.HttpEngine.connect(HttpEngine.java:276)
E/StatsUploadJobService( 4761): 	at com.android.okhttp.internal.http.HttpEngine.sendRequest(HttpEngine.java:211)
E/StatsUploadJobService( 4761): 	at com.android.okhttp.internal.http.HttpURLConnectionImpl.execute(HttpURLConnectionImpl.java:382)
E/StatsUploadJobService( 4761): 	at com.android.okhttp.internal.http.HttpURLConnectionImpl.connect(HttpURLConnectionImpl.java:106)
E/StatsUploadJobService( 4761): 	at com.android.okhttp.internal.http.DelegatingHttpsURLConnection.connect(DelegatingHttpsURLConnection.java:89)
E/StatsUploadJobService( 4761): 	at com.android.okhttp.internal.http.HttpsURLConnectionImpl.connect(HttpsURLConnectionImpl.java:25)
E/StatsUploadJobService( 4761): 	at com.android.settings.cmstats.StatsUploadJobService.uploadToCM(StatsUploadJobService.java:180)
E/StatsUploadJobService( 4761): 	at com.android.settings.cmstats.StatsUploadJobService.access$200(StatsUploadJobService.java:43)
E/StatsUploadJobService( 4761): 	at com.android.settings.cmstats.StatsUploadJobService$StatsUploadTask.doInBackground(StatsUploadJobService.java:138)
E/StatsUploadJobService( 4761): 	at com.android.settings.cmstats.StatsUploadJobService$StatsUploadTask.doInBackground(StatsUploadJobService.java:91)
E/StatsUploadJobService( 4761): 	at android.os.AsyncTask$2.call(AsyncTask.java:292)
E/StatsUploadJobService( 4761): 	at java.util.concurrent.FutureTask.run(FutureTask.java:237)
E/StatsUploadJobService( 4761): 	at android.os.AsyncTask$SerialExecutor$1.run(AsyncTask.java:231)
E/StatsUploadJobService( 4761): 	at java.util.concurrent.ThreadPoolExecutor.runWorker(ThreadPoolExecutor.java:1112)
E/StatsUploadJobService( 4761): 	at java.util.concurrent.ThreadPoolExecutor$Worker.run(ThreadPoolExecutor.java:587)
E/StatsUploadJobService( 4761): 	at java.lang.Thread.run(Thread.java:818)
E/StatsUploadJobService( 4761): Caused by: android.system.ErrnoException: connect failed: ETIMEDOUT (Connection timed out)
E/StatsUploadJobService( 4761): 	at libcore.io.Posix.connect(Native Method)
E/StatsUploadJobService( 4761): 	at libcore.io.BlockGuardOs.connect(BlockGuardOs.java:111)
E/StatsUploadJobService( 4761): 	at libcore.io.IoBridge.connectErrno(IoBridge.java:137)
E/StatsUploadJobService( 4761): 	at libcore.io.IoBridge.connect(IoBridge.java:122)
E/StatsUploadJobService( 4761): 	... 21 more
E/StatsUploadJobService( 4761): error getting auth token
W/StatsUploadJobService( 4761): no auth token!
E/StatsUploadJobService( 4761): Could not upload stats checkin to cyanogen server
D/HeadsetStateMachine( 4529): Disconnected process message: 10, size: 0
I/art     ( 3443): Background sticky concurrent mark sweep GC freed 526(425KB) AllocSpace objects, 32(512KB) LOS objects, 39% free, 1620KB/2MB, paused 6.029ms total 16.334ms
E/StatsUploadJobService( 4761): error getting auth token
W/StatsUploadJobService( 4761): no auth token!
E/StatsUploadJobService( 4761): Could not upload stats checkin to cyanogen server
I/art     ( 3443): Background partial concurrent mark sweep GC freed 1470(451KB) AllocSpace objects, 31(496KB) LOS objects, 40% free, 1603KB/2MB, paused 8.556ms total 41.722ms
E/Auth    ( 3954): [GoogleAccountDataServiceImpl] getToken() -> NETWORK_ERROR. Account: <ELLIDED:72196448>, App: com.google.android.gms, Service: oauth2:https://www.googleapis.com/auth/games
E/Auth    ( 3954): efl: Error when calling server.
E/Auth    ( 3954): 	at efm.b(:com.google.android.gms:137)
E/Auth    ( 3954): 	at efm.a(:com.google.android.gms:119)
E/Auth    ( 3954): 	at edt.a(:com.google.android.gms:437)
E/Auth    ( 3954): 	at eds.a(:com.google.android.gms:31404)
E/Auth    ( 3954): 	at eds.a(:com.google.android.gms:297)
E/Auth    ( 3954): 	at flg.a(:com.google.android.gms:1189)
E/Auth    ( 3954): 	at flf.a(:com.google.android.gms:480)
E/Auth    ( 3954): 	at flf.a(:com.google.android.gms:185)
E/Auth    ( 3954): 	at eaa.a(:com.google.android.gms:370)
E/Auth    ( 3954): 	at eaa.a(:com.google.android.gms:225)
E/Auth    ( 3954): 	at eai.a(:com.google.android.gms:1438)
E/Auth    ( 3954): 	at eah.a(:com.google.android.gms:752)
E/Auth    ( 3954): 	at eah.e(:com.google.android.gms:463)
E/Auth    ( 3954): 	at eag.a(:com.google.android.gms:36)
E/Auth    ( 3954): 	at ecb.getAuthToken(:com.google.android.gms:195)
E/Auth    ( 3954): 	at android.accounts.AbstractAccountAuthenticator$Transport.getAuthToken(AbstractAccountAuthenticator.java:196)
E/Auth    ( 3954): 	at android.accounts.IAccountAuthenticator$Stub.onTransact(IAccountAuthenticator.java:113)
E/Auth    ( 3954): 	at android.os.Binder.transact(Binder.java:380)
E/Auth    ( 3954): 	at byl.onTransact(:com.google.android.gms:35)
E/Auth    ( 3954): 	at android.os.Binder.execTransact(Binder.java:446)
E/Auth    ( 3954): Caused by: java.net.SocketTimeoutException: failed to connect to android.clients.google.com/216.58.197.110 (port 443) after 30000ms
E/Auth    ( 3954): 	at libcore.io.IoBridge.connectErrno(IoBridge.java:169)
E/Auth    ( 3954): 	at libcore.io.IoBridge.connect(IoBridge.java:122)
E/Auth    ( 3954): 	at java.net.PlainSocketImpl.connect(PlainSocketImpl.java:183)
E/Auth    ( 3954): 	at java.net.PlainSocketImpl.connect(PlainSocketImpl.java:456)
E/Auth    ( 3954): 	at java.net.Socket.connect(Socket.java:882)
E/Auth    ( 3954): 	at com.android.okhttp.internal.Platform.connectSocket(Platform.java:174)
E/Auth    ( 3954): 	at com.android.okhttp.Connection.connect(Connection.java:152)
E/Auth    ( 3954): 	at com.android.okhttp.internal.http.HttpEngine.connect(HttpEngine.java:276)
E/Auth    ( 3954): 	at com.android.okhttp.internal.http.HttpEngine.sendRequest(HttpEngine.java:211)
E/Auth    ( 3954): 	at com.android.okhttp.internal.http.HttpURLConnectionImpl.execute(HttpURLConnectionImpl.java:382)
E/Auth    ( 3954): 	at com.android.okhttp.internal.http.HttpURLConnectionImpl.connect(HttpURLConnectionImpl.java:106)
E/Auth    ( 3954): 	at com.android.okhttp.internal.http.HttpURLConnectionImpl.getOutputStream(HttpURLConnectionImpl.java:217)
E/Auth    ( 3954): 	at com.android.okhttp.internal.http.DelegatingHttpsURLConnection.getOutputStream(DelegatingHttpsURLConnection.java:218)
E/Auth    ( 3954): 	at com.android.okhttp.internal.http.HttpsURLConnectionImpl.getOutputStream(HttpsURLConnectionImpl.java:25)
E/Auth    ( 3954): 	at sjs.a(:com.google.android.gms:949)
E/Auth    ( 3954): 	at sjs.a(:com.google.android.gms:767)
E/Auth    ( 3954): 	at fqt.a(:com.google.android.gms:2666)
E/Auth    ( 3954): 	at fqt.a(:com.google.android.gms:120)
E/Auth    ( 3954): 	at efm.b(:com.google.android.gms:27242)
E/Auth    ( 3954): 	... 19 more
W/Auth    ( 3954): [GetToken] GetToken failed with status code: NetworkError
W/GLSActivity( 3954): java.io.IOException: NetworkError
W/GLSActivity( 3954): 	at eai.a(:com.google.android.gms:1457)
W/GLSActivity( 3954): 	at eah.a(:com.google.android.gms:752)
W/GLSActivity( 3954): 	at eah.e(:com.google.android.gms:463)
W/GLSActivity( 3954): 	at eag.a(:com.google.android.gms:36)
W/GLSActivity( 3954): 	at ecb.getAuthToken(:com.google.android.gms:195)
W/GLSActivity( 3954): 	at android.accounts.AbstractAccountAuthenticator$Transport.getAuthToken(AbstractAccountAuthenticator.java:196)
W/GLSActivity( 3954): 	at android.accounts.IAccountAuthenticator$Stub.onTransact(IAccountAuthenticator.java:113)
W/GLSActivity( 3954): 	at android.os.Binder.transact(Binder.java:380)
W/GLSActivity( 3954): 	at byl.onTransact(:com.google.android.gms:35)
W/GLSActivity( 3954): 	at android.os.Binder.execTransact(Binder.java:446)
E/PlayEventLogger( 9376): Failed to get auth token: NetworkError
E/PlayEventLogger( 9376): java.io.IOException: NetworkError
E/PlayEventLogger( 9376): 	at android.accounts.AccountManager.convertErrorToException(AccountManager.java:2009)
E/PlayEventLogger( 9376): 	at android.accounts.AccountManager.access$400(AccountManager.java:144)
E/PlayEventLogger( 9376): 	at android.accounts.AccountManager$AmsTask$Response.onError(AccountManager.java:1867)
E/PlayEventLogger( 9376): 	at android.accounts.IAccountManagerResponse$Stub.onTransact(IAccountManagerResponse.java:69)
E/PlayEventLogger( 9376): 	at android.os.Binder.execTransact(Binder.java:446)
W/PlayEventLogger( 9376): deferring log upload because couldn't retrieve auth token
I/PlayCommon( 1543): [1483] com.google.android.play.a.g.e(220): Preparing logs for uploading
I/PlayCommon( 1543): [1483] com.google.android.play.a.g.e(224): No file ready to send
D/HeadsetStateMachine( 4529): Disconnected process message: 10, size: 0
I/wpa_supplicant( 3037): wlan0: WPA: Group rekeying completed with 6c:b0:ce:42:58:23 [GTK=CCMP]
W/GDataClient(22899): Unable to execute HTTP request.org.apache.http.conn.ConnectTimeoutException: Connect to /74.125.23.113:443 timed out
D/ContactsSyncAdapter(22899): IO error, ignoring rest of feed
D/ContactsSyncAdapter(22899): org.apache.http.conn.ConnectTimeoutException: Connect to /74.125.23.113:443 timed out
D/ContactsSyncAdapter(22899): 	at org.apache.http.conn.scheme.PlainSocketFactory.connectSocket(PlainSocketFactory.java:126)
D/ContactsSyncAdapter(22899): 	at org.apache.http.impl.conn.DefaultClientConnectionOperator.openConnection(DefaultClientConnectionOperator.java:149)
D/ContactsSyncAdapter(22899): 	at org.apache.http.impl.conn.AbstractPoolEntry.open(AbstractPoolEntry.java:169)
D/ContactsSyncAdapter(22899): 	at org.apache.http.impl.conn.AbstractPooledConnAdapter.open(AbstractPooledConnAdapter.java:124)
D/ContactsSyncAdapter(22899): 	at org.apache.http.impl.client.DefaultRequestDirector.execute(DefaultRequestDirector.java:365)
D/ContactsSyncAdapter(22899): 	at org.apache.http.impl.client.AbstractHttpClient.execute(AbstractHttpClient.java:560)
D/ContactsSyncAdapter(22899): 	at org.apache.http.impl.client.AbstractHttpClient.execute(AbstractHttpClient.java:492)
D/ContactsSyncAdapter(22899): 	at android.net.http.AndroidHttpClient.execute(AndroidHttpClient.java:333)
D/ContactsSyncAdapter(22899): 	at com.google.android.common.http.GoogleHttpClient.executeWithoutRewriting(GoogleHttpClient.java:332)
D/ContactsSyncAdapter(22899): 	at com.google.android.common.http.GoogleHttpClient.execute(GoogleHttpClient.java:393)
D/ContactsSyncAdapter(22899): 	at com.google.android.common.http.GoogleHttpClient.execute(GoogleHttpClient.java:447)
D/ContactsSyncAdapter(22899): 	at com.google.android.common.gdata2.AndroidGDataClient.createAndExecuteMethod(AndroidGDataClient.java:281)
D/ContactsSyncAdapter(22899): 	at com.google.android.syncadapters.HttpsOnlyAndroidGDataClient.createAndExecuteMethod(HttpsOnlyAndroidGDataClient.java:32)
D/ContactsSyncAdapter(22899): 	at com.google.android.common.gdata2.AndroidGDataClient.getFeedAsStream(AndroidGDataClient.java:415)
D/ContactsSyncAdapter(22899): 	at com.google.wireless.gdata2.client.GDataServiceClient.getParserForFeed(GDataServiceClient.java:108)
D/ContactsSyncAdapter(22899): 	at com.google.android.syncadapters.contacts.GDataFeedFetcher.fetchFeed(GDataFeedFetcher.java:185)
D/ContactsSyncAdapter(22899): 	at com.google.android.syncadapters.contacts.GDataFeedFetcher.run(GDataFeedFetcher.java:100)
D/ContactsSyncAdapter(22899): 	at com.google.android.syncadapters.contacts.ContactsSyncAdapter$ContactsGDataFeedFetcher.run(ContactsSyncAdapter.java:1413)
D/ContactsSyncAdapter(22899): 	at java.lang.Thread.run(Thread.java:818)
D/ContactsSyncAdapter(22899): getServerDiffs failed due to an IOException
D/ContactsSyncAdapter(22899): FAILURE: processed 0 records in 360644 ms from feed https://www.google.com/m8/feeds/groups/jjzzzmd@gmail.com/base2_property-android, updated time is 2017-05-27T16:35:34.240Z
D/ContactsSyncAdapter(22899): getServerDiffs failed - no connection
D/SyncManager(  877): failed sync operation jjzzzmd@gmail.com u0 (com.google), com.android.contacts, PERIODIC, currentRunTime 312278755, reason: Periodic, SyncResult: stats [ numIoExceptions: 2]
E/StatsUploadJobService( 4761): error getting auth token
W/StatsUploadJobService( 4761): no auth token!
E/StatsUploadJobService( 4761): Could not upload stats checkin to cyanogen server
W/ProcessCpuTracker(  877): Skipping unknown process pid 30466
D/HeadsetStateMachine( 4529): Disconnected process message: 10, size: 0
I/PlayCommon( 1543): [1444] com.google.android.play.a.g.e(220): Preparing logs for uploading
I/PlayCommon( 1543): [1444] com.google.android.play.a.g.a(329): Connecting to server: https://play.googleapis.com/play/log?format=raw&proto_v2=true
D/HeadsetStateMachine( 4529): Disconnected process message: 10, size: 0
I/art     ( 3443): Background sticky concurrent mark sweep GC freed 526(425KB) AllocSpace objects, 32(512KB) LOS objects, 39% free, 1620KB/2MB, paused 6.393ms total 16.330ms
D/HeadsetStateMachine( 4529): Disconnected process message: 10, size: 0
E/PlayCommon( 1543): [1444] com.google.android.play.a.g.a(359): Failed to connect to server: java.net.SocketTimeoutException: failed to connect to play.googleapis.com/172.217.27.138 (port 443) after 40000ms
D/HeadsetStateMachine( 4529): Disconnected process message: 10, size: 0
I/ActivityManager(  877): Killing 20048:com.svox.pico/u0a52 (adj 15): empty for 1808s
W/bt-btm  ( 4529): Stopping oneshot timer
I/ActivityManager(  877): Killing 19927:com.android.gallery3d/u0a39 (adj 15): empty for 1808s
I/ActivityManager(  877): Killing 20006:com.google.android.partnersetup/u0a69 (adj 15): empty for 1808s
I/ActivityManager(  877): Killing 19950:com.android.keychain/1000 (adj 15): empty for 1808s
I/ActivityManager(  877): Killing 19864:com.android.defcontainer/u0a7 (adj 15): empty for 1810s
W/art     (  877): Long monitor contention event with owner method=void com.android.server.am.BroadcastQueue.processNextBroadcast(boolean) from BroadcastQueue.java:548 waiters=1 for 122ms
I/PlayCommon( 1543): [1483] com.google.android.play.a.g.e(220): Preparing logs for uploading
I/PlayCommon( 1543): [1483] com.google.android.play.a.g.e(224): No file ready to send
W/ActivityManager(  877): getRecentTasks: caller 10090 does not hold REAL_GET_TASKS; limiting output
D/BluetoothAdapter( 7635): startLeScan(): null
D/BtGatt.GattService( 4529): registerClient() - UUID=7810787f-9a02-4c82-b1e1-915982505331
D/BtGatt.GattService( 4529): onClientRegistered() - UUID=7810787f-9a02-4c82-b1e1-915982505331, clientIf=5
D/BluetoothLeScanner( 7635): onClientRegistered() - status=0 clientIf=5
D/BtGatt.GattService( 4529): start scan with filters
D/BtGatt.ScanManager( 4529): handling starting scan
D/BtGatt.ScanManager( 4529): configureRegularScanParams() - queue=1
D/BtGatt.ScanManager( 4529): configureRegularScanParams() - ScanSetting Scan mode=2 mLastConfiguredScanSetting=-2147483648
W/Settings( 7635): Setting auto_time has moved from android.provider.Settings.System to android.provider.Settings.Global, returning read-only value.
E/bt-btif ( 4529): bte_scan_filt_param_cfg_evt, 1
E/bt-btif ( 4529): bte_scan_filt_param_cfg_evt, 1
W/bt-btif ( 4529): bta_dm_check_av:0
V/BluetoothDiscoveryReceiver( 4761): Received: android.bluetooth.adapter.action.DISCOVERY_STARTED
D/BluetoothAdapter( 7635): stopLeScan()
D/BtGatt.GattService( 4529): stopScan() - queue size =1
D/BtGatt.ScanManager( 4529): stop scan
D/BtGatt.ScanManager( 4529): configureRegularScanParams() - queue=0
D/BtGatt.ScanManager( 4529): configureRegularScanParams() - ScanSetting Scan mode=-2147483648 mLastConfiguredScanSetting=2
D/BtGatt.ScanManager( 4529): configureRegularScanParams() - queue emtpy, scan stopped
D/BtGatt.GattService( 4529): unregisterClient() - clientIf=5
W/Settings( 7635): Setting auto_time has moved from android.provider.Settings.System to android.provider.Settings.Global, returning read-only value.
D/HeadsetStateMachine( 4529): Disconnected process message: 10, size: 0
E/StatsUploadJobService( 4761): error getting auth token
W/StatsUploadJobService( 4761): no auth token!
E/StatsUploadJobService( 4761): Could not upload stats checkin to cyanogen server
I/WeatherUpdateService( 9932): Google Play Services available; Ignoring GPS provider.
E/bt-btif ( 4529): bte_scan_filt_param_cfg_evt, 1
V/BluetoothDiscoveryReceiver( 4761): Received: android.bluetooth.adapter.action.DISCOVERY_FINISHED
D/BluetoothManagerService(  877): checkIfCallerIsForegroundUser: valid=true callingUser=0 parentUser=-10000 foregroundUser=0
D/BluetoothManagerService(  877): checkIfCallerIsForegroundUser: valid=true callingUser=0 parentUser=-10000 foregroundUser=0
D/HeadsetStateMachine( 4529): Disconnected process message: 10, size: 0
E/StatusCheckThread(24997): java.net.SocketTimeoutException: failed to connect to /118.189.75.47 (port 80) after 3000ms
E/StatusCheckThread(24997): 	at libcore.io.IoBridge.connectErrno(IoBridge.java:169)
E/StatusCheckThread(24997): 	at libcore.io.IoBridge.connect(IoBridge.java:122)
E/StatusCheckThread(24997): 	at java.net.PlainSocketImpl.connect(PlainSocketImpl.java:183)
E/StatusCheckThread(24997): 	at java.net.PlainSocketImpl.connect(PlainSocketImpl.java:456)
E/StatusCheckThread(24997): 	at java.net.Socket.connect(Socket.java:882)
E/StatusCheckThread(24997): 	at com.android.okhttp.internal.Platform.connectSocket(Platform.java:174)
E/StatusCheckThread(24997): 	at com.android.okhttp.Connection.connect(Connection.java:152)
E/StatusCheckThread(24997): 	at com.android.okhttp.internal.http.HttpEngine.connect(HttpEngine.java:276)
E/StatusCheckThread(24997): 	at com.android.okhttp.internal.http.HttpEngine.sendRequest(HttpEngine.java:211)
E/StatusCheckThread(24997): 	at com.android.okhttp.internal.http.HttpURLConnectionImpl.execute(HttpURLConnectionImpl.java:382)
E/StatusCheckThread(24997): 	at com.android.okhttp.internal.http.HttpURLConnectionImpl.getResponse(HttpURLConnectionImpl.java:332)
E/StatusCheckThread(24997): 	at com.android.okhttp.internal.http.HttpURLConnectionImpl.getResponseCode(HttpURLConnectionImpl.java:500)
E/StatusCheckThread(24997): 	at com.mewozz.rfid.controller.StatusCheckThread$2.onFinish(StatusCheckThread.java:72)
E/StatusCheckThread(24997): 	at android.os.CountDownTimer$1.handleMessage(CountDownTimer.java:127)
E/StatusCheckThread(24997): 	at android.os.Handler.dispatchMessage(Handler.java:102)
E/StatusCheckThread(24997): 	at android.os.Looper.loop(Looper.java:135)
E/StatusCheckThread(24997): 	at com.mewozz.rfid.controller.StatusCheckThread.run(StatusCheckThread.java:101)
I/art     ( 3443): Background sticky concurrent mark sweep GC freed 582(431KB) AllocSpace objects, 32(512KB) LOS objects, 39% free, 1620KB/2MB, paused 5.727ms total 15.673ms
E/Auth    ( 3954): [GoogleAccountDataServiceImpl] getToken() -> NETWORK_ERROR. Account: <ELLIDED:72196448>, App: com.google.android.gms, Service: oauth2:https://www.googleapis.com/auth/games
E/Auth    ( 3954): efl: Error when calling server.
E/Auth    ( 3954): 	at efm.b(:com.google.android.gms:137)
E/Auth    ( 3954): 	at efm.a(:com.google.android.gms:119)
E/Auth    ( 3954): 	at edt.a(:com.google.android.gms:437)
E/Auth    ( 3954): 	at eds.a(:com.google.android.gms:31404)
E/Auth    ( 3954): 	at eds.a(:com.google.android.gms:297)
E/Auth    ( 3954): 	at flg.a(:com.google.android.gms:1189)
E/Auth    ( 3954): 	at flf.a(:com.google.android.gms:480)
E/Auth    ( 3954): 	at flf.a(:com.google.android.gms:185)
E/Auth    ( 3954): 	at eaa.a(:com.google.android.gms:370)
E/Auth    ( 3954): 	at eaa.a(:com.google.android.gms:225)
E/Auth    ( 3954): 	at eai.a(:com.google.android.gms:1438)
E/Auth    ( 3954): 	at eah.a(:com.google.android.gms:752)
E/Auth    ( 3954): 	at eah.e(:com.google.android.gms:463)
E/Auth    ( 3954): 	at eag.a(:com.google.android.gms:36)
E/Auth    ( 3954): 	at ecb.getAuthToken(:com.google.android.gms:195)
E/Auth    ( 3954): 	at android.accounts.AbstractAccountAuthenticator$Transport.getAuthToken(AbstractAccountAuthenticator.java:196)
E/Auth    ( 3954): 	at android.accounts.IAccountAuthenticator$Stub.onTransact(IAccountAuthenticator.java:113)
E/Auth    ( 3954): 	at android.os.Binder.transact(Binder.java:380)
E/Auth    ( 3954): 	at byl.onTransact(:com.google.android.gms:35)
E/Auth    ( 3954): 	at android.os.Binder.execTransact(Binder.java:446)
E/Auth    ( 3954): Caused by: java.net.SocketTimeoutException: failed to connect to android.clients.google.com/74.125.204.101 (port 443) after 30000ms
E/Auth    ( 3954): 	at libcore.io.IoBridge.connectErrno(IoBridge.java:169)
E/Auth    ( 3954): 	at libcore.io.IoBridge.connect(IoBridge.java:122)
E/Auth    ( 3954): 	at java.net.PlainSocketImpl.connect(PlainSocketImpl.java:183)
E/Auth    ( 3954): 	at java.net.PlainSocketImpl.connect(PlainSocketImpl.java:456)
E/Auth    ( 3954): 	at java.net.Socket.connect(Socket.java:882)
E/Auth    ( 3954): 	at com.android.okhttp.internal.Platform.connectSocket(Platform.java:174)
E/Auth    ( 3954): 	at com.android.okhttp.Connection.connect(Connection.java:152)
E/Auth    ( 3954): 	at com.android.okhttp.internal.http.HttpEngine.connect(HttpEngine.java:276)
E/Auth    ( 3954): 	at com.android.okhttp.internal.http.HttpEngine.sendRequest(HttpEngine.java:211)
E/Auth    ( 3954): 	at com.android.okhttp.internal.http.HttpURLConnectionImpl.execute(HttpURLConnectionImpl.java:382)
E/Auth    ( 3954): 	at com.android.okhttp.internal.http.HttpURLConnectionImpl.connect(HttpURLConnectionImpl.java:106)
E/Auth    ( 3954): 	at com.android.okhttp.internal.http.HttpURLConnectionImpl.getOutputStream(HttpURLConnectionImpl.java:217)
E/Auth    ( 3954): 	at com.android.okhttp.internal.http.DelegatingHttpsURLConnection.getOutputStream(DelegatingHttpsURLConnection.java:218)
E/Auth    ( 3954): 	at com.android.okhttp.internal.http.HttpsURLConnectionImpl.getOutputStream(HttpsURLConnectionImpl.java:25)
E/Auth    ( 3954): 	at sjs.a(:com.google.android.gms:949)
E/Auth    ( 3954): 	at sjs.a(:com.google.android.gms:767)
E/Auth    ( 3954): 	at fqt.a(:com.google.android.gms:2666)
E/Auth    ( 3954): 	at fqt.a(:com.google.android.gms:120)
E/Auth    ( 3954): 	at efm.b(:com.google.android.gms:27242)
E/Auth    ( 3954): 	... 19 more
W/Auth    ( 3954): [GetToken] GetToken failed with status code: NetworkError
W/GLSActivity( 3954): java.io.IOException: NetworkError
W/GLSActivity( 3954): 	at eai.a(:com.google.android.gms:1457)
W/GLSActivity( 3954): 	at eah.a(:com.google.android.gms:752)
W/GLSActivity( 3954): 	at eah.e(:com.google.android.gms:463)
W/GLSActivity( 3954): 	at eag.a(:com.google.android.gms:36)
W/GLSActivity( 3954): 	at ecb.getAuthToken(:com.google.android.gms:195)
W/GLSActivity( 3954): 	at android.accounts.AbstractAccountAuthenticator$Transport.getAuthToken(AbstractAccountAuthenticator.java:196)
W/GLSActivity( 3954): 	at android.accounts.IAccountAuthenticator$Stub.onTransact(IAccountAuthenticator.java:113)
W/GLSActivity( 3954): 	at android.os.Binder.transact(Binder.java:380)
W/GLSActivity( 3954): 	at byl.onTransact(:com.google.android.gms:35)
W/GLSActivity( 3954): 	at android.os.Binder.execTransact(Binder.java:446)
E/PlayEventLogger( 9376): Failed to get auth token: NetworkError
E/PlayEventLogger( 9376): java.io.IOException: NetworkError
E/PlayEventLogger( 9376): 	at android.accounts.AccountManager.convertErrorToException(AccountManager.java:2009)
E/PlayEventLogger( 9376): 	at android.accounts.AccountManager.access$400(AccountManager.java:144)
E/PlayEventLogger( 9376): 	at android.accounts.AccountManager$AmsTask$Response.onError(AccountManager.java:1867)
E/PlayEventLogger( 9376): 	at android.accounts.IAccountManagerResponse$Stub.onTransact(IAccountManagerResponse.java:69)
E/PlayEventLogger( 9376): 	at android.os.Binder.execTransact(Binder.java:446)
W/PlayEventLogger( 9376): deferring log upload because couldn't retrieve auth token
D/HeadsetStateMachine( 4529): Disconnected process message: 10, size: 0
I/art     ( 3443): Background sticky concurrent mark sweep GC freed 583(431KB) AllocSpace objects, 32(512KB) LOS objects, 39% free, 1620KB/2MB, paused 5.507ms total 14.897ms
D/HeadsetStateMachine( 4529): Disconnected process message: 10, size: 0
I/PlayCommon( 1543): [1444] com.google.android.play.a.g.e(220): Preparing logs for uploading
I/PlayCommon( 1543): [1444] com.google.android.play.a.g.a(329): Connecting to server: https://play.googleapis.com/play/log?format=raw&proto_v2=true
D/HeadsetStateMachine( 4529): Disconnected process message: 10, size: 0
I/art     ( 3443): Background sticky concurrent mark sweep GC freed 526(425KB) AllocSpace objects, 32(512KB) LOS objects, 39% free, 1620KB/2MB, paused 5.426ms total 14.913ms
I/PlayCommon( 1543): [1483] com.google.android.play.a.g.e(220): Preparing logs for uploading
I/PlayCommon( 1543): [1483] com.google.android.play.a.g.e(224): No file ready to send
D/HeadsetStateMachine( 4529): Disconnected process message: 10, size: 0
I/EntropyMixer(  877): Writing entropy...
E/StatusCheckThread(24997): java.net.SocketTimeoutException: failed to connect to /118.189.75.47 (port 80) after 3000ms
E/StatusCheckThread(24997): 	at libcore.io.IoBridge.connectErrno(IoBridge.java:169)
E/StatusCheckThread(24997): 	at libcore.io.IoBridge.connect(IoBridge.java:122)
E/StatusCheckThread(24997): 	at java.net.PlainSocketImpl.connect(PlainSocketImpl.java:183)
E/StatusCheckThread(24997): 	at java.net.PlainSocketImpl.connect(PlainSocketImpl.java:456)
E/StatusCheckThread(24997): 	at java.net.Socket.connect(Socket.java:882)
E/StatusCheckThread(24997): 	at com.android.okhttp.internal.Platform.connectSocket(Platform.java:174)
E/StatusCheckThread(24997): 	at com.android.okhttp.Connection.connect(Connection.java:152)
E/StatusCheckThread(24997): 	at com.android.okhttp.internal.http.HttpEngine.connect(HttpEngine.java:276)
E/StatusCheckThread(24997): 	at com.android.okhttp.internal.http.HttpEngine.sendRequest(HttpEngine.java:211)
E/StatusCheckThread(24997): 	at com.android.okhttp.internal.http.HttpURLConnectionImpl.execute(HttpURLConnectionImpl.java:382)
E/StatusCheckThread(24997): 	at com.android.okhttp.internal.http.HttpURLConnectionImpl.getResponse(HttpURLConnectionImpl.java:332)
E/StatusCheckThread(24997): 	at com.android.okhttp.internal.http.HttpURLConnectionImpl.getResponseCode(HttpURLConnectionImpl.java:500)
E/StatusCheckThread(24997): 	at com.mewozz.rfid.controller.StatusCheckThread$2.onFinish(StatusCheckThread.java:72)
E/StatusCheckThread(24997): 	at android.os.CountDownTimer$1.handleMessage(CountDownTimer.java:127)
E/StatusCheckThread(24997): 	at android.os.Handler.dispatchMessage(Handler.java:102)
E/StatusCheckThread(24997): 	at android.os.Looper.loop(Looper.java:135)
E/StatusCheckThread(24997): 	at com.mewozz.rfid.controller.StatusCheckThread.run(StatusCheckThread.java:101)
D/HeadsetStateMachine( 4529): Disconnected process message: 10, size: 0
I/art     ( 3443): Background sticky concurrent mark sweep GC freed 583(431KB) AllocSpace objects, 32(512KB) LOS objects, 39% free, 1620KB/2MB, paused 5.779ms total 15.618ms
E/PlayCommon( 1543): [1444] com.google.android.play.a.g.a(359): Failed to connect to server: java.net.SocketTimeoutException: failed to connect to play.googleapis.com/216.58.200.42 (port 443) after 40000ms
D/HeadsetStateMachine( 4529): Disconnected process message: 10, size: 0
D/HeadsetStateMachine( 4529): Disconnected process message: 10, size: 0
I/LatinIME:LogUtils( 3214): Dictionary info: dictionary = UserHistoryDictionary.en_US ; version = 1495468286 ; date = 1496926799
E/StatsUploadJobService( 4761): error getting auth token
W/StatsUploadJobService( 4761): no auth token!
E/StatsUploadJobService( 4761): Could not upload stats checkin to cyanogen server
D/HeadsetStateMachine( 4529): Disconnected process message: 10, size: 0
I/art     ( 3443): Background sticky concurrent mark sweep GC freed 582(431KB) AllocSpace objects, 32(512KB) LOS objects, 39% free, 1620KB/2MB, paused 5.813ms total 15.842ms
I/PlayCommon( 1543): [1483] com.google.android.play.a.g.e(220): Preparing logs for uploading
I/PlayCommon( 1543): [1483] com.google.android.play.a.g.e(224): No file ready to send
E/Auth    ( 3954): [GoogleAccountDataServiceImpl] getToken() -> NETWORK_ERROR. Account: <ELLIDED:72196448>, App: com.google.android.gms, Service: oauth2:https://www.googleapis.com/auth/games
E/Auth    ( 3954): efl: Error when calling server.
E/Auth    ( 3954): 	at efm.b(:com.google.android.gms:137)
E/Auth    ( 3954): 	at efm.a(:com.google.android.gms:119)
E/Auth    ( 3954): 	at edt.a(:com.google.android.gms:437)
E/Auth    ( 3954): 	at eds.a(:com.google.android.gms:31404)
E/Auth    ( 3954): 	at eds.a(:com.google.android.gms:297)
E/Auth    ( 3954): 	at flg.a(:com.google.android.gms:1189)
E/Auth    ( 3954): 	at flf.a(:com.google.android.gms:480)
E/Auth    ( 3954): 	at flf.a(:com.google.android.gms:185)
E/Auth    ( 3954): 	at eaa.a(:com.google.android.gms:370)
E/Auth    ( 3954): 	at eaa.a(:com.google.android.gms:225)
E/Auth    ( 3954): 	at eai.a(:com.google.android.gms:1438)
E/Auth    ( 3954): 	at eah.a(:com.google.android.gms:752)
E/Auth    ( 3954): 	at eah.e(:com.google.android.gms:463)
E/Auth    ( 3954): 	at eag.a(:com.google.android.gms:36)
E/Auth    ( 3954): 	at ecb.getAuthToken(:com.google.android.gms:195)
E/Auth    ( 3954): 	at android.accounts.AbstractAccountAuthenticator$Transport.getAuthToken(AbstractAccountAuthenticator.java:196)
E/Auth    ( 3954): 	at android.accounts.IAccountAuthenticator$Stub.onTransact(IAccountAuthenticator.java:113)
E/Auth    ( 3954): 	at android.os.Binder.transact(Binder.java:380)
E/Auth    ( 3954): 	at byl.onTransact(:com.google.android.gms:35)
E/Auth    ( 3954): 	at android.os.Binder.execTransact(Binder.java:446)
E/Auth    ( 3954): Caused by: java.net.SocketTimeoutException: failed to connect to android.clients.google.com/74.125.204.138 (port 443) after 30000ms
E/Auth    ( 3954): 	at libcore.io.IoBridge.connectErrno(IoBridge.java:169)
E/Auth    ( 3954): 	at libcore.io.IoBridge.connect(IoBridge.java:122)
E/Auth    ( 3954): 	at java.net.PlainSocketImpl.connect(PlainSocketImpl.java:183)
E/Auth    ( 3954): 	at java.net.PlainSocketImpl.connect(PlainSocketImpl.java:456)
E/Auth    ( 3954): 	at java.net.Socket.connect(Socket.java:882)
E/Auth    ( 3954): 	at com.android.okhttp.internal.Platform.connectSocket(Platform.java:174)
E/Auth    ( 3954): 	at com.android.okhttp.Connection.connect(Connection.java:152)
E/Auth    ( 3954): 	at com.android.okhttp.internal.http.HttpEngine.connect(HttpEngine.java:276)
E/Auth    ( 3954): 	at com.android.okhttp.internal.http.HttpEngine.sendRequest(HttpEngine.java:211)
E/Auth    ( 3954): 	at com.android.okhttp.internal.http.HttpURLConnectionImpl.execute(HttpURLConnectionImpl.java:382)
E/Auth    ( 3954): 	at com.android.okhttp.internal.http.HttpURLConnectionImpl.connect(HttpURLConnectionImpl.java:106)
E/Auth    ( 3954): 	at com.android.okhttp.internal.http.HttpURLConnectionImpl.getOutputStream(HttpURLConnectionImpl.java:217)
E/Auth    ( 3954): 	at com.android.okhttp.internal.http.DelegatingHttpsURLConnection.getOutputStream(DelegatingHttpsURLConnection.java:218)
E/Auth    ( 3954): 	at com.android.okhttp.internal.http.HttpsURLConnectionImpl.getOutputStream(HttpsURLConnectionImpl.java:25)
E/Auth    ( 3954): 	at sjs.a(:com.google.android.gms:949)
E/Auth    ( 3954): 	at sjs.a(:com.google.android.gms:767)
E/Auth    ( 3954): 	at fqt.a(:com.google.android.gms:2666)
E/Auth    ( 3954): 	at fqt.a(:com.google.android.gms:120)
E/Auth    ( 3954): 	at efm.b(:com.google.android.gms:27242)
E/Auth    ( 3954): 	... 19 more
W/Auth    ( 3954): [GetToken] GetToken failed with status code: NetworkError
W/GLSActivity( 3954): java.io.IOException: NetworkError
W/GLSActivity( 3954): 	at eai.a(:com.google.android.gms:1457)
W/GLSActivity( 3954): 	at eah.a(:com.google.android.gms:752)
W/GLSActivity( 3954): 	at eah.e(:com.google.android.gms:463)
W/GLSActivity( 3954): 	at eag.a(:com.google.android.gms:36)
W/GLSActivity( 3954): 	at ecb.getAuthToken(:com.google.android.gms:195)
W/GLSActivity( 3954): 	at android.accounts.AbstractAccountAuthenticator$Transport.getAuthToken(AbstractAccountAuthenticator.java:196)
W/GLSActivity( 3954): 	at android.accounts.IAccountAuthenticator$Stub.onTransact(IAccountAuthenticator.java:113)
W/GLSActivity( 3954): 	at android.os.Binder.transact(Binder.java:380)
W/GLSActivity( 3954): 	at byl.onTransact(:com.google.android.gms:35)
W/GLSActivity( 3954): 	at android.os.Binder.execTransact(Binder.java:446)
E/PlayEventLogger( 9376): Failed to get auth token: NetworkError
E/PlayEventLogger( 9376): java.io.IOException: NetworkError
E/PlayEventLogger( 9376): 	at android.accounts.AccountManager.convertErrorToException(AccountManager.java:2009)
E/PlayEventLogger( 9376): 	at android.accounts.AccountManager.access$400(AccountManager.java:144)
E/PlayEventLogger( 9376): 	at android.accounts.AccountManager$AmsTask$Response.onError(AccountManager.java:1867)
E/PlayEventLogger( 9376): 	at android.accounts.IAccountManagerResponse$Stub.onTransact(IAccountManagerResponse.java:69)
E/PlayEventLogger( 9376): 	at android.os.Binder.execTransact(Binder.java:446)
W/PlayEventLogger( 9376): deferring log upload because couldn't retrieve auth token
D/HeadsetStateMachine( 4529): Disconnected process message: 10, size: 0
E/Auth    ( 3954): [GoogleAccountDataServiceImpl] getToken() -> NETWORK_ERROR. Account: <ELLIDED:72196448>, App: com.google.android.gms, Service: oauth2:https://www.googleapis.com/auth/contextcontroller
E/Auth    ( 3954): efl: Error when calling server.
E/Auth    ( 3954): 	at efm.b(:com.google.android.gms:137)
E/Auth    ( 3954): 	at efm.a(:com.google.android.gms:119)
E/Auth    ( 3954): 	at edt.a(:com.google.android.gms:437)
E/Auth    ( 3954): 	at eds.a(:com.google.android.gms:31404)
E/Auth    ( 3954): 	at eds.a(:com.google.android.gms:297)
E/Auth    ( 3954): 	at flg.a(:com.google.android.gms:1189)
E/Auth    ( 3954): 	at flf.a(:com.google.android.gms:480)
E/Auth    ( 3954): 	at flf.a(:com.google.android.gms:185)
E/Auth    ( 3954): 	at eaa.a(:com.google.android.gms:370)
E/Auth    ( 3954): 	at eaa.a(:com.google.android.gms:225)
E/Auth    ( 3954): 	at eai.a(:com.google.android.gms:1438)
E/Auth    ( 3954): 	at eah.a(:com.google.android.gms:752)
E/Auth    ( 3954): 	at eah.e(:com.google.android.gms:463)
E/Auth    ( 3954): 	at eah.d(:com.google.android.gms:389)
E/Auth    ( 3954): 	at eaf.b(:com.google.android.gms:549)
E/Auth    ( 3954): 	at lhr.a(:com.google.android.gms:80)
E/Auth    ( 3954): 	at lgj.a(:com.google.android.gms:53)
E/Auth    ( 3954): 	at clx.a(:com.google.android.gms:7093)
E/Auth    ( 3954): 	at cgy.run(:com.google.android.gms:55)
E/Auth    ( 3954): 	at cgw.a(:com.google.android.gms:248)
E/Auth    ( 3954): 	at cgw.handleMessage(:com.google.android.gms:241)
E/Auth    ( 3954): 	at lmi.run(:com.google.android.gms:142)
E/Auth    ( 3954): 	at lmq.run(:com.google.android.gms:450)
E/Auth    ( 3954): 	at java.util.concurrent.ThreadPoolExecutor.runWorker(ThreadPoolExecutor.java:1112)
E/Auth    ( 3954): 	at java.util.concurrent.ThreadPoolExecutor$Worker.run(ThreadPoolExecutor.java:587)
E/Auth    ( 3954): 	at lra.run(:com.google.android.gms:17)
E/Auth    ( 3954): 	at java.lang.Thread.run(Thread.java:818)
E/Auth    ( 3954): Caused by: java.net.SocketTimeoutException: failed to connect to android.clients.google.com/74.125.204.138 (port 443) after 30000ms
E/Auth    ( 3954): 	at libcore.io.IoBridge.connectErrno(IoBridge.java:169)
E/Auth    ( 3954): 	at libcore.io.IoBridge.connect(IoBridge.java:122)
E/Auth    ( 3954): 	at java.net.PlainSocketImpl.connect(PlainSocketImpl.java:183)
E/Auth    ( 3954): 	at java.net.PlainSocketImpl.connect(PlainSocketImpl.java:456)
E/Auth    ( 3954): 	at java.net.Socket.connect(Socket.java:882)
E/Auth    ( 3954): 	at com.android.okhttp.internal.Platform.connectSocket(Platform.java:174)
E/Auth    ( 3954): 	at com.android.okhttp.Connection.connect(Connection.java:152)
E/Auth    ( 3954): 	at com.android.okhttp.internal.http.HttpEngine.connect(HttpEngine.java:276)
E/Auth    ( 3954): 	at com.android.okhttp.internal.http.HttpEngine.sendRequest(HttpEngine.java:211)
E/Auth    ( 3954): 	at com.android.okhttp.internal.http.HttpURLConnectionImpl.execute(HttpURLConnectionImpl.java:382)
E/Auth    ( 3954): 	at com.android.okhttp.internal.http.HttpURLConnectionImpl.connect(HttpURLConnectionImpl.java:106)
E/Auth    ( 3954): 	at com.android.okhttp.internal.http.HttpURLConnectionImpl.getOutputStream(HttpURLConnectionImpl.java:217)
E/Auth    ( 3954): 	at com.android.okhttp.internal.http.DelegatingHttpsURLConnection.getOutputStream(DelegatingHttpsURLConnection.java:218)
E/Auth    ( 3954): 	at com.android.okhttp.internal.http.HttpsURLConnectionImpl.getOutputStream(HttpsURLConnectionImpl.java:25)
E/Auth    ( 3954): 	at sjs.a(:com.google.android.gms:949)
E/Auth    ( 3954): 	at sjs.a(:com.google.android.gms:767)
E/Auth    ( 3954): 	at fqt.a(:com.google.android.gms:2666)
E/Auth    ( 3954): 	at fqt.a(:com.google.android.gms:120)
E/Auth    ( 3954): 	at efm.b(:com.google.android.gms:27242)
E/Auth    ( 3954): 	... 26 more
W/Auth    ( 3954): [GetToken] GetToken failed with status code: NetworkError
W/AuthSessionAuthenticato( 3954): Auth related exception is being ignored: NetworkError
E/ctxmgr  ( 3954): [BaseServerTask]Server task (WriteInterestRecordTask) got error statusCode=-1.
E/ctxmgr  ( 3954): com.android.volley.VolleyError: Unable to obtain auth token - is the device online?
E/ctxmgr  ( 3954): 	at clx.a(:com.google.android.gms:7113)
E/ctxmgr  ( 3954): 	at cgy.run(:com.google.android.gms:55)
E/ctxmgr  ( 3954): 	at cgw.a(:com.google.android.gms:248)
E/ctxmgr  ( 3954): 	at cgw.handleMessage(:com.google.android.gms:241)
E/ctxmgr  ( 3954): 	at lmi.run(:com.google.android.gms:142)
E/ctxmgr  ( 3954): 	at lmq.run(:com.google.android.gms:450)
E/ctxmgr  ( 3954): 	at java.util.concurrent.ThreadPoolExecutor.runWorker(ThreadPoolExecutor.java:1112)
E/ctxmgr  ( 3954): 	at java.util.concurrent.ThreadPoolExecutor$Worker.run(ThreadPoolExecutor.java:587)
E/ctxmgr  ( 3954): 	at lra.run(:com.google.android.gms:17)
E/ctxmgr  ( 3954): 	at java.lang.Thread.run(Thread.java:818)
W/ctxmgr  ( 3954): [WorkManager]Long workInfo: pkg=com.google.android.gms, lbl=SyncServerInterestRecordsOperation#writeInterestRecords, start=2017-06-08 20:59:09.790+0800, stop=2017-06-08 21:02:10.476+0800, durtn=180686ms
E/ctxmgr  ( 3954): [SyncServerInterestRecordsOperation]Failed WriteInterestRecord: network status=-1
E/StatusCheckThread(24997): java.net.SocketTimeoutException: failed to connect to /118.189.75.47 (port 80) after 3000ms
E/StatusCheckThread(24997): 	at libcore.io.IoBridge.connectErrno(IoBridge.java:169)
E/StatusCheckThread(24997): 	at libcore.io.IoBridge.connect(IoBridge.java:122)
E/StatusCheckThread(24997): 	at java.net.PlainSocketImpl.connect(PlainSocketImpl.java:183)
E/StatusCheckThread(24997): 	at java.net.PlainSocketImpl.connect(PlainSocketImpl.java:456)
E/StatusCheckThread(24997): 	at java.net.Socket.connect(Socket.java:882)
E/StatusCheckThread(24997): 	at com.android.okhttp.internal.Platform.connectSocket(Platform.java:174)
E/StatusCheckThread(24997): 	at com.android.okhttp.Connection.connect(Connection.java:152)
E/StatusCheckThread(24997): 	at com.android.okhttp.internal.http.HttpEngine.connect(HttpEngine.java:276)
E/StatusCheckThread(24997): 	at com.android.okhttp.internal.http.HttpEngine.sendRequest(HttpEngine.java:211)
E/StatusCheckThread(24997): 	at com.android.okhttp.internal.http.HttpURLConnectionImpl.execute(HttpURLConnectionImpl.java:382)
E/StatusCheckThread(24997): 	at com.android.okhttp.internal.http.HttpURLConnectionImpl.getResponse(HttpURLConnectionImpl.java:332)
E/StatusCheckThread(24997): 	at com.android.okhttp.internal.http.HttpURLConnectionImpl.getResponseCode(HttpURLConnectionImpl.java:500)
E/StatusCheckThread(24997): 	at com.mewozz.rfid.controller.StatusCheckThread$2.onFinish(StatusCheckThread.java:72)
E/StatusCheckThread(24997): 	at android.os.CountDownTimer$1.handleMessage(CountDownTimer.java:127)
E/StatusCheckThread(24997): 	at android.os.Handler.dispatchMessage(Handler.java:102)
E/StatusCheckThread(24997): 	at android.os.Looper.loop(Looper.java:135)
E/StatusCheckThread(24997): 	at com.mewozz.rfid.controller.StatusCheckThread.run(StatusCheckThread.java:101)
D/HeadsetStateMachine( 4529): Disconnected process message: 10, size: 0
I/PlayCommon( 1543): [1444] com.google.android.play.a.g.e(220): Preparing logs for uploading
I/PlayCommon( 1543): [1444] com.google.android.play.a.g.a(329): Connecting to server: https://play.googleapis.com/play/log?format=raw&proto_v2=true
W/ActivityManager(  877): getRecentTasks: caller 10090 does not hold REAL_GET_TASKS; limiting output
W/Settings( 7635): Setting auto_time has moved from android.provider.Settings.System to android.provider.Settings.Global, returning read-only value.
D/HeadsetStateMachine( 4529): Disconnected process message: 10, size: 0
E/StatusCheckThread(24997): java.net.SocketTimeoutException: failed to connect to /118.189.75.47 (port 80) after 3000ms
E/StatusCheckThread(24997): 	at libcore.io.IoBridge.connectErrno(IoBridge.java:169)
E/StatusCheckThread(24997): 	at libcore.io.IoBridge.connect(IoBridge.java:122)
E/StatusCheckThread(24997): 	at java.net.PlainSocketImpl.connect(PlainSocketImpl.java:183)
E/StatusCheckThread(24997): 	at java.net.PlainSocketImpl.connect(PlainSocketImpl.java:456)
E/StatusCheckThread(24997): 	at java.net.Socket.connect(Socket.java:882)
